Component: ARM Compiler 5.06 update 1 (build 61) Tool: armlink [4d35a8]

==============================================================================

Section Cross References

    startup_stm32f103xb.o(RESET) refers to startup_stm32f103xb.o(STACK) for __initial_sp
    startup_stm32f103xb.o(RESET) refers to startup_stm32f103xb.o(.text) for Reset_Handler
    startup_stm32f103xb.o(RESET) refers to stm32f1xx_it.o(i.NMI_Handler) for NMI_Handler
    startup_stm32f103xb.o(RESET) refers to stm32f1xx_it.o(i.HardFault_Handler) for HardFault_Handler
    startup_stm32f103xb.o(RESET) refers to stm32f1xx_it.o(i.MemManage_Handler) for MemManage_Handler
    startup_stm32f103xb.o(RESET) refers to stm32f1xx_it.o(i.BusFault_Handler) for BusFault_Handler
    startup_stm32f103xb.o(RESET) refers to stm32f1xx_it.o(i.UsageFault_Handler) for UsageFault_Handler
    startup_stm32f103xb.o(RESET) refers to stm32f1xx_it.o(i.SVC_Handler) for SVC_Handler
    startup_stm32f103xb.o(RESET) refers to stm32f1xx_it.o(i.DebugMon_Handler) for DebugMon_Handler
    startup_stm32f103xb.o(RESET) refers to stm32f1xx_it.o(i.PendSV_Handler) for PendSV_Handler
    startup_stm32f103xb.o(RESET) refers to stm32f1xx_it.o(i.SysTick_Handler) for SysTick_Handler
    startup_stm32f103xb.o(RESET) refers to stm32f1xx_it.o(i.USB_LP_CAN1_RX0_IRQHandler) for USB_LP_CAN1_RX0_IRQHandler
    startup_stm32f103xb.o(RESET) refers to stm32f1xx_it.o(i.TIM1_UP_IRQHandler) for TIM1_UP_IRQHandler
    startup_stm32f103xb.o(.text) refers to system_stm32f1xx.o(i.SystemInit) for SystemInit
    startup_stm32f103xb.o(.text) refers to entry.o(.ARM.Collect$$$$00000000) for __main
    main.o(i.MX_GPIO_Init) refers to stm32f1xx_hal_gpio.o(i.HAL_GPIO_WritePin) for HAL_GPIO_WritePin
    main.o(i.MX_GPIO_Init) refers to stm32f1xx_hal_gpio.o(i.HAL_GPIO_Init) for HAL_GPIO_Init
    main.o(i.MX_SPI2_Init) refers to stm32f1xx_hal_spi.o(i.HAL_SPI_Init) for HAL_SPI_Init
    main.o(i.MX_SPI2_Init) refers to main.o(i.Error_Handler) for Error_Handler
    main.o(i.MX_SPI2_Init) refers to main.o(.bss) for hspi2
    main.o(i.MX_TIM1_Init) refers to memseta.o(.text) for __aeabi_memclr4
    main.o(i.MX_TIM1_Init) refers to stm32f1xx_hal_tim.o(i.HAL_TIM_Base_Init) for HAL_TIM_Base_Init
    main.o(i.MX_TIM1_Init) refers to main.o(i.Error_Handler) for Error_Handler
    main.o(i.MX_TIM1_Init) refers to stm32f1xx_hal_tim.o(i.HAL_TIM_ConfigClockSource) for HAL_TIM_ConfigClockSource
    main.o(i.MX_TIM1_Init) refers to stm32f1xx_hal_tim.o(i.HAL_TIM_PWM_Init) for HAL_TIM_PWM_Init
    main.o(i.MX_TIM1_Init) refers to stm32f1xx_hal_tim_ex.o(i.HAL_TIMEx_MasterConfigSynchronization) for HAL_TIMEx_MasterConfigSynchronization
    main.o(i.MX_TIM1_Init) refers to stm32f1xx_hal_tim.o(i.HAL_TIM_PWM_ConfigChannel) for HAL_TIM_PWM_ConfigChannel
    main.o(i.MX_TIM1_Init) refers to stm32f1xx_hal_tim_ex.o(i.HAL_TIMEx_ConfigBreakDeadTime) for HAL_TIMEx_ConfigBreakDeadTime
    main.o(i.MX_TIM1_Init) refers to stm32f1xx_hal_msp.o(i.HAL_TIM_MspPostInit) for HAL_TIM_MspPostInit
    main.o(i.MX_TIM1_Init) refers to main.o(.bss) for htim1
    main.o(i.MX_TIM3_Init) refers to memseta.o(.text) for __aeabi_memclr4
    main.o(i.MX_TIM3_Init) refers to stm32f1xx_hal_tim.o(i.HAL_TIM_Base_Init) for HAL_TIM_Base_Init
    main.o(i.MX_TIM3_Init) refers to main.o(i.Error_Handler) for Error_Handler
    main.o(i.MX_TIM3_Init) refers to stm32f1xx_hal_tim.o(i.HAL_TIM_ConfigClockSource) for HAL_TIM_ConfigClockSource
    main.o(i.MX_TIM3_Init) refers to stm32f1xx_hal_tim.o(i.HAL_TIM_PWM_Init) for HAL_TIM_PWM_Init
    main.o(i.MX_TIM3_Init) refers to stm32f1xx_hal_tim_ex.o(i.HAL_TIMEx_MasterConfigSynchronization) for HAL_TIMEx_MasterConfigSynchronization
    main.o(i.MX_TIM3_Init) refers to stm32f1xx_hal_tim.o(i.HAL_TIM_PWM_ConfigChannel) for HAL_TIM_PWM_ConfigChannel
    main.o(i.MX_TIM3_Init) refers to stm32f1xx_hal_msp.o(i.HAL_TIM_MspPostInit) for HAL_TIM_MspPostInit
    main.o(i.MX_TIM3_Init) refers to main.o(.bss) for htim3
    main.o(i.MX_TIM4_Init) refers to memseta.o(.text) for __aeabi_memclr4
    main.o(i.MX_TIM4_Init) refers to stm32f1xx_hal_tim.o(i.HAL_TIM_Base_Init) for HAL_TIM_Base_Init
    main.o(i.MX_TIM4_Init) refers to main.o(i.Error_Handler) for Error_Handler
    main.o(i.MX_TIM4_Init) refers to stm32f1xx_hal_tim.o(i.HAL_TIM_ConfigClockSource) for HAL_TIM_ConfigClockSource
    main.o(i.MX_TIM4_Init) refers to stm32f1xx_hal_tim.o(i.HAL_TIM_PWM_Init) for HAL_TIM_PWM_Init
    main.o(i.MX_TIM4_Init) refers to stm32f1xx_hal_tim_ex.o(i.HAL_TIMEx_MasterConfigSynchronization) for HAL_TIMEx_MasterConfigSynchronization
    main.o(i.MX_TIM4_Init) refers to stm32f1xx_hal_tim.o(i.HAL_TIM_PWM_ConfigChannel) for HAL_TIM_PWM_ConfigChannel
    main.o(i.MX_TIM4_Init) refers to stm32f1xx_hal_msp.o(i.HAL_TIM_MspPostInit) for HAL_TIM_MspPostInit
    main.o(i.MX_TIM4_Init) refers to main.o(.bss) for htim4
    main.o(i.MX_USART3_UART_Init) refers to stm32f1xx_hal_uart.o(i.HAL_UART_Init) for HAL_UART_Init
[...]
    TIM_ITRx_SetConfig                       0x0800381d   Thumb Code    18  stm32f1xx_hal_tim.o(i.TIM_ITRx_SetConfig)
    i.TIM_OC1_SetConfig                      0x08003830   Section        0  stm32f1xx_hal_tim.o(i.TIM_OC1_SetConfig)
    TIM_OC1_SetConfig                        0x08003831   Thumb Code    90  stm32f1xx_hal_tim.o(i.TIM_OC1_SetConfig)
    i.TIM_OC2_SetConfig                      0x08003890   Section        0  stm32f1xx_hal_tim.o(i.TIM_OC2_SetConfig)
    i.TIM_OC3_SetConfig                      0x080038f8   Section        0  stm32f1xx_hal_tim.o(i.TIM_OC3_SetConfig)
    TIM_OC3_SetConfig                        0x080038f9   Thumb Code    98  stm32f1xx_hal_tim.o(i.TIM_OC3_SetConfig)
    i.TIM_OC4_SetConfig                      0x08003960   Section        0  stm32f1xx_hal_tim.o(i.TIM_OC4_SetConfig)
    TIM_OC4_SetConfig                        0x08003961   Thumb Code    68  stm32f1xx_hal_tim.o(i.TIM_OC4_SetConfig)
    i.TIM_TI1_ConfigInputStage               0x080039a8   Section        0  stm32f1xx_hal_tim.o(i.TIM_TI1_ConfigInputStage)
    TIM_TI1_ConfigInputStage                 0x080039a9   Thumb Code    38  stm32f1xx_hal_tim.o(i.TIM_TI1_ConfigInputStage)
    i.TIM_TI2_ConfigInputStage               0x080039ce   Section        0  stm32f1xx_hal_tim.o(i.TIM_TI2_ConfigInputStage)
    TIM_TI2_ConfigInputStage                 0x080039cf   Thumb Code    40  stm32f1xx_hal_tim.o(i.TIM_TI2_ConfigInputStage)
    i.UART_SetConfig                         0x080039f8   Section        0  stm32f1xx_hal_uart.o(i.UART_SetConfig)
    UART_SetConfig                           0x080039f9   Thumb Code   248  stm32f1xx_hal_uart.o(i.UART_SetConfig)
    i.USBD_CUSTOM_HID_DataIn                 0x08003af4   Section        0  usbd_customhid.o(i.USBD_CUSTOM_HID_DataIn)
    USBD_CUSTOM_HID_DataIn                   0x08003af5   Thumb Code    14  usbd_customhid.o(i.USBD_CUSTOM_HID_DataIn)
    i.USBD_CUSTOM_HID_DataOut                0x08003b02   Section        0  usbd_customhid.o(i.USBD_CUSTOM_HID_DataOut)
    USBD_CUSTOM_HID_DataOut                  0x08003b03   Thumb Code    38  usbd_customhid.o(i.USBD_CUSTOM_HID_DataOut)
    i.USBD_CUSTOM_HID_DeInit                 0x08003b28   Section        0  usbd_customhid.o(i.USBD_CUSTOM_HID_DeInit)
    USBD_CUSTOM_HID_DeInit                   0x08003b29   Thumb Code    64  usbd_customhid.o(i.USBD_CUSTOM_HID_DeInit)
    i.USBD_CUSTOM_HID_EP0_RxReady            0x08003b68   Section        0  usbd_customhid.o(i.USBD_CUSTOM_HID_EP0_RxReady)
    USBD_CUSTOM_HID_EP0_RxReady              0x08003b69   Thumb Code    34  usbd_customhid.o(i.USBD_CUSTOM_HID_EP0_RxReady)
    i.USBD_CUSTOM_HID_GetDeviceQualifierDesc 0x08003b8c   Section        0  usbd_customhid.o(i.USBD_CUSTOM_HID_GetDeviceQualifierDesc)
    USBD_CUSTOM_HID_GetDeviceQualifierDesc   0x08003b8d   Thumb Code    10  usbd_customhid.o(i.USBD_CUSTOM_HID_GetDeviceQualifierDesc)
    i.USBD_CUSTOM_HID_GetFSCfgDesc           0x08003b9c   Section        0  usbd_customhid.o(i.USBD_CUSTOM_HID_GetFSCfgDesc)
    USBD_CUSTOM_HID_GetFSCfgDesc             0x08003b9d   Thumb Code    10  usbd_customhid.o(i.USBD_CUSTOM_HID_GetFSCfgDesc)
    i.USBD_CUSTOM_HID_GetHSCfgDesc           0x08003bac   Section        0  usbd_customhid.o(i.USBD_CUSTOM_HID_GetHSCfgDesc)
    USBD_CUSTOM_HID_GetHSCfgDesc             0x08003bad   Thumb Code    10  usbd_customhid.o(i.USBD_CUSTOM_HID_GetHSCfgDesc)
    i.USBD_CUSTOM_HID_GetOtherSpeedCfgDesc   0x08003bbc   Section        0  usbd_customhid.o(i.USBD_CUSTOM_HID_GetOtherSpeedCfgDesc)
    USBD_CUSTOM_HID_GetOtherSpeedCfgDesc     0x08003bbd   Thumb Code    10  usbd_customhid.o(i.USBD_CUSTOM_HID_GetOtherSpeedCfgDesc)
    i.USBD_CUSTOM_HID_Init                   0x08003bcc   Section        0  usbd_customhid.o(i.USBD_CUSTOM_HID_Init)
    USBD_CUSTOM_HID_Init                     0x08003bcd   Thumb Code    98  usbd_customhid.o(i.USBD_CUSTOM_HID_Init)
    i.USBD_CUSTOM_HID_RegisterInterface      0x08003c2e   Section        0  usbd_customhid.o(i.USBD_CUSTOM_HID_RegisterInterface)
    i.USBD_CUSTOM_HID_Setup                  0x08003c3c   Section        0  usbd_customhid.o(i.USBD_CUSTOM_HID_Setup)
    USBD_CUSTOM_HID_Setup                    0x08003c3d   Thumb Code   366  usbd_customhid.o(i.USBD_CUSTOM_HID_Setup)
    i.USBD_ClrClassConfig                    0x08003db0   Section        0  usbd_core.o(i.USBD_ClrClassConfig)
    i.USBD_ClrFeature                        0x08003dc6   Section        0  usbd_ctlreq.o(i.USBD_ClrFeature)
    USBD_ClrFeature                          0x08003dc7   Thumb Code    62  usbd_ctlreq.o(i.USBD_ClrFeature)
    i.USBD_CtlContinueRx                     0x08003e04   Section        0  usbd_ioreq.o(i.USBD_CtlContinueRx)
    i.USBD_CtlContinueSendData               0x08003e1c   Section        0  usbd_ioreq.o(i.USBD_CtlContinueSendData)
    i.USBD_CtlError                          0x08003e34   Section        0  usbd_ctlreq.o(i.USBD_CtlError)
    i.USBD_CtlPrepareRx                      0x08003e4c   Section        0  usbd_ioreq.o(i.USBD_CtlPrepareRx)
    i.USBD_CtlReceiveStatus                  0x08003e74   Section        0  usbd_ioreq.o(i.USBD_CtlReceiveStatus)
    i.USBD_CtlSendData                       0x08003e8e   Section        0  usbd_ioreq.o(i.USBD_CtlSendData)
    i.USBD_CtlSendStatus                     0x08003eb0   Section        0  usbd_ioreq.o(i.USBD_CtlSendStatus)
    i.USBD_FS_ConfigStrDescriptor            0x08003ecc   Section        0  usbd_desc.o(i.USBD_FS_ConfigStrDescriptor)
    i.USBD_FS_DeviceDescriptor               0x08003f08   Section        0  usbd_desc.o(i.USBD_FS_DeviceDescriptor)
    i.USBD_FS_InterfaceStrDescriptor         0x08003f18   Section        0  usbd_desc.o(i.USBD_FS_InterfaceStrDescriptor)
    i.USBD_FS_LangIDStrDescriptor            0x08003f50   Section        0  usbd_desc.o(i.USBD_FS_LangIDStrDescriptor)
    i.USBD_FS_ManufacturerStrDescriptor      0x08003f60   Section        0  usbd_desc.o(i.USBD_FS_ManufacturerStrDescriptor)
    i.USBD_FS_ProductStrDescriptor           0x08003f88   Section        0  usbd_desc.o(i.USBD_FS_ProductStrDescriptor)
    i.USBD_FS_SerialStrDescriptor            0x08003fc0   Section        0  usbd_desc.o(i.USBD_FS_SerialStrDescriptor)
    i.USBD_GetConfig                         0x08003fd8   Section        0  usbd_ctlreq.o(i.USBD_GetConfig)
    USBD_GetConfig                           0x08003fd9   Thumb Code    86  usbd_ctlreq.o(i.USBD_GetConfig)
    i.USBD_GetDescriptor                     0x0800402e   Section        0  usbd_ctlreq.o(i.USBD_GetDescriptor)
    USBD_GetDescriptor                       0x0800402f   Thumb Code   500  usbd_ctlreq.o(i.USBD_GetDescriptor)
    i.USBD_GetLen                            0x08004222   Section        0  usbd_ctlreq.o(i.USBD_GetLen)
    USBD_GetLen                              0x08004223   Thumb Code    20  usbd_ctlreq.o(i.USBD_GetLen)
    i.USBD_GetStatus                         0x08004236   Section        0  usbd_ctlreq.o(i.USBD_GetStatus)
    USBD_GetStatus                           0x08004237   Thumb Code    90  usbd_ctlreq.o(i.USBD_GetStatus)
    i.USBD_GetString                         0x08004290   Section        0  usbd_ctlreq.o(i.USBD_GetString)
    i.USBD_Get_USB_Status                    0x080042e2   Section        0  usbd_conf.o(i.USBD_Get_USB_Status)
    USBD_Get_USB_Status                      0x080042e3   Thumb Code    44  usbd_conf.o(i.USBD_Get_USB_Status)
    i.USBD_Init                              0x0800430e   Section        0  usbd_core.o(i.USBD_Init)
    i.USBD_LL_ClearStallEP                   0x08004340   Section        0  usbd_conf.o(i.USBD_LL_ClearStallEP)
    i.USBD_LL_CloseEP                        0x08004366   Section        0  usbd_conf.o(i.USBD_LL_CloseEP)
    i.USBD_LL_DataInStage                    0x0800438c   Section        0  usbd_core.o(i.USBD_LL_DataInStage)
    i.USBD_LL_DataOutStage                   0x0800448c   Section        0  usbd_core.o(i.USBD_LL_DataOutStage)
    i.USBD_LL_Init                           0x08004534   Section        0  usbd_conf.o(i.USBD_LL_Init)
    i.USBD_LL_IsStallEP                      0x080045a8   Section        0  usbd_conf.o(i.USBD_LL_IsStallEP)
    i.USBD_LL_OpenEP                         0x080045e0   Section        0  usbd_conf.o(i.USBD_LL_OpenEP)
    i.USBD_LL_PrepareReceive                 0x08004610   Section        0  usbd_conf.o(i.USBD_LL_PrepareReceive)
    i.USBD_LL_Reset                          0x08004640   Section        0  usbd_core.o(i.USBD_LL_Reset)
    i.USBD_LL_Resume                         0x0800469c   Section        0  usbd_core.o(i.USBD_LL_Resume)
    i.USBD_LL_SOF                            0x080046b2   Section        0  usbd_core.o(i.USBD_LL_SOF)
    i.USBD_LL_SetSpeed                       0x080046d4   Section        0  usbd_core.o(i.USBD_LL_SetSpeed)
    i.USBD_LL_SetUSBAddress                  0x080046dc   Section        0  usbd_conf.o(i.USBD_LL_SetUSBAddress)
    i.USBD_LL_SetupStage                     0x08004702   Section        0  usbd_core.o(i.USBD_LL_SetupStage)
    i.USBD_LL_StallEP                        0x08004770   Section        0  usbd_conf.o(i.USBD_LL_StallEP)
    i.USBD_LL_Start                          0x08004796   Section        0  usbd_conf.o(i.USBD_LL_Start)
    i.USBD_LL_Suspend                        0x080047b4   Section        0  usbd_core.o(i.USBD_LL_Suspend)
    i.USBD_LL_Transmit                       0x080047c8   Section        0  usbd_conf.o(i.USBD_LL_Transmit)
    i.USBD_ParseSetupRequest                 0x080047f8   Section        0  usbd_ctlreq.o(i.USBD_ParseSetupRequest)
    i.USBD_RegisterClass                     0x08004820   Section        0  usbd_core.o(i.USBD_RegisterClass)
    i.USBD_RunTestMode                       0x08004830   Section        0  usbd_core.o(i.USBD_RunTestMode)
    i.USBD_SetAddress                        0x08004836   Section        0  usbd_ctlreq.o(i.USBD_SetAddress)
    USBD_SetAddress                          0x08004837   Thumb Code    90  usbd_ctlreq.o(i.USBD_SetAddress)
    i.USBD_SetClassConfig                    0x08004890   Section        0  usbd_core.o(i.USBD_SetClassConfig)
    i.USBD_SetConfig                         0x080048b4   Section        0  usbd_ctlreq.o(i.USBD_SetConfig)
    USBD_SetConfig                           0x080048b5   Thumb Code   228  usbd_ctlreq.o(i.USBD_SetConfig)
    i.USBD_SetFeature                        0x0800499c   Section        0  usbd_ctlreq.o(i.USBD_SetFeature)
    USBD_SetFeature                          0x0800499d   Thumb Code    24  usbd_ctlreq.o(i.USBD_SetFeature)
    i.USBD_Start                             0x080049b4   Section        0  usbd_core.o(i.USBD_Start)
    i.USBD_StdDevReq                         0x080049c2   Section        0  usbd_ctlreq.o(i.USBD_StdDevReq)
    i.USBD_StdEPReq                          0x08004a64   Section        0  usbd_ctlreq.o(i.USBD_StdEPReq)
    i.USBD_StdItfReq                         0x08004c9c   Section        0  usbd_ctlreq.o(i.USBD_StdItfReq)
    i.USBD_static_free                       0x08004d1a   Section        0  usbd_conf.o(i.USBD_static_free)
    i.USBD_static_malloc                     0x08004d1c   Section        0  usbd_conf.o(i.USBD_static_malloc)
    i.USB_ActivateEndpoint                   0x08004d28   Section        0  stm32f1xx_ll_usb.o(i.USB_ActivateEndpoint)
    i.USB_CoreInit                           0x08005174   Section        0  stm32f1xx_ll_usb.o(i.USB_CoreInit)
    i.USB_DeactivateEndpoint                 0x0800517c   Section        0  stm32f1xx_ll_usb.o(i.USB_DeactivateEndpoint)
    i.USB_DevConnect                         0x080053f8   Section        0  stm32f1xx_ll_usb.o(i.USB_DevConnect)
    i.USB_DevDisconnect                      0x080053fe   Section        0  stm32f1xx_ll_usb.o(i.USB_DevDisconnect)
    i.USB_DevInit                            0x08005404   Section        0  stm32f1xx_ll_usb.o(i.USB_DevInit)
    i.USB_DisableGlobalInt                   0x0800541a   Section        0  stm32f1xx_ll_usb.o(i.USB_DisableGlobalInt)
    i.USB_EP0_OutStart                       0x0800542e   Section        0  stm32f1xx_ll_usb.o(i.USB_EP0_OutStart)
    i.USB_EPClearStall                       0x08005434   Section        0  stm32f1xx_ll_usb.o(i.USB_EPClearStall)
    i.USB_EPSetStall                         0x0800550e   Section        0  stm32f1xx_ll_usb.o(i.USB_EPSetStall)
    i.USB_EPStartXfer                        0x0800556a   Section        0  stm32f1xx_ll_usb.o(i.USB_EPStartXfer)
    i.USB_EnableGlobalInt                    0x08005f68   Section        0  stm32f1xx_ll_usb.o(i.USB_EnableGlobalInt)
    i.USB_LP_CAN1_RX0_IRQHandler             0x08005f7c   Section        0  stm32f1xx_it.o(i.USB_LP_CAN1_RX0_IRQHandler)
    i.USB_ReadInterrupts                     0x08005f8c   Section        0  stm32f1xx_ll_usb.o(i.USB_ReadInterrupts)
    i.USB_ReadPMA                            0x08005f94   Section        0  stm32f1xx_ll_usb.o(i.USB_ReadPMA)
    i.USB_SetCurrentMode                     0x08005fde   Section        0  stm32f1xx_ll_usb.o(i.USB_SetCurrentMode)
    i.USB_SetDevAddress                      0x08005fe4   Section        0  stm32f1xx_ll_usb.o(i.USB_SetDevAddress)
    i.USB_WritePMA                           0x08005ff2   Section        0  stm32f1xx_ll_usb.o(i.USB_WritePMA)
    i.USER_initialize                        0x08006034   Section        0  user_diskio.o(i.USER_initialize)
    i.USER_ioctl                             0x0800608c   Section        0  user_diskio.o(i.USER_ioctl)
    i.USER_read                              0x080060c8   Section        0  user_diskio.o(i.USER_read)
    i.USER_status                            0x080060fc   Section        0  user_diskio.o(i.USER_status)
    i.USER_write                             0x08006108   Section        0  user_diskio.o(i.USER_write)
    i.UsageFault_Handler                     0x08006144   Section        0  stm32f1xx_it.o(i.UsageFault_Handler)
    i.__NVIC_GetPriorityGrouping             0x08006148   Section        0  stm32f1xx_hal_cortex.o(i.__NVIC_GetPriorityGrouping)
    __NVIC_GetPriorityGrouping               0x08006149   Thumb Code    10  stm32f1xx_hal_cortex.o(i.__NVIC_GetPriorityGrouping)
    i.__NVIC_SetPriority                     0x08006158   Section        0  stm32f1xx_hal_cortex.o(i.__NVIC_SetPriority)
    __NVIC_SetPriority                       0x08006159   Thumb Code    32  stm32f1xx_hal_cortex.o(i.__NVIC_SetPriority)
    i.__scatterload_copy                     0x08006180   Section       14  handlers.o(i.__scatterload_copy)
    i.__scatterload_null                     0x0800618e   Section        2  handlers.o(i.__scatterload_null)
    i.__scatterload_zeroinit                 0x08006190   Section       14  handlers.o(i.__scatterload_zeroinit)
    i.bufferRead                             0x0800619e   Section        0  spi_flash.o(i.bufferRead)
    bufferRead                               0x0800619f   Thumb Code   130  spi_flash.o(i.bufferRead)
    i.bufferWrite                            0x08006220   Section        0  spi_flash.o(i.bufferWrite)
    bufferWrite                              0x08006221   Thumb Code   104  spi_flash.o(i.bufferWrite)
    i.bufferWriteByte                        0x08006288   Section        0  spi_flash.o(i.bufferWriteByte)
    bufferWriteByte                          0x08006289   Thumb Code   112  spi_flash.o(i.bufferWriteByte)
    i.bufferWriteReliable                    0x080062f8   Section        0  spi_flash.o(i.bufferWriteReliable)
    bufferWriteReliable                      0x080062f9   Thumb Code    56  spi_flash.o(i.bufferWriteReliable)
    i.closeFileFunction                      0x08006330   Section        0  led_file.o(i.closeFileFunction)
    closeFileFunction                        0x08006331   Thumb Code    20  led_file.o(i.closeFileFunction)
    i.compareAndCorrectBufferAndData         0x08006344   Section        0  spi_flash.o(i.compareAndCorrectBufferAndData)
    compareAndCorrectBufferAndData           0x08006345   Thumb Code   158  spi_flash.o(i.compareAndCorrectBufferAndData)
    i.compareBufferAndDataZeros              0x080063e2   Section        0  spi_flash.o(i.compareBufferAndDataZeros)
    compareBufferAndDataZeros                0x080063e3   Thumb Code   174  spi_flash.o(i.compareBufferAndDataZeros)
    i.flashDeselect                          0x08006490   Section        0  spi_flash.o(i.flashDeselect)
    flashDeselect                            0x08006491   Thumb Code    16  spi_flash.o(i.flashDeselect)
    i.flashSelect                            0x080064a0   Section        0  spi_flash.o(i.flashSelect)
    flashSelect                              0x080064a1   Thumb Code    16  spi_flash.o(i.flashSelect)
    i.free                                   0x080064b0   Section        0  malloc.o(i.free)
    i.getChannelValueFunction                0x08006500   Section        0  led_file.o(i.getChannelValueFunction)
    getChannelValueFunction                  0x08006501   Thumb Code   198  led_file.o(i.getChannelValueFunction)
    i.getFlashStatus                         0x080065cc   Section        0  spi_flash.o(i.getFlashStatus)
    getFlashStatus                           0x080065cd   Thumb Code   208  spi_flash.o(i.getFlashStatus)
    i.handleAllDevices                       0x0800669c   Section        0  global_device_manager.o(i.handleAllDevices)
    i.initAllDevices                         0x0800670c   Section        0  global_device_manager.o(i.initAllDevices)
    i.isLastCompareResultError               0x0800673c   Section        0  spi_flash.o(i.isLastCompareResultError)
    isLastCompareResultError                 0x0800673d   Thumb Code    14  spi_flash.o(i.isLastCompareResultError)
    i.isLastWriteResultError                 0x0800674a   Section        0  spi_flash.o(i.isLastWriteResultError)
    isLastWriteResultError                   0x0800674b   Thumb Code    14  spi_flash.o(i.isLastWriteResultError)
    i.isLedFileHeaderCorrect                 0x08006758   Section        0  led_file.o(i.isLedFileHeaderCorrect)
    isLedFileHeaderCorrect                   0x08006759   Thumb Code    36  led_file.o(i.isLedFileHeaderCorrect)
    i.ledChannelEndRecording                 0x0800677c   Section        0  led_channel_manager.o(i.ledChannelEndRecording)
    ledChannelEndRecording                   0x0800677d   Thumb Code    30  led_channel_manager.o(i.ledChannelEndRecording)
    i.ledChannelManagerInit                  0x0800679c   Section        0  led_channel_manager.o(i.ledChannelManagerInit)
    i.ledChannelStartRecording               0x080067c4   Section        0  led_channel_manager.o(i.ledChannelStartRecording)
    ledChannelStartRecording                 0x080067c5   Thumb Code    52  led_channel_manager.o(i.ledChannelStartRecording)
    i.ledFileDescriptorInit                  0x080067f8   Section        0  led_file.o(i.ledFileDescriptorInit)
    i.ledHardwareDeinit                      0x0800681c   Section        0  led_hardware_driver.o(i.ledHardwareDeinit)
    i.ledHardwareInit                        0x080068cc   Section        0  led_hardware_driver.o(i.ledHardwareInit)
    i.linkFile                               0x08006968   Section        0  led_channel_manager.o(i.linkFile)
    linkFile                                 0x08006969   Thumb Code    70  led_channel_manager.o(i.linkFile)
    i.main                                   0x080069b0   Section        0  main.o(i.main)
    i.malloc                                 0x08006a30   Section        0  malloc.o(i.malloc)
    i.pageToBufferTransfer                   0x08006a9c   Section        0  spi_flash.o(i.pageToBufferTransfer)
    pageToBufferTransfer                     0x08006a9d   Thumb Code   110  spi_flash.o(i.pageToBufferTransfer)
    i.pageWithBufferCompare                  0x08006b0a   Section        0  spi_flash.o(i.pageWithBufferCompare)
    pageWithBufferCompare                    0x08006b0b   Thumb Code   110  spi_flash.o(i.pageWithBufferCompare)
    i.readFileFunction                       0x08006b78   Section        0  led_file.o(i.readFileFunction)
    readFileFunction                         0x08006b79   Thumb Code   218  led_file.o(i.readFileFunction)
    i.readTwoPages                           0x08006c58   Section        0  spi_flash.o(i.readTwoPages)
    readTwoPages                             0x08006c59   Thumb Code    82  spi_flash.o(i.readTwoPages)
    i.setChannelPWM_Value                    0x08006cac   Section        0  led_hardware_driver.o(i.setChannelPWM_Value)
    i.setHardwarePWM_Value                   0x08006d08   Section        0  led_channel_manager.o(i.setHardwarePWM_Value)
    setHardwarePWM_Value                     0x08006d09   Thumb Code    46  led_channel_manager.o(i.setHardwarePWM_Value)
    i.setLedFile                             0x08006d38   Section        0  global_device_manager.o(i.setLedFile)
    i.setPageSize                            0x08006d60   Section        0  spi_flash.o(i.setPageSize)
    setPageSize                              0x08006d61   Thumb Code    98  spi_flash.o(i.setPageSize)
    i.setStatusLedOn                         0x08006dc4   Section        0  status_led.o(i.setStatusLedOn)
    i.startAll                               0x08006dd8   Section        0  global_device_manager.o(i.startAll)
    i.startCallingTimerWork                  0x08006e10   Section        0  calling_timer_control.o(i.startCallingTimerWork)
    i.stopCallingTimerWork                   0x08006e20   Section        0  calling_timer_control.o(i.stopCallingTimerWork)
    i.waitOfFlashReady                       0x08006e30   Section        0  spi_flash.o(i.waitOfFlashReady)
    waitOfFlashReady                         0x08006e31   Thumb Code    20  spi_flash.o(i.waitOfFlashReady)
    i.writePageWithErasing                   0x08006e44   Section        0  spi_flash.o(i.writePageWithErasing)
    writePageWithErasing                     0x08006e45   Thumb Code   110  spi_flash.o(i.writePageWithErasing)
    i.writePageWithoutErasing                0x08006eb2   Section        0  spi_flash.o(i.writePageWithoutErasing)
    writePageWithoutErasing                  0x08006eb3   Thumb Code   110  spi_flash.o(i.writePageWithoutErasing)
    i.writeTwoPagesWithoutUnnecessaryErasing 0x08006f20   Section        0  spi_flash.o(i.writeTwoPagesWithoutUnnecessaryErasing)
    writeTwoPagesWithoutUnnecessaryErasing   0x08006f21   Thumb Code   326  spi_flash.o(i.writeTwoPagesWithoutUnnecessaryErasing)
    .constdata                               0x08007066   Section       24  system_stm32f1xx.o(.constdata)
    .constdata                               0x08007080   Section       44  led_file.o(.constdata)
    .data                                    0x20000000   Section       24  user_diskio.o(.data)
    Stat                                     0x20000000   Data           1  user_diskio.o(.data)
    .data                                    0x20000018   Section        5  fatfs.o(.data)
    .data                                    0x20000020   Section       78  usbd_desc.o(.data)
    .data                                    0x20000070   Section       56  usbd_custom_hid_if.o(.data)
    CUSTOM_HID_ReportDesc_FS                 0x20000070   Data          38  usbd_custom_hid_if.o(.data)
    .data                                    0x200000a8   Section        9  stm32f1xx_hal.o(.data)
    .data                                    0x200000b4   Section        4  system_stm32f1xx.o(.data)
    .data                                    0x200000b8   Section        1  usbd_ctlreq.o(.data)
    cfgidx                                   0x200000b8   Data           1  usbd_ctlreq.o(.data)
    .data                                    0x200000bc   Section      210  usbd_customhid.o(.data)
    USBD_CUSTOM_HID_CfgFSDesc                0x200000f4   Data          41  usbd_customhid.o(.data)
    USBD_CUSTOM_HID_CfgHSDesc                0x20000120   Data          41  usbd_customhid.o(.data)
    USBD_CUSTOM_HID_OtherSpeedCfgDesc        0x2000014c   Data          41  usbd_customhid.o(.data)
    USBD_CUSTOM_HID_Desc                     0x20000178   Data           9  usbd_customhid.o(.data)
    USBD_CUSTOM_HID_DeviceQualifierDesc      0x20000184   Data          10  usbd_customhid.o(.data)
    .data                                    0x20000190   Section        4  global_device_manager.o(.data)
    timeOfStart                              0x20000190   Data           4  global_device_manager.o(.data)
    .data                                    0x20000194   Section        4  mvars.o(.data)
    .data                                    0x20000198   Section        4  mvars.o(.data)
    .bss                                     0x2000019c   Section      368  main.o(.bss)
    .bss                                     0x2000030c   Section       24  user_diskio.o(.bss)
    .bss                                     0x20000324   Section      708  usb_device.o(.bss)
    .bss                                     0x200005e8   Section      836  usbd_conf.o(.bss)
    mem                                      0x200008d4   Data          88  usbd_conf.o(.bss)
    .bss                                     0x2000092c   Section      512  usbd_desc.o(.bss)
    .bss                                     0x20000b2c   Section      168  global_device_manager.o(.bss)
    ledChannels                              0x20000b2c   Data         168  global_device_manager.o(.bss)
    .bss                                     0x20000bd4   Section       12  ff_gen_drv.o(.bss)
    HEAP                                     0x20000be0   Section     4096  startup_stm32f103xb.o(HEAP)
    STACK                                    0x20001be0   Section     1024  startup_stm32f103xb.o(STACK)

    Global Symbols

    Symbol Name                              Value     Ov Type        Size  Object(Section)

    BuildAttributes$$THM_ISAv4$P$D$K$B$S$PE$A:L22UL41UL21$X:L11$S22US41US21$IEEE1$IW$USESV6$~STKCKD$USESV7$~SHL$OTIME$ROPI$EBA8$MICROLIB$REQ8$PRES8$EABIv2 0x00000000   Number         0  anon$$obj.o ABSOLUTE
    __ARM_use_no_argv                        0x00000000   Number         0  main.o ABSOLUTE
    __cpp_initialize__aeabi_                  - Undefined Weak Reference
    __cxa_finalize                            - Undefined Weak Reference
    _clock_init                               - Undefined Weak Reference
    _microlib_exit                            - Undefined Weak Reference
    __Vectors_Size                           0x000000ec   Number         0  startup_stm32f103xb.o ABSOLUTE
    __Vectors                                0x08000000   Data           4  startup_stm32f103xb.o(RESET)
    __Vectors_End                            0x080000ec   Data           0  startup_stm32f103xb.o(RESET)
    __main                                   0x080000ed   Thumb Code     0  entry.o(.ARM.Collect$$$$00000000)
    _main_stk                                0x080000ed   Thumb Code     0  entry2.o(.ARM.Collect$$$$00000001)
    _main_scatterload                        0x080000f1   Thumb Code     0  entry5.o(.ARM.Collect$$$$00000004)
    __main_after_scatterload                 0x080000f5   Thumb Code     0  entry5.o(.ARM.Collect$$$$00000004)
    _main_clock                              0x080000f5   Thumb Code     0  entry7b.o(.ARM.Collect$$$$00000008)
    _main_cpp_init                           0x080000f5   Thumb Code     0  entry8b.o(.ARM.Collect$$$$0000000A)
    _main_init                               0x080000f5   Thumb Code     0  entry9a.o(.ARM.Collect$$$$0000000B)
    __rt_final_cpp                           0x080000fd   Thumb Code     0  entry10a.o(.ARM.Collect$$$$0000000D)
    __rt_final_exit                          0x080000fd   Thumb Code     0  entry11a.o(.ARM.Collect$$$$0000000F)
    Reset_Handler                            0x08000101   Thumb Code     8  startup_stm32f103xb.o(.text)
    ADC1_2_IRQHandler                        0x0800011b   Thumb Code     0  startup_stm32f103xb.o(.text)
    CAN1_RX1_IRQHandler                      0x0800011b   Thumb Code     0  startup_stm32f103xb.o(.text)
    CAN1_SCE_IRQHandler                      0x0800011b   Thumb Code     0  startup_stm32f103xb.o(.text)
    DMA1_Channel1_IRQHandler                 0x0800011b   Thumb Code     0  startup_stm32f103xb.o(.text)
    DMA1_Channel2_IRQHandler                 0x0800011b   Thumb Code     0  startup_stm32f103xb.o(.text)
    DMA1_Channel3_IRQHandler                 0x0800011b   Thumb Code     0  startup_stm32f103xb.o(.text)
    DMA1_Channel4_IRQHandler                 0x0800011b   Thumb Code     0  startup_stm32f103xb.o(.text)
    DMA1_Channel5_IRQHandler                 0x0800011b   Thumb Code     0  startup_stm32f103xb.o(.text)
    DMA1_Channel6_IRQHandler                 0x0800011b   Thumb Code     0  startup_stm32f103xb.o(.text)
    DMA1_Channel7_IRQHandler                 0x0800011b   Thumb Code     0  startup_stm32f103xb.o(.text)
    EXTI0_IRQHandler                         0x0800011b   Thumb Code     0  startup_stm32f103xb.o(.text)
    EXTI15_10_IRQHandler                     0x0800011b   Thumb Code     0  startup_stm32f103xb.o(.text)
    EXTI1_IRQHandler                         0x0800011b   Thumb Code     0  startup_stm32f103xb.o(.text)
    EXTI2_IRQHandler                         0x0800011b   Thumb Code     0  startup_stm32f103xb.o(.text)
    EXTI3_IRQHandler                         0x0800011b   Thumb Code     0  startup_stm32f103xb.o(.text)
    EXTI4_IRQHandler                         0x0800011b   Thumb Code     0  startup_stm32f103xb.o(.text)
    EXTI9_5_IRQHandler                       0x0800011b   Thumb Code     0  startup_stm32f103xb.o(.text)
    FLASH_IRQHandler                         0x0800011b   Thumb Code     0  startup_stm32f103xb.o(.text)
    I2C1_ER_IRQHandler                       0x0800011b   Thumb Code     0  startup_stm32f103xb.o(.text)
    I2C1_EV_IRQHandler                       0x0800011b   Thumb Code     0  startup_stm32f103xb.o(.text)
    I2C2_ER_IRQHandler                       0x0800011b   Thumb Code     0  startup_stm32f103xb.o(.text)
    I2C2_EV_IRQHandler                       0x0800011b   Thumb Code     0  startup_stm32f103xb.o(.text)
    PVD_IRQHandler                           0x0800011b   Thumb Code     0  startup_stm32f103xb.o(.text)
    RCC_IRQHandler                           0x0800011b   Thumb Code     0  startup_stm32f103xb.o(.text)
    RTC_Alarm_IRQHandler                     0x0800011b   Thumb Code     0  startup_stm32f103xb.o(.text)
    RTC_IRQHandler                           0x0800011b   Thumb Code     0  startup_stm32f103xb.o(.text)
    SPI1_IRQHandler                          0x0800011b   Thumb Code     0  startup_stm32f103xb.o(.text)
    SPI2_IRQHandler                          0x0800011b   Thumb Code     0  startup_stm32f103xb.o(.text)
    TAMPER_IRQHandler                        0x0800011b   Thumb Code     0  startup_stm32f103xb.o(.text)
    TIM1_BRK_IRQHandler                      0x0800011b   Thumb Code     0  startup_stm32f103xb.o(.text)
    TIM1_CC_IRQHandler                       0x0800011b   Thumb Code     0  startup_stm32f103xb.o(.text)
    TIM1_TRG_COM_IRQHandler                  0x0800011b   Thumb Code     0  startup_stm32f103xb.o(.text)
    TIM2_IRQHandler                          0x0800011b   Thumb Code     0  startup_stm32f103xb.o(.text)
    TIM3_IRQHandler                          0x0800011b   Thumb Code     0  startup_stm32f103xb.o(.text)
    TIM4_IRQHandler                          0x0800011b   Thumb Code     0  startup_stm32f103xb.o(.text)
    USART1_IRQHandler                        0x0800011b   Thumb Code     0  startup_stm32f103xb.o(.text)
    USART2_IRQHandler                        0x0800011b   Thumb Code     0  startup_stm32f103xb.o(.text)
    USART3_IRQHandler                        0x0800011b   Thumb Code     0  startup_stm32f103xb.o(.text)
    USBWakeUp_IRQHandler                     0x0800011b   Thumb Code     0  startup_stm32f103xb.o(.text)
    USB_HP_CAN1_TX_IRQHandler                0x0800011b   Thumb Code     0  startup_stm32f103xb.o(.text)
    WWDG_IRQHandler                          0x0800011b   Thumb Code     0  startup_stm32f103xb.o(.text)
    __aeabi_memcpy                           0x08000125   Thumb Code    36  memcpya.o(.text)
    __aeabi_memcpy4                          0x08000125   Thumb Code     0  memcpya.o(.text)
    __aeabi_memcpy8                          0x08000125   Thumb Code     0  memcpya.o(.text)
    __aeabi_memset                           0x08000149   Thumb Code    14  memseta.o(.text)
    __aeabi_memset4                          0x08000149   Thumb Code     0  memseta.o(.text)
    __aeabi_memset8                          0x08000149   Thumb Code     0  memseta.o(.text)
    __aeabi_memclr                           0x08000157   Thumb Code     4  memseta.o(.text)
    __aeabi_memclr4                          0x08000157   Thumb Code     0  memseta.o(.text)
    __aeabi_memclr8                          0x08000157   Thumb Code     0  memseta.o(.text)
    _memset$wrapper                          0x0800015b   Thumb Code    18  memseta.o(.text)
    __aeabi_fadd                             0x0800016d   Thumb Code   164  fadd.o(.text)
    __aeabi_fsub                             0x08000211   Thumb Code     6  fadd.o(.text)
    __aeabi_frsub                            0x08000217   Thumb Code     6  fadd.o(.text)
    __aeabi_fmul                             0x0800021d   Thumb Code   100  fmul.o(.text)
    __aeabi_fdiv                             0x08000281   Thumb Code   124  fdiv.o(.text)
    __aeabi_ui2f                             0x080002fd   Thumb Code    10  ffltui.o(.text)
    __aeabi_f2uiz                            0x08000307   Thumb Code    40  ffixui.o(.text)
    __aeabi_cfcmpeq                          0x08000331   Thumb Code     0  cfcmple.o(.text)
    __aeabi_cfcmple                          0x08000331   Thumb Code    20  cfcmple.o(.text)
    __aeabi_cfrcmple                         0x08000345   Thumb Code    20  cfrcmple.o(.text)
    __I$use$fp                               0x08000359   Thumb Code     0  iusefp.o(.text)
    _float_round                             0x08000359   Thumb Code    18  fepilogue.o(.text)
    _float_epilogue                          0x0800036b   Thumb Code    92  fepilogue.o(.text)
    __scatterload                            0x080003c9   Thumb Code    28  init.o(.text)
    __scatterload_rt2                        0x080003c9   Thumb Code     0  init.o(.text)
    __decompress                             0x080003ed   Thumb Code     0  __dczerorl2.o(.text)
    __decompress1                            0x080003ed   Thumb Code    86  __dczerorl2.o(.text)
    BusFault_Handler                         0x08000443   Thumb Code     4  stm32f1xx_it.o(i.BusFault_Handler)
    DebugMon_Handler                         0x08000455   Thumb Code     2  stm32f1xx_it.o(i.DebugMon_Handler)
    Error_Handler                            0x08000457   Thumb Code     2  main.o(i.Error_Handler)
    FATFS_LinkDriver                         0x08000459   Thumb Code    18  ff_gen_drv.o(i.FATFS_LinkDriver)
    FATFS_LinkDriverEx                       0x0800046d   Thumb Code    78  ff_gen_drv.o(i.FATFS_LinkDriverEx)
    HAL_Delay                                0x080004f5   Thumb Code    36  stm32f1xx_hal.o(i.HAL_Delay)
    HAL_GPIO_Init                            0x0800051d   Thumb Code   766  stm32f1xx_hal_gpio.o(i.HAL_GPIO_Init)
    HAL_GPIO_WritePin                        0x0800083d   Thumb Code    12  stm32f1xx_hal_gpio.o(i.HAL_GPIO_WritePin)
    HAL_GetTick                              0x08000849   Thumb Code     6  stm32f1xx_hal.o(i.HAL_GetTick)
    HAL_IncTick                              0x08000855   Thumb Code    16  stm32f1xx_hal.o(i.HAL_IncTick)
    HAL_Init                                 0x0800086d   Thumb Code    34  stm32f1xx_hal.o(i.HAL_Init)
    HAL_InitTick                             0x08000895   Thumb Code    64  stm32f1xx_hal.o(i.HAL_InitTick)
    HAL_MspInit                              0x080008e1   Thumb Code    76  stm32f1xx_hal_msp.o(i.HAL_MspInit)
    HAL_NVIC_EnableIRQ                       0x08000935   Thumb Code    32  stm32f1xx_hal_cortex.o(i.HAL_NVIC_EnableIRQ)
    HAL_NVIC_SetPriority                     0x08000955   Thumb Code   124  stm32f1xx_hal_cortex.o(i.HAL_NVIC_SetPriority)
    HAL_NVIC_SetPriorityGrouping             0x080009d1   Thumb Code    32  stm32f1xx_hal_cortex.o(i.HAL_NVIC_SetPriorityGrouping)
    HAL_PCDEx_PMAConfig                      0x080009f9   Thumb Code    68  stm32f1xx_hal_pcd_ex.o(i.HAL_PCDEx_PMAConfig)
    HAL_PCDEx_SetConnectionState             0x08000a3d   Thumb Code     2  usbd_conf.o(i.HAL_PCDEx_SetConnectionState)
    HAL_PCD_DataInStageCallback              0x08000a3f   Thumb Code    32  usbd_conf.o(i.HAL_PCD_DataInStageCallback)
    HAL_PCD_DataOutStageCallback             0x08000a5f   Thumb Code    32  usbd_conf.o(i.HAL_PCD_DataOutStageCallback)
    HAL_PCD_EP_Close                         0x08000a7f   Thumb Code   106  stm32f1xx_hal_pcd.o(i.HAL_PCD_EP_Close)
    HAL_PCD_EP_ClrStall                      0x08000ae9   Thumb Code   124  stm32f1xx_hal_pcd.o(i.HAL_PCD_EP_ClrStall)
    HAL_PCD_EP_Open                          0x08001033   Thumb Code   140  stm32f1xx_hal_pcd.o(i.HAL_PCD_EP_Open)
    HAL_PCD_EP_Receive                       0x080010bf   Thumb Code    76  stm32f1xx_hal_pcd.o(i.HAL_PCD_EP_Receive)
    HAL_PCD_EP_SetStall                      0x0800110b   Thumb Code   136  stm32f1xx_hal_pcd.o(i.HAL_PCD_EP_SetStall)
    HAL_PCD_EP_Transmit                      0x08001193   Thumb Code    86  stm32f1xx_hal_pcd.o(i.HAL_PCD_EP_Transmit)
    HAL_PCD_IRQHandler                       0x080011e9   Thumb Code   482  stm32f1xx_hal_pcd.o(i.HAL_PCD_IRQHandler)
    HAL_PCD_Init                             0x080013cb   Thumb Code   344  stm32f1xx_hal_pcd.o(i.HAL_PCD_Init)
    HAL_PCD_MspInit                          0x08001525   Thumb Code    58  usbd_conf.o(i.HAL_PCD_MspInit)
    HAL_PCD_ResetCallback                    0x08001569   Thumb Code    36  usbd_conf.o(i.HAL_PCD_ResetCallback)
    HAL_PCD_ResumeCallback                   0x0800158d   Thumb Code    14  usbd_conf.o(i.HAL_PCD_ResumeCallback)
    HAL_PCD_SOFCallback                      0x0800159b   Thumb Code    14  usbd_conf.o(i.HAL_PCD_SOFCallback)
    HAL_PCD_SetAddress                       0x080015a9   Thumb Code    54  stm32f1xx_hal_pcd.o(i.HAL_PCD_SetAddress)
    HAL_PCD_SetupStageCallback               0x080015df   Thumb Code    18  usbd_conf.o(i.HAL_PCD_SetupStageCallback)
    HAL_PCD_Start                            0x080015f1   Thumb Code    60  stm32f1xx_hal_pcd.o(i.HAL_PCD_Start)
    HAL_PCD_SuspendCallback                  0x0800162d   Thumb Code    30  usbd_conf.o(i.HAL_PCD_SuspendCallback)
    HAL_RCCEx_PeriphCLKConfig                0x08001651   Thumb Code   290  stm32f1xx_hal_rcc_ex.o(i.HAL_RCCEx_PeriphCLKConfig)
    HAL_RCC_ClockConfig                      0x08001781   Thumb Code   376  stm32f1xx_hal_rcc.o(i.HAL_RCC_ClockConfig)
    HAL_RCC_GetHCLKFreq                      0x0800190d   Thumb Code     6  stm32f1xx_hal_rcc.o(i.HAL_RCC_GetHCLKFreq)
    HAL_RCC_GetPCLK1Freq                     0x08001919   Thumb Code    22  stm32f1xx_hal_rcc.o(i.HAL_RCC_GetPCLK1Freq)
    HAL_RCC_GetPCLK2Freq                     0x08001939   Thumb Code    22  stm32f1xx_hal_rcc.o(i.HAL_RCC_GetPCLK2Freq)
    HAL_RCC_GetSysClockFreq                  0x08001959   Thumb Code   116  stm32f1xx_hal_rcc.o(i.HAL_RCC_GetSysClockFreq)
    HAL_RCC_OscConfig                        0x080019f1   Thumb Code  1114  stm32f1xx_hal_rcc.o(i.HAL_RCC_OscConfig)
    HAL_SPI_Init                             0x08001e55   Thumb Code   190  stm32f1xx_hal_spi.o(i.HAL_SPI_Init)
    HAL_SPI_MspInit                          0x08001f15   Thumb Code   124  stm32f1xx_hal_msp.o(i.HAL_SPI_MspInit)
    HAL_SPI_TransmitReceive                  0x08001f9d   Thumb Code   554  stm32f1xx_hal_spi.o(i.HAL_SPI_TransmitReceive)
    HAL_SYSTICK_Config                       0x080021c7   Thumb Code    52  stm32f1xx_hal_cortex.o(i.HAL_SYSTICK_Config)
    HAL_TIMEx_BreakCallback                  0x080021fb   Thumb Code     2  stm32f1xx_hal_tim_ex.o(i.HAL_TIMEx_BreakCallback)
    HAL_TIMEx_CommutCallback                 0x080021fd   Thumb Code     2  stm32f1xx_hal_tim_ex.o(i.HAL_TIMEx_CommutCallback)
    HAL_TIMEx_ConfigBreakDeadTime            0x080021ff   Thumb Code   116  stm32f1xx_hal_tim_ex.o(i.HAL_TIMEx_ConfigBreakDeadTime)
    HAL_TIMEx_MasterConfigSynchronization    0x08002275   Thumb Code   118  stm32f1xx_hal_tim_ex.o(i.HAL_TIMEx_MasterConfigSynchronization)
    HAL_TIM_Base_Init                        0x080022f9   Thumb Code   102  stm32f1xx_hal_tim.o(i.HAL_TIM_Base_Init)
    HAL_TIM_Base_MspInit                     0x08002361   Thumb Code   132  stm32f1xx_hal_msp.o(i.HAL_TIM_Base_MspInit)
    HAL_TIM_Base_Start_IT                    0x080023f5   Thumb Code   106  stm32f1xx_hal_tim.o(i.HAL_TIM_Base_Start_IT)
    HAL_TIM_Base_Stop_IT                     0x0800246d   Thumb Code    62  stm32f1xx_hal_tim.o(i.HAL_TIM_Base_Stop_IT)
    HAL_TIM_ConfigClockSource                0x080024ab   Thumb Code   264  stm32f1xx_hal_tim.o(i.HAL_TIM_ConfigClockSource)
    HAL_TIM_IC_CaptureCallback               0x080025b3   Thumb Code     2  stm32f1xx_hal_tim.o(i.HAL_TIM_IC_CaptureCallback)
    HAL_TIM_IRQHandler                       0x080025b5   Thumb Code   406  stm32f1xx_hal_tim.o(i.HAL_TIM_IRQHandler)
    HAL_TIM_MspPostInit                      0x0800274d   Thumb Code   190  stm32f1xx_hal_msp.o(i.HAL_TIM_MspPostInit)
    HAL_TIM_OC_DelayElapsedCallback          0x08002825   Thumb Code     2  stm32f1xx_hal_tim.o(i.HAL_TIM_OC_DelayElapsedCallback)
    HAL_TIM_PWM_ConfigChannel                0x08002827   Thumb Code   252  stm32f1xx_hal_tim.o(i.HAL_TIM_PWM_ConfigChannel)
    HAL_TIM_PWM_Init                         0x08002923   Thumb Code   102  stm32f1xx_hal_tim.o(i.HAL_TIM_PWM_Init)
    HAL_TIM_PWM_MspInit                      0x08002989   Thumb Code     2  stm32f1xx_hal_tim.o(i.HAL_TIM_PWM_MspInit)
    HAL_TIM_PWM_PulseFinishedCallback        0x0800298b   Thumb Code     2  stm32f1xx_hal_tim.o(i.HAL_TIM_PWM_PulseFinishedCallback)
    HAL_TIM_PWM_Start                        0x0800298d   Thumb Code   198  stm32f1xx_hal_tim.o(i.HAL_TIM_PWM_Start)
    HAL_TIM_PWM_Stop                         0x08002a61   Thumb Code   152  stm32f1xx_hal_tim.o(i.HAL_TIM_PWM_Stop)
    HAL_TIM_PeriodElapsedCallback            0x08002afd   Thumb Code    24  stm32f1xx_it.o(i.HAL_TIM_PeriodElapsedCallback)
    HAL_TIM_TriggerCallback                  0x08002b19   Thumb Code     2  stm32f1xx_hal_tim.o(i.HAL_TIM_TriggerCallback)
    HAL_UART_Init                            0x08002b1b   Thumb Code   114  stm32f1xx_hal_uart.o(i.HAL_UART_Init)
    HAL_UART_MspInit                         0x08002b8d   Thumb Code   122  stm32f1xx_hal_msp.o(i.HAL_UART_MspInit)
    HardFault_Handler                        0x08002c15   Thumb Code     4  stm32f1xx_it.o(i.HardFault_Handler)
    MX_FATFS_Init                            0x08002c59   Thumb Code    16  fatfs.o(i.MX_FATFS_Init)
    MX_USB_DEVICE_Init                       0x08003051   Thumb Code    70  usb_device.o(i.MX_USB_DEVICE_Init)
    MemManage_Handler                        0x080030ad   Thumb Code     4  stm32f1xx_it.o(i.MemManage_Handler)
    NMI_Handler                              0x080030b1   Thumb Code     2  stm32f1xx_it.o(i.NMI_Handler)
    PendSV_Handler                           0x08003495   Thumb Code     2  stm32f1xx_it.o(i.PendSV_Handler)
    SPI_FlashBlockRead                       0x080034e9   Thumb Code    20  spi_flash.o(i.SPI_FlashBlockRead)
    SPI_FlashBlockWrite                      0x080034fd   Thumb Code    32  spi_flash.o(i.SPI_FlashBlockWrite)
    SPI_FlashInit                            0x0800351d   Thumb Code    72  spi_flash.o(i.SPI_FlashInit)
    SVC_Handler                              0x0800367d   Thumb Code     2  stm32f1xx_it.o(i.SVC_Handler)
    SysTick_Handler                          0x0800367f   Thumb Code     8  stm32f1xx_it.o(i.SysTick_Handler)
    SystemClock_Config                       0x08003687   Thumb Code   130  main.o(i.SystemClock_Config)
    SystemInit                               0x08003709   Thumb Code    70  system_stm32f1xx.o(i.SystemInit)
    TIM1_UP_IRQHandler                       0x08003761   Thumb Code    10  stm32f1xx_it.o(i.TIM1_UP_IRQHandler)
    TIM_Base_SetConfig                       0x08003771   Thumb Code   104  stm32f1xx_hal_tim.o(i.TIM_Base_SetConfig)
    TIM_CCxChannelCmd                        0x080037e5   Thumb Code    34  stm32f1xx_hal_tim.o(i.TIM_CCxChannelCmd)
    TIM_ETR_SetConfig                        0x08003807   Thumb Code    22  stm32f1xx_hal_tim.o(i.TIM_ETR_SetConfig)
    TIM_OC2_SetConfig                        0x08003891   Thumb Code   100  stm32f1xx_hal_tim.o(i.TIM_OC2_SetConfig)
    USBD_CUSTOM_HID_RegisterInterface        0x08003c2f   Thumb Code    14  usbd_customhid.o(i.USBD_CUSTOM_HID_RegisterInterface)
    USBD_ClrClassConfig                      0x08003db1   Thumb Code    22  usbd_core.o(i.USBD_ClrClassConfig)
    USBD_CtlContinueRx                       0x08003e05   Thumb Code    24  usbd_ioreq.o(i.USBD_CtlContinueRx)
    USBD_CtlContinueSendData                 0x08003e1d   Thumb Code    24  usbd_ioreq.o(i.USBD_CtlContinueSendData)
    USBD_CtlError                            0x08003e35   Thumb Code    24  usbd_ctlreq.o(i.USBD_CtlError)
    USBD_CtlPrepareRx                        0x08003e4d   Thumb Code    40  usbd_ioreq.o(i.USBD_CtlPrepareRx)
    USBD_CtlReceiveStatus                    0x08003e75   Thumb Code    26  usbd_ioreq.o(i.USBD_CtlReceiveStatus)
    USBD_CtlSendData                         0x08003e8f   Thumb Code    34  usbd_ioreq.o(i.USBD_CtlSendData)
    USBD_CtlSendStatus                       0x08003eb1   Thumb Code    26  usbd_ioreq.o(i.USBD_CtlSendStatus)
    USBD_FS_ConfigStrDescriptor              0x08003ecd   Thumb Code    34  usbd_desc.o(i.USBD_FS_ConfigStrDescriptor)
    USBD_FS_DeviceDescriptor                 0x08003f09   Thumb Code    10  usbd_desc.o(i.USBD_FS_DeviceDescriptor)
    USBD_FS_InterfaceStrDescriptor           0x08003f19   Thumb Code    34  usbd_desc.o(i.USBD_FS_InterfaceStrDescriptor)
    USBD_FS_LangIDStrDescriptor              0x08003f51   Thumb Code    10  usbd_desc.o(i.USBD_FS_LangIDStrDescriptor)
    USBD_FS_ManufacturerStrDescriptor        0x08003f61   Thumb Code    20  usbd_desc.o(i.USBD_FS_ManufacturerStrDescriptor)
    USBD_FS_ProductStrDescriptor             0x08003f89   Thumb Code    34  usbd_desc.o(i.USBD_FS_ProductStrDescriptor)
    USBD_FS_SerialStrDescriptor              0x08003fc1   Thumb Code    18  usbd_desc.o(i.USBD_FS_SerialStrDescriptor)
    USBD_GetString                           0x08004291   Thumb Code    82  usbd_ctlreq.o(i.USBD_GetString)
    USBD_Init                                0x0800430f   Thumb Code    50  usbd_core.o(i.USBD_Init)
    USBD_LL_ClearStallEP                     0x08004341   Thumb Code    38  usbd_conf.o(i.USBD_LL_ClearStallEP)
    USBD_LL_CloseEP                          0x08004367   Thumb Code    38  usbd_conf.o(i.USBD_LL_CloseEP)
    USBD_LL_DataInStage                      0x0800438d   Thumb Code   256  usbd_core.o(i.USBD_LL_DataInStage)
    USBD_LL_DataOutStage                     0x0800448d   Thumb Code   166  usbd_core.o(i.USBD_LL_DataOutStage)
    USBD_LL_Init                             0x08004535   Thumb Code   108  usbd_conf.o(i.USBD_LL_Init)
    USBD_LL_IsStallEP                        0x080045a9   Thumb Code    56  usbd_conf.o(i.USBD_LL_IsStallEP)
    USBD_LL_OpenEP                           0x080045e1   Thumb Code    48  usbd_conf.o(i.USBD_LL_OpenEP)
    USBD_LL_PrepareReceive                   0x08004611   Thumb Code    48  usbd_conf.o(i.USBD_LL_PrepareReceive)
    USBD_LL_Reset                            0x08004641   Thumb Code    92  usbd_core.o(i.USBD_LL_Reset)
    USBD_LL_Resume                           0x0800469d   Thumb Code    22  usbd_core.o(i.USBD_LL_Resume)
    USBD_LL_SOF                              0x080046b3   Thumb Code    34  usbd_core.o(i.USBD_LL_SOF)
    USBD_LL_SetSpeed                         0x080046d5   Thumb Code     8  usbd_core.o(i.USBD_LL_SetSpeed)
    USBD_LL_SetUSBAddress                    0x080046dd   Thumb Code    38  usbd_conf.o(i.USBD_LL_SetUSBAddress)
    USBD_LL_SetupStage                       0x08004703   Thumb Code   110  usbd_core.o(i.USBD_LL_SetupStage)
    USBD_LL_StallEP                          0x08004771   Thumb Code    38  usbd_conf.o(i.USBD_LL_StallEP)
    USBD_LL_Start                            0x08004797   Thumb Code    30  usbd_conf.o(i.USBD_LL_Start)
    USBD_LL_Suspend                          0x080047b5   Thumb Code    20  usbd_core.o(i.USBD_LL_Suspend)
    USBD_LL_Transmit                         0x080047c9   Thumb Code    48  usbd_conf.o(i.USBD_LL_Transmit)
    USBD_ParseSetupRequest                   0x080047f9   Thumb Code    40  usbd_ctlreq.o(i.USBD_ParseSetupRequest)
    USBD_RegisterClass                       0x08004821   Thumb Code    16  usbd_core.o(i.USBD_RegisterClass)
    USBD_RunTestMode                         0x08004831   Thumb Code     6  usbd_core.o(i.USBD_RunTestMode)
    USBD_SetClassConfig                      0x08004891   Thumb Code    34  usbd_core.o(i.USBD_SetClassConfig)
    USBD_Start                               0x080049b5   Thumb Code    14  usbd_core.o(i.USBD_Start)
    USBD_StdDevReq                           0x080049c3   Thumb Code   162  usbd_ctlreq.o(i.USBD_StdDevReq)
    USBD_StdEPReq                            0x08004a65   Thumb Code   568  usbd_ctlreq.o(i.USBD_StdEPReq)
    USBD_StdItfReq                           0x08004c9d   Thumb Code   126  usbd_ctlreq.o(i.USBD_StdItfReq)
    USBD_static_free                         0x08004d1b   Thumb Code     2  usbd_conf.o(i.USBD_static_free)
    USBD_static_malloc                       0x08004d1d   Thumb Code     6  usbd_conf.o(i.USBD_static_malloc)
    USB_ActivateEndpoint                     0x08004d29   Thumb Code  1100  stm32f1xx_ll_usb.o(i.USB_ActivateEndpoint)
    USB_CoreInit                             0x08005175   Thumb Code     8  stm32f1xx_ll_usb.o(i.USB_CoreInit)
    USB_DeactivateEndpoint                   0x0800517d   Thumb Code   636  stm32f1xx_ll_usb.o(i.USB_DeactivateEndpoint)
    USB_DevConnect                           0x080053f9   Thumb Code     6  stm32f1xx_ll_usb.o(i.USB_DevConnect)
    USB_DevDisconnect                        0x080053ff   Thumb Code     6  stm32f1xx_ll_usb.o(i.USB_DevDisconnect)
    USB_DevInit                              0x08005405   Thumb Code    22  stm32f1xx_ll_usb.o(i.USB_DevInit)
    USB_DisableGlobalInt                     0x0800541b   Thumb Code    20  stm32f1xx_ll_usb.o(i.USB_DisableGlobalInt)
    USB_EP0_OutStart                         0x0800542f   Thumb Code     6  stm32f1xx_ll_usb.o(i.USB_EP0_OutStart)
    USB_EPClearStall                         0x08005435   Thumb Code   218  stm32f1xx_ll_usb.o(i.USB_EPClearStall)
    USB_EPSetStall                           0x0800550f   Thumb Code    92  stm32f1xx_ll_usb.o(i.USB_EPSetStall)
    USB_EPStartXfer                          0x0800556b   Thumb Code  2558  stm32f1xx_ll_usb.o(i.USB_EPStartXfer)
    USB_EnableGlobalInt                      0x08005f69   Thumb Code    18  stm32f1xx_ll_usb.o(i.USB_EnableGlobalInt)
    USB_LP_CAN1_RX0_IRQHandler               0x08005f7d   Thumb Code    10  stm32f1xx_it.o(i.USB_LP_CAN1_RX0_IRQHandler)
    USB_ReadInterrupts                       0x08005f8d   Thumb Code     8  stm32f1xx_ll_usb.o(i.USB_ReadInterrupts)
    USB_ReadPMA                              0x08005f95   Thumb Code    74  stm32f1xx_ll_usb.o(i.USB_ReadPMA)
    USB_SetCurrentMode                       0x08005fdf   Thumb Code     6  stm32f1xx_ll_usb.o(i.USB_SetCurrentMode)
    USB_SetDevAddress                        0x08005fe5   Thumb Code    14  stm32f1xx_ll_usb.o(i.USB_SetDevAddress)
    USB_WritePMA                             0x08005ff3   Thumb Code    66  stm32f1xx_ll_usb.o(i.USB_WritePMA)
    USER_initialize                          0x08006035   Thumb Code    72  user_diskio.o(i.USER_initialize)
    USER_ioctl                               0x0800608d   Thumb Code    56  user_diskio.o(i.USER_ioctl)
    USER_read                                0x080060c9   Thumb Code    46  user_diskio.o(i.USER_read)
    USER_status                              0x080060fd   Thumb Code     8  user_diskio.o(i.USER_status)
    USER_write                               0x08006109   Thumb Code    54  user_diskio.o(i.USER_write)
    UsageFault_Handler                       0x08006145   Thumb Code     4  stm32f1xx_it.o(i.UsageFault_Handler)
    __scatterload_copy                       0x08006181   Thumb Code    14  handlers.o(i.__scatterload_copy)
    __scatterload_null                       0x0800618f   Thumb Code     2  handlers.o(i.__scatterload_null)
    __scatterload_zeroinit                   0x08006191   Thumb Code    14  handlers.o(i.__scatterload_zeroinit)
    free                                     0x080064b1   Thumb Code    76  malloc.o(i.free)
    handleAllDevices                         0x0800669d   Thumb Code    98  global_device_manager.o(i.handleAllDevices)
    initAllDevices                           0x0800670d   Thumb Code    42  global_device_manager.o(i.initAllDevices)
    ledChannelManagerInit                    0x0800679d   Thumb Code    24  led_channel_manager.o(i.ledChannelManagerInit)
    ledFileDescriptorInit                    0x080067f9   Thumb Code    24  led_file.o(i.ledFileDescriptorInit)
    ledHardwareDeinit                        0x0800681d   Thumb Code   156  led_hardware_driver.o(i.ledHardwareDeinit)
    ledHardwareInit                          0x080068cd   Thumb Code   130  led_hardware_driver.o(i.ledHardwareInit)
    main                                     0x080069b1   Thumb Code   114  main.o(i.main)
    malloc                                   0x08006a31   Thumb Code    92  malloc.o(i.malloc)
    setChannelPWM_Value                      0x08006cad   Thumb Code    78  led_hardware_driver.o(i.setChannelPWM_Value)
    setLedFile                               0x08006d39   Thumb Code    34  global_device_manager.o(i.setLedFile)
    setStatusLedOn                           0x08006dc5   Thumb Code    14  status_led.o(i.setStatusLedOn)
    startAll                                 0x08006dd9   Thumb Code    46  global_device_manager.o(i.startAll)
    startCallingTimerWork                    0x08006e11   Thumb Code    10  calling_timer_control.o(i.startCallingTimerWork)
    stopCallingTimerWork                     0x08006e21   Thumb Code    10  calling_timer_control.o(i.stopCallingTimerWork)
    AHBPrescTable                            0x08007066   Data          16  system_stm32f1xx.o(.constdata)
    APBPrescTable                            0x08007076   Data           8  system_stm32f1xx.o(.constdata)
    Region$$Table$$Base                      0x080070ac   Number         0  anon$$obj.o(Region$$Table)
    Region$$Table$$Limit                     0x080070cc   Number         0  anon$$obj.o(Region$$Table)
    USER_Driver                              0x20000004   Data          20  user_diskio.o(.data)
    retUSER                                  0x20000018   Data           1  fatfs.o(.data)
    USERPath                                 0x20000019   Data           4  fatfs.o(.data)
    FS_Desc                                  0x20000020   Data          28  usbd_desc.o(.data)
    USBD_FS_DeviceDesc                       0x2000003c   Data          18  usbd_desc.o(.data)
    USBD_LangIDDesc                          0x20000050   Data           4  usbd_desc.o(.data)
    USBD_StringSerial                        0x20000054   Data          26  usbd_desc.o(.data)
    USBD_CustomHID_fops_FS                   0x20000098   Data          16  usbd_custom_hid_if.o(.data)
    uwTick                                   0x200000a8   Data           4  stm32f1xx_hal.o(.data)
    uwTickPrio                               0x200000ac   Data           4  stm32f1xx_hal.o(.data)
    uwTickFreq                               0x200000b0   Data           1  stm32f1xx_hal.o(.data)
    SystemCoreClock                          0x200000b4   Data           4  system_stm32f1xx.o(.data)
    USBD_CUSTOM_HID                          0x200000bc   Data          56  usbd_customhid.o(.data)
    __microlib_freelist                      0x20000194   Data           4  mvars.o(.data)
    __microlib_freelist_initialised          0x20000198   Data           4  mvars.o(.data)
    hspi2                                    0x2000019c   Data          88  main.o(.bss)
    htim1                                    0x200001f4   Data          72  main.o(.bss)
    htim3                                    0x2000023c   Data          72  main.o(.bss)
    htim4                                    0x20000284   Data          72  main.o(.bss)
    huart3                                   0x200002cc   Data          64  main.o(.bss)
    flash                                    0x2000030c   Data          24  user_diskio.o(.bss)
    hUsbDeviceFS                             0x20000324   Data         708  usb_device.o(.bss)
    hpcd_USB_FS                              0x200005e8   Data         748  usbd_conf.o(.bss)
    USBD_StrDesc                             0x2000092c   Data         512  usbd_desc.o(.bss)
    disk                                     0x20000bd4   Data          12  ff_gen_drv.o(.bss)
    __heap_base                              0x20000be0   Data           0  startup_stm32f103xb.o(HEAP)
    __heap_limit                             0x20001be0   Data           0  startup_stm32f103xb.o(HEAP)
    __initial_sp                             0x20001fe0   Data           0  startup_stm32f103xb.o(STACK)



==============================================================================

Memory Map of the image

  Image Entry point : 0x080000ed

  Load Region LR_IROM1 (Base: 0x08000000, Size: 0x00007268, Max: 0x00010000, ABSOLUTE, COMPRESSED[0x000071a4])

    Execution Region ER_IROM1 (Base: 0x08000000, Size: 0x000070cc, Max: 0x00010000, ABSOLUTE)

    Base Addr    Size         Type   Attr      Idx    E Section Name        Object

    0x08000000   0x000000ec   Data   RO            3    RESET               startup_stm32f103xb.o
    0x080000ec   0x00000000   Code   RO         5352  * .ARM.Collect$$$$00000000  mc_w.l(entry.o)
    0x080000ec   0x00000004   Code   RO         5405    .ARM.Collect$$$$00000001  mc_w.l(entry2.o)
    0x080000f0   0x00000004   Code   RO         5408    .ARM.Collect$$$$00000004  mc_w.l(entry5.o)
    0x080000f4   0x00000000   Code   RO         5410    .ARM.Collect$$$$00000008  mc_w.l(entry7b.o)
    0x080000f4   0x00000000   Code   RO         5412    .ARM.Collect$$$$0000000A  mc_w.l(entry8b.o)
    0x080000f4   0x00000008   Code   RO         5413    .ARM.Collect$$$$0000000B  mc_w.l(entry9a.o)
    0x080000fc   0x00000000   Code   RO         5415    .ARM.Collect$$$$0000000D  mc_w.l(entry10a.o)
    0x080000fc   0x00000000   Code   RO         5417    .ARM.Collect$$$$0000000F  mc_w.l(entry11a.o)
    0x080000fc   0x00000004   Code   RO         5406    .ARM.Collect$$$$00002712  mc_w.l(entry2.o)
    0x08000100   0x00000024   Code   RO            4    .text               startup_stm32f103xb.o
    0x08000124   0x00000024   Code   RO         5357    .text               mc_w.l(memcpya.o)
    0x08000148   0x00000024   Code   RO         5359    .text               mc_w.l(memseta.o)
    0x0800016c   0x000000b0   Code   RO         5391    .text               mf_w.l(fadd.o)
    0x0800021c   0x00000064   Code   RO         5393    .text               mf_w.l(fmul.o)
    0x08000280   0x0000007c   Code   RO         5395    .text               mf_w.l(fdiv.o)
    0x080002fc   0x0000000a   Code   RO         5397    .text               mf_w.l(ffltui.o)
    0x08000306   0x00000028   Code   RO         5399    .text               mf_w.l(ffixui.o)
    0x0800032e   0x00000002   PAD
    0x08000330   0x00000014   Code   RO         5401    .text               mf_w.l(cfcmple.o)
    0x08000344   0x00000014   Code   RO         5403    .text               mf_w.l(cfrcmple.o)
    0x08000358   0x00000000   Code   RO         5421    .text               mc_w.l(iusefp.o)
    0x08000358   0x0000006e   Code   RO         5422    .text               mf_w.l(fepilogue.o)
    0x080003c6   0x00000002   PAD
    0x080003c8   0x00000024   Code   RO         5424    .text               mc_w.l(init.o)
    0x080003ec   0x00000056   Code   RO         5434    .text               mc_w.l(__dczerorl2.o)
    0x08000442   0x00000004   Code   RO          734    i.BusFault_Handler  stm32f1xx_it.o
    0x08000446   0x00000004   Code   RO          694    i.CUSTOM_HID_DeInit_FS  usbd_custom_hid_if.o
    0x0800044a   0x00000004   Code   RO          695    i.CUSTOM_HID_Init_FS  usbd_custom_hid_if.o
    0x0800044e   0x00000006   Code   RO          696    i.CUSTOM_HID_OutEvent_FS  usbd_custom_hid_if.o
    0x08000454   0x00000002   Code   RO          735    i.DebugMon_Handler  stm32f1xx_it.o
    0x08000456   0x00000002   Code   RO           13    i.Error_Handler     main.o
    0x08000458   0x00000012   Code   RO         5278    i.FATFS_LinkDriver  ff_gen_drv.o
    0x0800046a   0x00000002   PAD
    0x0800046c   0x00000054   Code   RO         5279    i.FATFS_LinkDriverEx  ff_gen_drv.o
    0x080004c0   0x00000034   Code   RO          604    i.Get_SerialNum     usbd_desc.o
    0x080004f4   0x00000028   Code   RO         1390    i.HAL_Delay         stm32f1xx_hal.o
    0x0800051c   0x00000320   Code   RO         1703    i.HAL_GPIO_Init     stm32f1xx_hal_gpio.o
    0x0800083c   0x0000000c   Code   RO         1707    i.HAL_GPIO_WritePin  stm32f1xx_hal_gpio.o
    0x08000848   0x0000000c   Code   RO         1394    i.HAL_GetTick       stm32f1xx_hal.o
    0x08000854   0x00000018   Code   RO         1400    i.HAL_IncTick       stm32f1xx_hal.o
    0x0800086c   0x00000028   Code   RO         1401    i.HAL_Init          stm32f1xx_hal.o
    0x08000894   0x0000004c   Code   RO         1402    i.HAL_InitTick      stm32f1xx_hal.o
    0x080008e0   0x00000054   Code   RO          828    i.HAL_MspInit       stm32f1xx_hal_msp.o
    0x08000934   0x00000020   Code   RO         1863    i.HAL_NVIC_EnableIRQ  stm32f1xx_hal_cortex.o
    0x08000954   0x0000007c   Code   RO         1869    i.HAL_NVIC_SetPriority  stm32f1xx_hal_cortex.o
    0x080009d0   0x00000028   Code   RO         1870    i.HAL_NVIC_SetPriorityGrouping  stm32f1xx_hal_cortex.o
    0x080009f8   0x00000044   Code   RO         1163    i.HAL_PCDEx_PMAConfig  stm32f1xx_hal_pcd_ex.o
    0x08000a3c   0x00000002   Code   RO          392    i.HAL_PCDEx_SetConnectionState  usbd_conf.o
    0x08000a3e   0x00000020   Code   RO          394    i.HAL_PCD_DataInStageCallback  usbd_conf.o
    0x08000a5e   0x00000020   Code   RO          395    i.HAL_PCD_DataOutStageCallback  usbd_conf.o
    0x08000a7e   0x0000006a   Code   RO          939    i.HAL_PCD_EP_Close  stm32f1xx_hal_pcd.o
    0x08000ae8   0x0000007c   Code   RO          940    i.HAL_PCD_EP_ClrStall  stm32f1xx_hal_pcd.o
    0x08000b64   0x00000158   Code   RO          941    i.HAL_PCD_EP_DB_Receive  stm32f1xx_hal_pcd.o
    0x08000cbc   0x00000376   Code   RO          942    i.HAL_PCD_EP_DB_Transmit  stm32f1xx_hal_pcd.o
    0x08001032   0x0000008c   Code   RO          945    i.HAL_PCD_EP_Open   stm32f1xx_hal_pcd.o
    0x080010be   0x0000004c   Code   RO          946    i.HAL_PCD_EP_Receive  stm32f1xx_hal_pcd.o
    0x0800110a   0x00000088   Code   RO          947    i.HAL_PCD_EP_SetStall  stm32f1xx_hal_pcd.o
    0x08001192   0x00000056   Code   RO          948    i.HAL_PCD_EP_Transmit  stm32f1xx_hal_pcd.o
    0x080011e8   0x000001e2   Code   RO          950    i.HAL_PCD_IRQHandler  stm32f1xx_hal_pcd.o
    0x080013ca   0x00000158   Code   RO          953    i.HAL_PCD_Init      stm32f1xx_hal_pcd.o
    0x08001522   0x00000002   PAD
    0x08001524   0x00000044   Code   RO          400    i.HAL_PCD_MspInit   usbd_conf.o
    0x08001568   0x00000024   Code   RO          401    i.HAL_PCD_ResetCallback  usbd_conf.o
    0x0800158c   0x0000000e   Code   RO          402    i.HAL_PCD_ResumeCallback  usbd_conf.o
    0x0800159a   0x0000000e   Code   RO          403    i.HAL_PCD_SOFCallback  usbd_conf.o
    0x080015a8   0x00000036   Code   RO          959    i.HAL_PCD_SetAddress  stm32f1xx_hal_pcd.o
    0x080015de   0x00000012   Code   RO          404    i.HAL_PCD_SetupStageCallback  usbd_conf.o
    0x080015f0   0x0000003c   Code   RO          961    i.HAL_PCD_Start     stm32f1xx_hal_pcd.o
    0x0800162c   0x00000024   Code   RO          405    i.HAL_PCD_SuspendCallback  usbd_conf.o
    0x08001650   0x00000130   Code   RO         1666    i.HAL_RCCEx_PeriphCLKConfig  stm32f1xx_hal_rcc_ex.o
    0x08001780   0x0000018c   Code   RO         1558    i.HAL_RCC_ClockConfig  stm32f1xx_hal_rcc.o
    0x0800190c   0x0000000c   Code   RO         1563    i.HAL_RCC_GetHCLKFreq  stm32f1xx_hal_rcc.o
    0x08001918   0x00000020   Code   RO         1565    i.HAL_RCC_GetPCLK1Freq  stm32f1xx_hal_rcc.o
    0x08001938   0x00000020   Code   RO         1566    i.HAL_RCC_GetPCLK2Freq  stm32f1xx_hal_rcc.o
    0x08001958   0x00000098   Code   RO         1567    i.HAL_RCC_GetSysClockFreq  stm32f1xx_hal_rcc.o
    0x080019f0   0x00000464   Code   RO         1570    i.HAL_RCC_OscConfig  stm32f1xx_hal_rcc.o
    0x08001e54   0x000000be   Code   RO         2400    i.HAL_SPI_Init      stm32f1xx_hal_spi.o
    0x08001f12   0x00000002   PAD
    0x08001f14   0x00000088   Code   RO          830    i.HAL_SPI_MspInit   stm32f1xx_hal_msp.o
    0x08001f9c   0x0000022a   Code   RO         2409    i.HAL_SPI_TransmitReceive  stm32f1xx_hal_spi.o
    0x080021c6   0x00000034   Code   RO         1874    i.HAL_SYSTICK_Config  stm32f1xx_hal_cortex.o
    0x080021fa   0x00000002   Code   RO         3428    i.HAL_TIMEx_BreakCallback  stm32f1xx_hal_tim_ex.o
    0x080021fc   0x00000002   Code   RO         3429    i.HAL_TIMEx_CommutCallback  stm32f1xx_hal_tim_ex.o
    0x080021fe   0x00000074   Code   RO         3431    i.HAL_TIMEx_ConfigBreakDeadTime  stm32f1xx_hal_tim_ex.o
    0x08002272   0x00000002   PAD
    0x08002274   0x00000084   Code   RO         3447    i.HAL_TIMEx_MasterConfigSynchronization  stm32f1xx_hal_tim_ex.o
    0x080022f8   0x00000066   Code   RO         2713    i.HAL_TIM_Base_Init  stm32f1xx_hal_tim.o
    0x0800235e   0x00000002   PAD
    0x08002360   0x00000094   Code   RO          832    i.HAL_TIM_Base_MspInit  stm32f1xx_hal_msp.o
    0x080023f4   0x00000078   Code   RO         2718    i.HAL_TIM_Base_Start_IT  stm32f1xx_hal_tim.o
    0x0800246c   0x0000003e   Code   RO         2721    i.HAL_TIM_Base_Stop_IT  stm32f1xx_hal_tim.o
    0x080024aa   0x00000108   Code   RO         2722    i.HAL_TIM_ConfigClockSource  stm32f1xx_hal_tim.o
    0x080025b2   0x00000002   Code   RO         2747    i.HAL_TIM_IC_CaptureCallback  stm32f1xx_hal_tim.o
    0x080025b4   0x00000196   Code   RO         2761    i.HAL_TIM_IRQHandler  stm32f1xx_hal_tim.o
    0x0800274a   0x00000002   PAD
    0x0800274c   0x000000d8   Code   RO          833    i.HAL_TIM_MspPostInit  stm32f1xx_hal_msp.o
    0x08002824   0x00000002   Code   RO         2764    i.HAL_TIM_OC_DelayElapsedCallback  stm32f1xx_hal_tim.o
    0x08002826   0x000000fc   Code   RO         2785    i.HAL_TIM_PWM_ConfigChannel  stm32f1xx_hal_tim.o
    0x08002922   0x00000066   Code   RO         2788    i.HAL_TIM_PWM_Init  stm32f1xx_hal_tim.o
    0x08002988   0x00000002   Code   RO         2790    i.HAL_TIM_PWM_MspInit  stm32f1xx_hal_tim.o
    0x0800298a   0x00000002   Code   RO         2791    i.HAL_TIM_PWM_PulseFinishedCallback  stm32f1xx_hal_tim.o
    0x0800298c   0x000000d4   Code   RO         2793    i.HAL_TIM_PWM_Start  stm32f1xx_hal_tim.o
    0x08002a60   0x0000009c   Code   RO         2796    i.HAL_TIM_PWM_Stop  stm32f1xx_hal_tim.o
    0x08002afc   0x0000001c   Code   RO          736    i.HAL_TIM_PeriodElapsedCallback  stm32f1xx_it.o
    0x08002b18   0x00000002   Code   RO         2804    i.HAL_TIM_TriggerCallback  stm32f1xx_hal_tim.o
    0x08002b1a   0x00000072   Code   RO         3720    i.HAL_UART_Init     stm32f1xx_hal_uart.o
    0x08002b8c   0x00000088   Code   RO          835    i.HAL_UART_MspInit  stm32f1xx_hal_msp.o
    0x08002c14   0x00000004   Code   RO          737    i.HardFault_Handler  stm32f1xx_it.o
    0x08002c18   0x0000003e   Code   RO          605    i.IntToUnicode      usbd_desc.o
    0x08002c56   0x00000002   PAD
    0x08002c58   0x0000001c   Code   RO          307    i.MX_FATFS_Init     fatfs.o
    0x08002c74   0x00000110   Code   RO           14    i.MX_GPIO_Init      main.o
    0x08002d84   0x00000044   Code   RO           15    i.MX_SPI2_Init      main.o
    0x08002dc8   0x000000e8   Code   RO           16    i.MX_TIM1_Init      main.o
    0x08002eb0   0x000000b4   Code   RO           17    i.MX_TIM3_Init      main.o
    0x08002f64   0x000000b4   Code   RO           18    i.MX_TIM4_Init      main.o
    0x08003018   0x00000038   Code   RO           19    i.MX_USART3_UART_Init  main.o
    0x08003050   0x0000005c   Code   RO          344    i.MX_USB_DEVICE_Init  usb_device.o
    0x080030ac   0x00000004   Code   RO          738    i.MemManage_Handler  stm32f1xx_it.o
    0x080030b0   0x00000002   Code   RO          739    i.NMI_Handler       stm32f1xx_it.o
    0x080030b2   0x000003e2   Code   RO          965    i.PCD_EP_ISR_Handler  stm32f1xx_hal_pcd.o
    0x08003494   0x00000002   Code   RO          740    i.PendSV_Handler    stm32f1xx_it.o
    0x08003496   0x00000002   PAD
    0x08003498   0x00000028   Code   RO         1571    i.RCC_Delay         stm32f1xx_hal_rcc.o
    0x080034c0   0x00000028   Code   RO         2438    i.SPI_EndRxTxTransaction  stm32f1xx_hal_spi.o
    0x080034e8   0x00000014   Code   RO         4735    i.SPI_FlashBlockRead  spi_flash.o
    0x080034fc   0x00000020   Code   RO         4736    i.SPI_FlashBlockWrite  spi_flash.o
    0x0800351c   0x00000048   Code   RO         4737    i.SPI_FlashInit     spi_flash.o
    0x08003564   0x0000000e   Code   RO         4738    i.SPI_Receive       spi_flash.o
    0x08003572   0x00000020   Code   RO         4739    i.SPI_Transfer      spi_flash.o
    0x08003592   0x00000010   Code   RO         4740    i.SPI_Transmit      spi_flash.o
    0x080035a2   0x00000002   PAD
    0x080035a4   0x000000d8   Code   RO         2443    i.SPI_WaitFlagStateUntilTimeout  stm32f1xx_hal_spi.o
    0x0800367c   0x00000002   Code   RO          741    i.SVC_Handler       stm32f1xx_it.o
    0x0800367e   0x00000008   Code   RO          742    i.SysTick_Handler   stm32f1xx_it.o
    0x08003686   0x00000082   Code   RO           20    i.SystemClock_Config  main.o
    0x08003708   0x00000058   Code   RO         4027    i.SystemInit        system_stm32f1xx.o
    0x08003760   0x00000010   Code   RO          743    i.TIM1_UP_IRQHandler  stm32f1xx_it.o
    0x08003770   0x00000074   Code   RO         2806    i.TIM_Base_SetConfig  stm32f1xx_hal_tim.o
    0x080037e4   0x00000022   Code   RO         2807    i.TIM_CCxChannelCmd  stm32f1xx_hal_tim.o
    0x08003806   0x00000016   Code   RO         2817    i.TIM_ETR_SetConfig  stm32f1xx_hal_tim.o
    0x0800381c   0x00000012   Code   RO         2818    i.TIM_ITRx_SetConfig  stm32f1xx_hal_tim.o
    0x0800382e   0x00000002   PAD
    0x08003830   0x00000060   Code   RO         2819    i.TIM_OC1_SetConfig  stm32f1xx_hal_tim.o
    0x08003890   0x00000068   Code   RO         2820    i.TIM_OC2_SetConfig  stm32f1xx_hal_tim.o
    0x080038f8   0x00000068   Code   RO         2821    i.TIM_OC3_SetConfig  stm32f1xx_hal_tim.o
    0x08003960   0x00000048   Code   RO         2822    i.TIM_OC4_SetConfig  stm32f1xx_hal_tim.o
    0x080039a8   0x00000026   Code   RO         2824    i.TIM_TI1_ConfigInputStage  stm32f1xx_hal_tim.o
    0x080039ce   0x00000028   Code   RO         2826    i.TIM_TI2_ConfigInputStage  stm32f1xx_hal_tim.o
    0x080039f6   0x00000002   PAD
    0x080039f8   0x000000fc   Code   RO         3747    i.UART_SetConfig    stm32f1xx_hal_uart.o
    0x08003af4   0x0000000e   Code   RO         4356    i.USBD_CUSTOM_HID_DataIn  usbd_customhid.o
    0x08003b02   0x00000026   Code   RO         4357    i.USBD_CUSTOM_HID_DataOut  usbd_customhid.o
    0x08003b28   0x00000040   Code   RO         4358    i.USBD_CUSTOM_HID_DeInit  usbd_customhid.o
    0x08003b68   0x00000022   Code   RO         4359    i.USBD_CUSTOM_HID_EP0_RxReady  usbd_customhid.o
    0x08003b8a   0x00000002   PAD
    0x08003b8c   0x00000010   Code   RO         4360    i.USBD_CUSTOM_HID_GetDeviceQualifierDesc  usbd_customhid.o
    0x08003b9c   0x00000010   Code   RO         4361    i.USBD_CUSTOM_HID_GetFSCfgDesc  usbd_customhid.o
    0x08003bac   0x00000010   Code   RO         4362    i.USBD_CUSTOM_HID_GetHSCfgDesc  usbd_customhid.o
    0x08003bbc   0x00000010   Code   RO         4363    i.USBD_CUSTOM_HID_GetOtherSpeedCfgDesc  usbd_customhid.o
    0x08003bcc   0x00000062   Code   RO         4364    i.USBD_CUSTOM_HID_Init  usbd_customhid.o
    0x08003c2e   0x0000000e   Code   RO         4365    i.USBD_CUSTOM_HID_RegisterInterface  usbd_customhid.o
    0x08003c3c   0x00000174   Code   RO         4367    i.USBD_CUSTOM_HID_Setup  usbd_customhid.o
    0x08003db0   0x00000016   Code   RO         4063    i.USBD_ClrClassConfig  usbd_core.o
    0x08003dc6   0x0000003e   Code   RO         4201    i.USBD_ClrFeature   usbd_ctlreq.o
    0x08003e04   0x00000018   Code   RO         4296    i.USBD_CtlContinueRx  usbd_ioreq.o
    0x08003e1c   0x00000018   Code   RO         4297    i.USBD_CtlContinueSendData  usbd_ioreq.o
    0x08003e34   0x00000018   Code   RO         4202    i.USBD_CtlError     usbd_ctlreq.o
    0x08003e4c   0x00000028   Code   RO         4298    i.USBD_CtlPrepareRx  usbd_ioreq.o
    0x08003e74   0x0000001a   Code   RO         4299    i.USBD_CtlReceiveStatus  usbd_ioreq.o
    0x08003e8e   0x00000022   Code   RO         4300    i.USBD_CtlSendData  usbd_ioreq.o
    0x08003eb0   0x0000001a   Code   RO         4301    i.USBD_CtlSendStatus  usbd_ioreq.o
    0x08003eca   0x00000002   PAD
    0x08003ecc   0x0000003c   Code   RO          606    i.USBD_FS_ConfigStrDescriptor  usbd_desc.o
    0x08003f08   0x00000010   Code   RO          607    i.USBD_FS_DeviceDescriptor  usbd_desc.o
    0x08003f18   0x00000038   Code   RO          608    i.USBD_FS_InterfaceStrDescriptor  usbd_desc.o
    0x08003f50   0x00000010   Code   RO          609    i.USBD_FS_LangIDStrDescriptor  usbd_desc.o
    0x08003f60   0x00000028   Code   RO          610    i.USBD_FS_ManufacturerStrDescriptor  usbd_desc.o
    0x08003f88   0x00000038   Code   RO          611    i.USBD_FS_ProductStrDescriptor  usbd_desc.o
    0x08003fc0   0x00000018   Code   RO          612    i.USBD_FS_SerialStrDescriptor  usbd_desc.o
    0x08003fd8   0x00000056   Code   RO         4203    i.USBD_GetConfig    usbd_ctlreq.o
    0x0800402e   0x000001f4   Code   RO         4204    i.USBD_GetDescriptor  usbd_ctlreq.o
    0x08004222   0x00000014   Code   RO         4205    i.USBD_GetLen       usbd_ctlreq.o
    0x08004236   0x0000005a   Code   RO         4206    i.USBD_GetStatus    usbd_ctlreq.o
    0x08004290   0x00000052   Code   RO         4207    i.USBD_GetString    usbd_ctlreq.o
    0x080042e2   0x0000002c   Code   RO          406    i.USBD_Get_USB_Status  usbd_conf.o
    0x0800430e   0x00000032   Code   RO         4065    i.USBD_Init         usbd_core.o
    0x08004340   0x00000026   Code   RO          407    i.USBD_LL_ClearStallEP  usbd_conf.o
    0x08004366   0x00000026   Code   RO          408    i.USBD_LL_CloseEP   usbd_conf.o
    0x0800438c   0x00000100   Code   RO         4066    i.USBD_LL_DataInStage  usbd_core.o
    0x0800448c   0x000000a6   Code   RO         4067    i.USBD_LL_DataOutStage  usbd_core.o
    0x08004532   0x00000002   PAD
    0x08004534   0x00000074   Code   RO          413    i.USBD_LL_Init      usbd_conf.o
    0x080045a8   0x00000038   Code   RO          414    i.USBD_LL_IsStallEP  usbd_conf.o
    0x080045e0   0x00000030   Code   RO          415    i.USBD_LL_OpenEP    usbd_conf.o
    0x08004610   0x00000030   Code   RO          416    i.USBD_LL_PrepareReceive  usbd_conf.o
    0x08004640   0x0000005c   Code   RO         4072    i.USBD_LL_Reset     usbd_core.o
    0x0800469c   0x00000016   Code   RO         4073    i.USBD_LL_Resume    usbd_core.o
    0x080046b2   0x00000022   Code   RO         4074    i.USBD_LL_SOF       usbd_core.o
    0x080046d4   0x00000008   Code   RO         4075    i.USBD_LL_SetSpeed  usbd_core.o
    0x080046dc   0x00000026   Code   RO          417    i.USBD_LL_SetUSBAddress  usbd_conf.o
    0x08004702   0x0000006e   Code   RO         4076    i.USBD_LL_SetupStage  usbd_core.o
    0x08004770   0x00000026   Code   RO          418    i.USBD_LL_StallEP   usbd_conf.o
    0x08004796   0x0000001e   Code   RO          419    i.USBD_LL_Start     usbd_conf.o
    0x080047b4   0x00000014   Code   RO         4077    i.USBD_LL_Suspend   usbd_core.o
    0x080047c8   0x00000030   Code   RO          421    i.USBD_LL_Transmit  usbd_conf.o
    0x080047f8   0x00000028   Code   RO         4208    i.USBD_ParseSetupRequest  usbd_ctlreq.o
    0x08004820   0x00000010   Code   RO         4078    i.USBD_RegisterClass  usbd_core.o
    0x08004830   0x00000006   Code   RO         4079    i.USBD_RunTestMode  usbd_core.o
    0x08004836   0x0000005a   Code   RO         4209    i.USBD_SetAddress   usbd_ctlreq.o
    0x08004890   0x00000022   Code   RO         4080    i.USBD_SetClassConfig  usbd_core.o
    0x080048b2   0x00000002   PAD
    0x080048b4   0x000000e8   Code   RO         4210    i.USBD_SetConfig    usbd_ctlreq.o
    0x0800499c   0x00000018   Code   RO         4211    i.USBD_SetFeature   usbd_ctlreq.o
    0x080049b4   0x0000000e   Code   RO         4081    i.USBD_Start        usbd_core.o
    0x080049c2   0x000000a2   Code   RO         4212    i.USBD_StdDevReq    usbd_ctlreq.o
    0x08004a64   0x00000238   Code   RO         4213    i.USBD_StdEPReq     usbd_ctlreq.o
    0x08004c9c   0x0000007e   Code   RO         4214    i.USBD_StdItfReq    usbd_ctlreq.o
    0x08004d1a   0x00000002   Code   RO          422    i.USBD_static_free  usbd_conf.o
    0x08004d1c   0x0000000c   Code   RO          423    i.USBD_static_malloc  usbd_conf.o
    0x08004d28   0x0000044c   Code   RO         1203    i.USB_ActivateEndpoint  stm32f1xx_ll_usb.o
    0x08005174   0x00000008   Code   RO         1206    i.USB_CoreInit      stm32f1xx_ll_usb.o
    0x0800517c   0x0000027c   Code   RO         1208    i.USB_DeactivateEndpoint  stm32f1xx_ll_usb.o
    0x080053f8   0x00000006   Code   RO         1209    i.USB_DevConnect    stm32f1xx_ll_usb.o
    0x080053fe   0x00000006   Code   RO         1210    i.USB_DevDisconnect  stm32f1xx_ll_usb.o
    0x08005404   0x00000016   Code   RO         1211    i.USB_DevInit       stm32f1xx_ll_usb.o
    0x0800541a   0x00000014   Code   RO         1212    i.USB_DisableGlobalInt  stm32f1xx_ll_usb.o
    0x0800542e   0x00000006   Code   RO         1213    i.USB_EP0_OutStart  stm32f1xx_ll_usb.o
    0x08005434   0x000000da   Code   RO         1214    i.USB_EPClearStall  stm32f1xx_ll_usb.o
    0x0800550e   0x0000005c   Code   RO         1215    i.USB_EPSetStall    stm32f1xx_ll_usb.o
    0x0800556a   0x000009fe   Code   RO         1216    i.USB_EPStartXfer   stm32f1xx_ll_usb.o
    0x08005f68   0x00000012   Code   RO         1217    i.USB_EnableGlobalInt  stm32f1xx_ll_usb.o
    0x08005f7a   0x00000002   PAD
    0x08005f7c   0x00000010   Code   RO          744    i.USB_LP_CAN1_RX0_IRQHandler  stm32f1xx_it.o
    0x08005f8c   0x00000008   Code   RO         1224    i.USB_ReadInterrupts  stm32f1xx_ll_usb.o
    0x08005f94   0x0000004a   Code   RO         1225    i.USB_ReadPMA       stm32f1xx_ll_usb.o
    0x08005fde   0x00000006   Code   RO         1226    i.USB_SetCurrentMode  stm32f1xx_ll_usb.o
    0x08005fe4   0x0000000e   Code   RO         1227    i.USB_SetDevAddress  stm32f1xx_ll_usb.o
    0x08005ff2   0x00000042   Code   RO         1229    i.USB_WritePMA      stm32f1xx_ll_usb.o
    0x08006034   0x00000058   Code   RO          242    i.USER_initialize   user_diskio.o
    0x0800608c   0x0000003c   Code   RO          243    i.USER_ioctl        user_diskio.o
    0x080060c8   0x00000034   Code   RO          244    i.USER_read         user_diskio.o
    0x080060fc   0x0000000c   Code   RO          245    i.USER_status       user_diskio.o
    0x08006108   0x0000003c   Code   RO          246    i.USER_write        user_diskio.o
    0x08006144   0x00000004   Code   RO          745    i.UsageFault_Handler  stm32f1xx_it.o
    0x08006148   0x00000010   Code   RO         1876    i.__NVIC_GetPriorityGrouping  stm32f1xx_hal_cortex.o
    0x08006158   0x00000028   Code   RO         1877    i.__NVIC_SetPriority  stm32f1xx_hal_cortex.o
    0x08006180   0x0000000e   Code   RO         5428    i.__scatterload_copy  mc_w.l(handlers.o)
    0x0800618e   0x00000002   Code   RO         5429    i.__scatterload_null  mc_w.l(handlers.o)
    0x08006190   0x0000000e   Code   RO         5430    i.__scatterload_zeroinit  mc_w.l(handlers.o)
    0x0800619e   0x00000082   Code   RO         4741    i.bufferRead        spi_flash.o
    0x08006220   0x00000068   Code   RO         4742    i.bufferWrite       spi_flash.o
    0x08006288   0x00000070   Code   RO         4743    i.bufferWriteByte   spi_flash.o
    0x080062f8   0x00000038   Code   RO         4744    i.bufferWriteReliable  spi_flash.o
    0x08006330   0x00000014   Code   RO         4590    i.closeFileFunction  led_file.o
    0x08006344   0x0000009e   Code   RO         4745    i.compareAndCorrectBufferAndData  spi_flash.o
    0x080063e2   0x000000ae   Code   RO         4746    i.compareBufferAndDataZeros  spi_flash.o
    0x08006490   0x00000010   Code   RO         4747    i.flashDeselect     spi_flash.o
    0x080064a0   0x00000010   Code   RO         4748    i.flashSelect       spi_flash.o
    0x080064b0   0x00000050   Code   RO         5363    i.free              mc_w.l(malloc.o)
    0x08006500   0x000000cc   Code   RO         4591    i.getChannelValueFunction  led_file.o
    0x080065cc   0x000000d0   Code   RO         4749    i.getFlashStatus    spi_flash.o
    0x0800669c   0x00000070   Code   RO         4697    i.handleAllDevices  global_device_manager.o
    0x0800670c   0x00000030   Code   RO         4698    i.initAllDevices    global_device_manager.o
    0x0800673c   0x0000000e   Code   RO         4750    i.isLastCompareResultError  spi_flash.o
    0x0800674a   0x0000000e   Code   RO         4751    i.isLastWriteResultError  spi_flash.o
    0x08006758   0x00000024   Code   RO         4592    i.isLedFileHeaderCorrect  led_file.o
    0x0800677c   0x0000001e   Code   RO         4638    i.ledChannelEndRecording  led_channel_manager.o
    0x0800679a   0x00000002   PAD
    0x0800679c   0x00000028   Code   RO         4639    i.ledChannelManagerInit  led_channel_manager.o
    0x080067c4   0x00000034   Code   RO         4640    i.ledChannelStartRecording  led_channel_manager.o
    0x080067f8   0x00000024   Code   RO         4593    i.ledFileDescriptorInit  led_file.o
    0x0800681c   0x000000b0   Code   RO         4442    i.ledHardwareDeinit  led_hardware_driver.o
    0x080068cc   0x0000009c   Code   RO         4443    i.ledHardwareInit   led_hardware_driver.o
    0x08006968   0x00000046   Code   RO         4641    i.linkFile          led_channel_manager.o
    0x080069ae   0x00000002   PAD
    0x080069b0   0x00000080   Code   RO           21    i.main              main.o
    0x08006a30   0x0000006c   Code   RO         5364    i.malloc            mc_w.l(malloc.o)
    0x08006a9c   0x0000006e   Code   RO         4752    i.pageToBufferTransfer  spi_flash.o
    0x08006b0a   0x0000006e   Code   RO         4753    i.pageWithBufferCompare  spi_flash.o
    0x08006b78   0x000000e0   Code   RO         4594    i.readFileFunction  led_file.o
    0x08006c58   0x00000052   Code   RO         4754    i.readTwoPages      spi_flash.o
    0x08006caa   0x00000002   PAD
    0x08006cac   0x0000005c   Code   RO         4444    i.setChannelPWM_Value  led_hardware_driver.o
    0x08006d08   0x0000002e   Code   RO         4642    i.setHardwarePWM_Value  led_channel_manager.o
    0x08006d36   0x00000002   PAD
    0x08006d38   0x00000028   Code   RO         4699    i.setLedFile        global_device_manager.o
    0x08006d60   0x00000062   Code   RO         4755    i.setPageSize       spi_flash.o
    0x08006dc2   0x00000002   PAD
    0x08006dc4   0x00000014   Code   RO         4483    i.setStatusLedOn    status_led.o
    0x08006dd8   0x00000038   Code   RO         4700    i.startAll          global_device_manager.o
    0x08006e10   0x00000010   Code   RO         4556    i.startCallingTimerWork  calling_timer_control.o
    0x08006e20   0x00000010   Code   RO         4557    i.stopCallingTimerWork  calling_timer_control.o
    0x08006e30   0x00000014   Code   RO         4756    i.waitOfFlashReady  spi_flash.o
    0x08006e44   0x0000006e   Code   RO         4757    i.writePageWithErasing  spi_flash.o
    0x08006eb2   0x0000006e   Code   RO         4758    i.writePageWithoutErasing  spi_flash.o
    0x08006f20   0x00000146   Code   RO         4759    i.writeTwoPagesWithoutUnnecessaryErasing  spi_flash.o
    0x08007066   0x00000018   Data   RO         4028    .constdata          system_stm32f1xx.o
    0x0800707e   0x00000002   PAD
    0x08007080   0x0000002c   Data   RO         4595    .constdata          led_file.o
    0x080070ac   0x00000020   Data   RO         5426    Region$$Table       anon$$obj.o


    Execution Region RW_IRAM1 (Base: 0x20000000, Size: 0x00001fe0, Max: 0x00005000, ABSOLUTE, COMPRESSED[0x000000d8])

    Base Addr    Size         Type   Attr      Idx    E Section Name        Object

    0x20000000   0x00000018   Data   RW          248    .data               user_diskio.o
    0x20000018   0x00000005   Data   RW          310    .data               fatfs.o
    0x2000001d   0x00000003   PAD
    0x20000020   0x0000004e   Data   RW          614    .data               usbd_desc.o
    0x2000006e   0x00000002   PAD
    0x20000070   0x00000038   Data   RW          697    .data               usbd_custom_hid_if.o
    0x200000a8   0x00000009   Data   RW         1408    .data               stm32f1xx_hal.o
    0x200000b1   0x00000003   PAD
    0x200000b4   0x00000004   Data   RW         4029    .data               system_stm32f1xx.o
    0x200000b8   0x00000001   Data   RW         4215    .data               usbd_ctlreq.o
    0x200000b9   0x00000003   PAD
    0x200000bc   0x000000d2   Data   RW         4368    .data               usbd_customhid.o
    0x2000018e   0x00000002   PAD
    0x20000190   0x00000004   Data   RW         4703    .data               global_device_manager.o
    0x20000194   0x00000004   Data   RW         5419    .data               mc_w.l(mvars.o)
    0x20000198   0x00000004   Data   RW         5420    .data               mc_w.l(mvars.o)
    0x2000019c   0x00000170   Zero   RW           22    .bss                main.o
    0x2000030c   0x00000018   Zero   RW          247    .bss                user_diskio.o
    0x20000324   0x000002c4   Zero   RW          345    .bss                usb_device.o
    0x200005e8   0x00000344   Zero   RW          424    .bss                usbd_conf.o
    0x2000092c   0x00000200   Zero   RW          613    .bss                usbd_desc.o
    0x20000b2c   0x000000a8   Zero   RW         4701    .bss                global_device_manager.o
    0x20000bd4   0x0000000c   Zero   RW         5282    .bss                ff_gen_drv.o
    0x20000be0   0x00001000   Zero   RW            2    HEAP                startup_stm32f103xb.o
    0x20001be0   0x00000400   Zero   RW            1    STACK               startup_stm32f103xb.o


==============================================================================

Image component sizes


      Code (inc. data)   RO Data    RW Data    ZI Data      Debug   Object Name

        32         12          0          0          0        991   calling_timer_control.o
        28         12          0          5          0        986   fatfs.o
       102          6          0          0         12       1583   ff_gen_drv.o
       256         36          0          4        168       3314   global_device_manager.o
       238         16          0          0          0       3248   led_channel_manager.o
       520         24         44          0          0       4520   led_file.o
       424         78          0          0          0       1904   led_hardware_driver.o
      1248         78          0          0        368     460705   main.o
      2154          0          0          0          0      17875   spi_flash.o
        36          8        236          0       5120        788   startup_stm32f103xb.o
        20          6          0          0          0        461   status_led.o
       192         36          0          9          0       5769   stm32f1xx_hal.o
       304         22          0          0          0      29319   stm32f1xx_hal_cortex.o
       812         34          0          0          0       2632   stm32f1xx_hal_gpio.o
       720         76          0          0          0       3604   stm32f1xx_hal_msp.o
      3832          0          0          0          0      12809   stm32f1xx_hal_pcd.o
        68          0          0          0          0       1150   stm32f1xx_hal_pcd_ex.o
      1788        114          0          0          0       5892   stm32f1xx_hal_rcc.o
       304         14          0          0          0       1368   stm32f1xx_hal_rcc_ex.o
      1000          6          0          0          0       4385   stm32f1xx_hal_spi.o
      2330         64          0          0          0      16474   stm32f1xx_hal_tim.o
       252         14          0          0          0       3121   stm32f1xx_hal_tim_ex.o
       366          4          0          0          0       1684   stm32f1xx_hal_uart.o
        92         16          0          0          0       5586   stm32f1xx_it.o
      4858          0          0          0          0      18703   stm32f1xx_ll_usb.o
        88         18         24          4          0       1115   system_stm32f1xx.o
        92         22          0          0        708       2154   usb_device.o
       808         30          0          0        836      13237   usbd_conf.o
       850          0          0          0          0       9719   usbd_core.o
      2106         28          0          1          0      10468   usbd_ctlreq.o
        14          0          0         56          0       1960   usbd_custom_hid_if.o
       698         40          0        210          0       9790   usbd_customhid.o
       382        118          0         78        512       6169   usbd_desc.o
       174          0          0          0          0       4436   usbd_ioreq.o
       272         36          0         24         24       4914   user_diskio.o

    ----------------------------------------------------------------------
     27502        968        338        404       7748     672833   Object Totals
         0          0         32          0          0          0   (incl. Generated)
        42          0          2         13          0          0   (incl. Padding)

    ----------------------------------------------------------------------

      Code (inc. data)   RO Data    RW Data    ZI Data      Debug   Library Member Name

        86          0          0          0          0          0   __dczerorl2.o
         0          0          0          0          0          0   entry.o
         0          0          0          0          0          0   entry10a.o
         0          0          0          0          0          0   entry11a.o
         8          4          0          0          0          0   entry2.o
         4          0          0          0          0          0   entry5.o
         0          0          0          0          0          0   entry7b.o
         0          0          0          0          0          0   entry8b.o
         8          4          0          0          0          0   entry9a.o
        30          0          0          0          0          0   handlers.o
        36          8          0          0          0         68   init.o
         0          0          0          0          0          0   iusefp.o
       188         20          0          0          0        160   malloc.o
        36          0          0          0          0         68   memcpya.o
        36          0          0          0          0        108   memseta.o
         0          0          0          8          0          0   mvars.o
        20          0          0          0          0         68   cfcmple.o
        20          0          0          0          0         68   cfrcmple.o
       176          0          0          0          0        140   fadd.o
       124          0          0          0          0         88   fdiv.o
       110          0          0          0          0        168   fepilogue.o
        40          0          0          0          0         68   ffixui.o
        10          0          0          0          0         68   ffltui.o
       100          0          0          0          0         76   fmul.o

    ----------------------------------------------------------------------
      1036         36          0          8          0       1148   Library Totals
         4          0          0          0          0          0   (incl. Padding)

    ----------------------------------------------------------------------

      Code (inc. data)   RO Data    RW Data    ZI Data      Debug   Library Name

       432         36          0          8          0        404   mc_w.l
       600          0          0          0          0        744   mf_w.l

    ----------------------------------------------------------------------
      1036         36          0          8          0       1148   Library Totals

    ----------------------------------------------------------------------

==============================================================================


      Code (inc. data)   RO Data    RW Data    ZI Data      Debug   

     28538       1004        338        412       7748     661161   Grand Totals
     28538       1004        338        216       7748     661161   ELF Image Totals (compressed)
     28538       1004        338        216          0          0   ROM Totals

==============================================================================

    Total RO  Size (Code + RO Data)                28876 (  28.20kB)
    Total RW  Size (RW Data + ZI Data)              8160 (   7.97kB)
    Total ROM Size (Code + RO Data + RW Data)      29092 (  28.41kB)

==============================================================================

