Component: ARM Compiler 5.06 update 1 (build 61) Tool: armlink [4d35a8]

==============================================================================

Section Cross References

    startup_stm32f103xb.o(RESET) refers to startup_stm32f103xb.o(STACK) for __initial_sp
    startup_stm32f103xb.o(RESET) refers to startup_stm32f103xb.o(.text) for Reset_Handler
    startup_stm32f103xb.o(RESET) refers to stm32f1xx_it.o(i.NMI_Handler) for NMI_Handler
    startup_stm32f103xb.o(RESET) refers to stm32f1xx_it.o(i.HardFault_Handler) for HardFault_Handler
    startup_stm32f103xb.o(RESET) refers to stm32f1xx_it.o(i.MemManage_Handler) for MemManage_Handler
    startup_stm32f103xb.o(RESET) refers to stm32f1xx_it.o(i.BusFault_Handler) for BusFault_Handler
    startup_stm32f103xb.o(RESET) refers to stm32f1xx_it.o(i.UsageFault_Handler) for UsageFault_Handler
    startup_stm32f103xb.o(RESET) refers to stm32f1xx_it.o(i.SVC_Handler) for SVC_Handler
    startup_stm32f103xb.o(RESET) refers to stm32f1xx_it.o(i.DebugMon_Handler) for DebugMon_Handler
    startup_stm32f103xb.o(RESET) refers to stm32f1xx_it.o(i.PendSV_Handler) for PendSV_Handler
    startup_stm32f103xb.o(RESET) refers to stm32f1xx_it.o(i.SysTick_Handler) for SysTick_Handler
    startup_stm32f103xb.o(RESET) refers to stm32f1xx_it.o(i.USB_LP_CAN1_RX0_IRQHandler) for USB_LP_CAN1_RX0_IRQHandler
    startup_stm32f103xb.o(RESET) refers to stm32f1xx_it.o(i.TIM1_UP_IRQHandler) for TIM1_UP_IRQHandler
    startup_stm32f103xb.o(.text) refers to system_stm32f1xx.o(i.SystemInit) for SystemInit
    startup_stm32f103xb.o(.text) refers to entry.o(.ARM.Collect$$$$00000000) for __main
    main.o(i.MX_GPIO_Init) refers to stm32f1xx_hal_gpio.o(i.HAL_GPIO_WritePin) for HAL_GPIO_WritePin
    main.o(i.MX_GPIO_Init) refers to stm32f1xx_hal_gpio.o(i.HAL_GPIO_Init) for HAL_GPIO_Init
    main.o(i.MX_SPI2_Init) refers to stm32f1xx_hal_spi.o(i.HAL_SPI_Init) for HAL_SPI_Init
    main.o(i.MX_SPI2_Init) refers to main.o(i.Error_Handler) for Error_Handler
    main.o(i.MX_SPI2_Init) refers to main.o(.bss) for hspi2
    main.o(i.MX_TIM1_Init) refers to memseta.o(.text) for __aeabi_memclr4
    main.o(i.MX_TIM1_Init) refers to stm32f1xx_hal_tim.o(i.HAL_TIM_Base_Init) for HAL_TIM_Base_Init
    main.o(i.MX_TIM1_Init) refers to main.o(i.Error_Handler) for Error_Handler
    main.o(i.MX_TIM1_Init) refers to stm32f1xx_hal_tim.o(i.HAL_TIM_ConfigClockSource) for HAL_TIM_ConfigClockSource
    main.o(i.MX_TIM1_Init) refers to stm32f1xx_hal_tim.o(i.HAL_TIM_PWM_Init) for HAL_TIM_PWM_Init
    main.o(i.MX_TIM1_Init) refers to stm32f1xx_hal_tim.o(i.HAL_TIM_OC_Init) for HAL_TIM_OC_Init
    main.o(i.MX_TIM1_Init) refers to stm32f1xx_hal_tim_ex.o(i.HAL_TIMEx_MasterConfigSynchronization) for HAL_TIMEx_MasterConfigSynchronization
    main.o(i.MX_TIM1_Init) refers to stm32f1xx_hal_tim.o(i.HAL_TIM_PWM_ConfigChannel) for HAL_TIM_PWM_ConfigChannel
    main.o(i.MX_TIM1_Init) refers to stm32f1xx_hal_tim.o(i.HAL_TIM_OC_ConfigChannel) for HAL_TIM_OC_ConfigChannel
    main.o(i.MX_TIM1_Init) refers to stm32f1xx_hal_tim_ex.o(i.HAL_TIMEx_ConfigBreakDeadTime) for HAL_TIMEx_ConfigBreakDeadTime
    main.o(i.MX_TIM1_Init) refers to stm32f1xx_hal_msp.o(i.HAL_TIM_MspPostInit) for HAL_TIM_MspPostInit
    main.o(i.MX_TIM1_Init) refers to main.o(.bss) for htim1
    main.o(i.MX_TIM3_Init) refers to memseta.o(.text) for __aeabi_memclr4
    main.o(i.MX_TIM3_Init) refers to stm32f1xx_hal_tim.o(i.HAL_TIM_Base_Init) for HAL_TIM_Base_Init
    main.o(i.MX_TIM3_Init) refers to main.o(i.Error_Handler) for Error_Handler
    main.o(i.MX_TIM3_Init) refers to stm32f1xx_hal_tim.o(i.HAL_TIM_ConfigClockSource) for HAL_TIM_ConfigClockSource
    main.o(i.MX_TIM3_Init) refers to stm32f1xx_hal_tim.o(i.HAL_TIM_PWM_Init) for HAL_TIM_PWM_Init
    main.o(i.MX_TIM3_Init) refers to stm32f1xx_hal_tim_ex.o(i.HAL_TIMEx_MasterConfigSynchronization) for HAL_TIMEx_MasterConfigSynchronization
    main.o(i.MX_TIM3_Init) refers to stm32f1xx_hal_tim.o(i.HAL_TIM_PWM_ConfigChannel) for HAL_TIM_PWM_ConfigChannel
    main.o(i.MX_TIM3_Init) refers to stm32f1xx_hal_msp.o(i.HAL_TIM_MspPostInit) for HAL_TIM_MspPostInit
    main.o(i.MX_TIM3_Init) refers to main.o(.bss) for htim3
    main.o(i.MX_TIM4_Init) refers to memseta.o(.text) for __aeabi_memclr4
    main.o(i.MX_TIM4_Init) refers to stm32f1xx_hal_tim.o(i.HAL_TIM_Base_Init) for HAL_TIM_Base_Init
    main.o(i.MX_TIM4_Init) refers to main.o(i.Error_Handler) for Error_Handler
    main.o(i.MX_TIM4_Init) refers to stm32f1xx_hal_tim.o(i.HAL_TIM_ConfigClockSource) for HAL_TIM_ConfigClockSource
    main.o(i.MX_TIM4_Init) refers to stm32f1xx_hal_tim.o(i.HAL_TIM_PWM_Init) for HAL_TIM_PWM_Init
    main.o(i.MX_TIM4_Init) refers to stm32f1xx_hal_tim_ex.o(i.HAL_TIMEx_MasterConfigSynchronization) for HAL_TIMEx_MasterConfigSynchronization
    main.o(i.MX_TIM4_Init) refers to stm32f1xx_hal_tim.o(i.HAL_TIM_PWM_ConfigChannel) for HAL_TIM_PWM_ConfigChannel
[...]
    i.TIM_CCxChannelCmd                      0x080038d4   Section        0  stm32f1xx_hal_tim.o(i.TIM_CCxChannelCmd)
    i.TIM_ETR_SetConfig                      0x080038f6   Section        0  stm32f1xx_hal_tim.o(i.TIM_ETR_SetConfig)
    i.TIM_ITRx_SetConfig                     0x0800390c   Section        0  stm32f1xx_hal_tim.o(i.TIM_ITRx_SetConfig)
    TIM_ITRx_SetConfig                       0x0800390d   Thumb Code    18  stm32f1xx_hal_tim.o(i.TIM_ITRx_SetConfig)
    i.TIM_OC1_SetConfig                      0x08003920   Section        0  stm32f1xx_hal_tim.o(i.TIM_OC1_SetConfig)
    TIM_OC1_SetConfig                        0x08003921   Thumb Code    90  stm32f1xx_hal_tim.o(i.TIM_OC1_SetConfig)
    i.TIM_OC2_SetConfig                      0x08003980   Section        0  stm32f1xx_hal_tim.o(i.TIM_OC2_SetConfig)
    i.TIM_OC3_SetConfig                      0x080039e8   Section        0  stm32f1xx_hal_tim.o(i.TIM_OC3_SetConfig)
    TIM_OC3_SetConfig                        0x080039e9   Thumb Code    98  stm32f1xx_hal_tim.o(i.TIM_OC3_SetConfig)
    i.TIM_OC4_SetConfig                      0x08003a50   Section        0  stm32f1xx_hal_tim.o(i.TIM_OC4_SetConfig)
    TIM_OC4_SetConfig                        0x08003a51   Thumb Code    68  stm32f1xx_hal_tim.o(i.TIM_OC4_SetConfig)
    i.TIM_TI1_ConfigInputStage               0x08003a98   Section        0  stm32f1xx_hal_tim.o(i.TIM_TI1_ConfigInputStage)
    TIM_TI1_ConfigInputStage                 0x08003a99   Thumb Code    38  stm32f1xx_hal_tim.o(i.TIM_TI1_ConfigInputStage)
    i.TIM_TI2_ConfigInputStage               0x08003abe   Section        0  stm32f1xx_hal_tim.o(i.TIM_TI2_ConfigInputStage)
    TIM_TI2_ConfigInputStage                 0x08003abf   Thumb Code    40  stm32f1xx_hal_tim.o(i.TIM_TI2_ConfigInputStage)
    i.UART_SetConfig                         0x08003ae8   Section        0  stm32f1xx_hal_uart.o(i.UART_SetConfig)
    UART_SetConfig                           0x08003ae9   Thumb Code   248  stm32f1xx_hal_uart.o(i.UART_SetConfig)
    i.USBD_CUSTOM_HID_DataIn                 0x08003be4   Section        0  usbd_customhid.o(i.USBD_CUSTOM_HID_DataIn)
    USBD_CUSTOM_HID_DataIn                   0x08003be5   Thumb Code    12  usbd_customhid.o(i.USBD_CUSTOM_HID_DataIn)
    i.USBD_CUSTOM_HID_DataOut                0x08003bf0   Section        0  usbd_customhid.o(i.USBD_CUSTOM_HID_DataOut)
    USBD_CUSTOM_HID_DataOut                  0x08003bf1   Thumb Code    38  usbd_customhid.o(i.USBD_CUSTOM_HID_DataOut)
    i.USBD_CUSTOM_HID_DeInit                 0x08003c16   Section        0  usbd_customhid.o(i.USBD_CUSTOM_HID_DeInit)
    USBD_CUSTOM_HID_DeInit                   0x08003c17   Thumb Code    64  usbd_customhid.o(i.USBD_CUSTOM_HID_DeInit)
    i.USBD_CUSTOM_HID_EP0_RxReady            0x08003c56   Section        0  usbd_customhid.o(i.USBD_CUSTOM_HID_EP0_RxReady)
    USBD_CUSTOM_HID_EP0_RxReady              0x08003c57   Thumb Code    34  usbd_customhid.o(i.USBD_CUSTOM_HID_EP0_RxReady)
    i.USBD_CUSTOM_HID_GetDeviceQualifierDesc 0x08003c78   Section        0  usbd_customhid.o(i.USBD_CUSTOM_HID_GetDeviceQualifierDesc)
    USBD_CUSTOM_HID_GetDeviceQualifierDesc   0x08003c79   Thumb Code    10  usbd_customhid.o(i.USBD_CUSTOM_HID_GetDeviceQualifierDesc)
    i.USBD_CUSTOM_HID_GetFSCfgDesc           0x08003c88   Section        0  usbd_customhid.o(i.USBD_CUSTOM_HID_GetFSCfgDesc)
    USBD_CUSTOM_HID_GetFSCfgDesc             0x08003c89   Thumb Code    10  usbd_customhid.o(i.USBD_CUSTOM_HID_GetFSCfgDesc)
    i.USBD_CUSTOM_HID_GetHSCfgDesc           0x08003c98   Section        0  usbd_customhid.o(i.USBD_CUSTOM_HID_GetHSCfgDesc)
    USBD_CUSTOM_HID_GetHSCfgDesc             0x08003c99   Thumb Code    10  usbd_customhid.o(i.USBD_CUSTOM_HID_GetHSCfgDesc)
    i.USBD_CUSTOM_HID_GetOtherSpeedCfgDesc   0x08003ca8   Section        0  usbd_customhid.o(i.USBD_CUSTOM_HID_GetOtherSpeedCfgDesc)
    USBD_CUSTOM_HID_GetOtherSpeedCfgDesc     0x08003ca9   Thumb Code    10  usbd_customhid.o(i.USBD_CUSTOM_HID_GetOtherSpeedCfgDesc)
    i.USBD_CUSTOM_HID_Init                   0x08003cb8   Section        0  usbd_customhid.o(i.USBD_CUSTOM_HID_Init)
    USBD_CUSTOM_HID_Init                     0x08003cb9   Thumb Code    96  usbd_customhid.o(i.USBD_CUSTOM_HID_Init)
    i.USBD_CUSTOM_HID_RegisterInterface      0x08003d18   Section        0  usbd_customhid.o(i.USBD_CUSTOM_HID_RegisterInterface)
    i.USBD_CUSTOM_HID_Setup                  0x08003d28   Section        0  usbd_customhid.o(i.USBD_CUSTOM_HID_Setup)
    USBD_CUSTOM_HID_Setup                    0x08003d29   Thumb Code   364  usbd_customhid.o(i.USBD_CUSTOM_HID_Setup)
    i.USBD_ClrClassConfig                    0x08003e98   Section        0  usbd_core.o(i.USBD_ClrClassConfig)
    i.USBD_ClrFeature                        0x08003eae   Section        0  usbd_ctlreq.o(i.USBD_ClrFeature)
    USBD_ClrFeature                          0x08003eaf   Thumb Code    62  usbd_ctlreq.o(i.USBD_ClrFeature)
    i.USBD_CtlContinueRx                     0x08003eec   Section        0  usbd_ioreq.o(i.USBD_CtlContinueRx)
    i.USBD_CtlContinueSendData               0x08003f04   Section        0  usbd_ioreq.o(i.USBD_CtlContinueSendData)
    i.USBD_CtlError                          0x08003f1c   Section        0  usbd_ctlreq.o(i.USBD_CtlError)
    i.USBD_CtlPrepareRx                      0x08003f34   Section        0  usbd_ioreq.o(i.USBD_CtlPrepareRx)
    i.USBD_CtlReceiveStatus                  0x08003f5c   Section        0  usbd_ioreq.o(i.USBD_CtlReceiveStatus)
    i.USBD_CtlSendData                       0x08003f76   Section        0  usbd_ioreq.o(i.USBD_CtlSendData)
    i.USBD_CtlSendStatus                     0x08003f98   Section        0  usbd_ioreq.o(i.USBD_CtlSendStatus)
    i.USBD_FS_ConfigStrDescriptor            0x08003fb4   Section        0  usbd_desc.o(i.USBD_FS_ConfigStrDescriptor)
    i.USBD_FS_DeviceDescriptor               0x08003ff0   Section        0  usbd_desc.o(i.USBD_FS_DeviceDescriptor)
    i.USBD_FS_InterfaceStrDescriptor         0x08004000   Section        0  usbd_desc.o(i.USBD_FS_InterfaceStrDescriptor)
    i.USBD_FS_LangIDStrDescriptor            0x08004038   Section        0  usbd_desc.o(i.USBD_FS_LangIDStrDescriptor)
    i.USBD_FS_ManufacturerStrDescriptor      0x08004048   Section        0  usbd_desc.o(i.USBD_FS_ManufacturerStrDescriptor)
    i.USBD_FS_ProductStrDescriptor           0x08004070   Section        0  usbd_desc.o(i.USBD_FS_ProductStrDescriptor)
    i.USBD_FS_SerialStrDescriptor            0x080040a8   Section        0  usbd_desc.o(i.USBD_FS_SerialStrDescriptor)
    i.USBD_GetConfig                         0x080040c0   Section        0  usbd_ctlreq.o(i.USBD_GetConfig)
    USBD_GetConfig                           0x080040c1   Thumb Code    86  usbd_ctlreq.o(i.USBD_GetConfig)
    i.USBD_GetDescriptor                     0x08004116   Section        0  usbd_ctlreq.o(i.USBD_GetDescriptor)
    USBD_GetDescriptor                       0x08004117   Thumb Code   500  usbd_ctlreq.o(i.USBD_GetDescriptor)
    i.USBD_GetLen                            0x0800430a   Section        0  usbd_ctlreq.o(i.USBD_GetLen)
    USBD_GetLen                              0x0800430b   Thumb Code    20  usbd_ctlreq.o(i.USBD_GetLen)
    i.USBD_GetStatus                         0x0800431e   Section        0  usbd_ctlreq.o(i.USBD_GetStatus)
    USBD_GetStatus                           0x0800431f   Thumb Code    90  usbd_ctlreq.o(i.USBD_GetStatus)
    i.USBD_GetString                         0x08004378   Section        0  usbd_ctlreq.o(i.USBD_GetString)
    i.USBD_Get_USB_Status                    0x080043ca   Section        0  usbd_conf.o(i.USBD_Get_USB_Status)
    USBD_Get_USB_Status                      0x080043cb   Thumb Code    44  usbd_conf.o(i.USBD_Get_USB_Status)
    i.USBD_Init                              0x080043f6   Section        0  usbd_core.o(i.USBD_Init)
    i.USBD_LL_ClearStallEP                   0x08004428   Section        0  usbd_conf.o(i.USBD_LL_ClearStallEP)
    i.USBD_LL_CloseEP                        0x0800444e   Section        0  usbd_conf.o(i.USBD_LL_CloseEP)
    i.USBD_LL_DataInStage                    0x08004474   Section        0  usbd_core.o(i.USBD_LL_DataInStage)
    i.USBD_LL_DataOutStage                   0x08004574   Section        0  usbd_core.o(i.USBD_LL_DataOutStage)
    i.USBD_LL_Init                           0x0800461c   Section        0  usbd_conf.o(i.USBD_LL_Init)
    i.USBD_LL_IsStallEP                      0x08004690   Section        0  usbd_conf.o(i.USBD_LL_IsStallEP)
    i.USBD_LL_OpenEP                         0x080046c8   Section        0  usbd_conf.o(i.USBD_LL_OpenEP)
    i.USBD_LL_PrepareReceive                 0x080046f8   Section        0  usbd_conf.o(i.USBD_LL_PrepareReceive)
    i.USBD_LL_Reset                          0x08004728   Section        0  usbd_core.o(i.USBD_LL_Reset)
    i.USBD_LL_Resume                         0x08004784   Section        0  usbd_core.o(i.USBD_LL_Resume)
    i.USBD_LL_SOF                            0x0800479a   Section        0  usbd_core.o(i.USBD_LL_SOF)
    i.USBD_LL_SetSpeed                       0x080047bc   Section        0  usbd_core.o(i.USBD_LL_SetSpeed)
    i.USBD_LL_SetUSBAddress                  0x080047c4   Section        0  usbd_conf.o(i.USBD_LL_SetUSBAddress)
    i.USBD_LL_SetupStage                     0x080047ea   Section        0  usbd_core.o(i.USBD_LL_SetupStage)
    i.USBD_LL_StallEP                        0x08004858   Section        0  usbd_conf.o(i.USBD_LL_StallEP)
    i.USBD_LL_Start                          0x0800487e   Section        0  usbd_conf.o(i.USBD_LL_Start)
    i.USBD_LL_Suspend                        0x0800489c   Section        0  usbd_core.o(i.USBD_LL_Suspend)
    i.USBD_LL_Transmit                       0x080048b0   Section        0  usbd_conf.o(i.USBD_LL_Transmit)
    i.USBD_ParseSetupRequest                 0x080048e0   Section        0  usbd_ctlreq.o(i.USBD_ParseSetupRequest)
    i.USBD_RegisterClass                     0x08004908   Section        0  usbd_core.o(i.USBD_RegisterClass)
    i.USBD_RunTestMode                       0x08004918   Section        0  usbd_core.o(i.USBD_RunTestMode)
    i.USBD_SetAddress                        0x0800491e   Section        0  usbd_ctlreq.o(i.USBD_SetAddress)
    USBD_SetAddress                          0x0800491f   Thumb Code    90  usbd_ctlreq.o(i.USBD_SetAddress)
    i.USBD_SetClassConfig                    0x08004978   Section        0  usbd_core.o(i.USBD_SetClassConfig)
    i.USBD_SetConfig                         0x0800499c   Section        0  usbd_ctlreq.o(i.USBD_SetConfig)
    USBD_SetConfig                           0x0800499d   Thumb Code   228  usbd_ctlreq.o(i.USBD_SetConfig)
    i.USBD_SetFeature                        0x08004a84   Section        0  usbd_ctlreq.o(i.USBD_SetFeature)
    USBD_SetFeature                          0x08004a85   Thumb Code    24  usbd_ctlreq.o(i.USBD_SetFeature)
    i.USBD_Start                             0x08004a9c   Section        0  usbd_core.o(i.USBD_Start)
    i.USBD_StdDevReq                         0x08004aaa   Section        0  usbd_ctlreq.o(i.USBD_StdDevReq)
    i.USBD_StdEPReq                          0x08004b4c   Section        0  usbd_ctlreq.o(i.USBD_StdEPReq)
    i.USBD_StdItfReq                         0x08004d84   Section        0  usbd_ctlreq.o(i.USBD_StdItfReq)
    i.USBD_static_free                       0x08004e02   Section        0  usbd_conf.o(i.USBD_static_free)
    i.USBD_static_malloc                     0x08004e04   Section        0  usbd_conf.o(i.USBD_static_malloc)
    i.USB_ActivateEndpoint                   0x08004e10   Section        0  stm32f1xx_ll_usb.o(i.USB_ActivateEndpoint)
    i.USB_CoreInit                           0x0800525c   Section        0  stm32f1xx_ll_usb.o(i.USB_CoreInit)
    i.USB_DeactivateEndpoint                 0x08005264   Section        0  stm32f1xx_ll_usb.o(i.USB_DeactivateEndpoint)
    i.USB_DevConnect                         0x080054e0   Section        0  stm32f1xx_ll_usb.o(i.USB_DevConnect)
    i.USB_DevDisconnect                      0x080054e6   Section        0  stm32f1xx_ll_usb.o(i.USB_DevDisconnect)
    i.USB_DevInit                            0x080054ec   Section        0  stm32f1xx_ll_usb.o(i.USB_DevInit)
    i.USB_DisableGlobalInt                   0x08005502   Section        0  stm32f1xx_ll_usb.o(i.USB_DisableGlobalInt)
    i.USB_EP0_OutStart                       0x08005516   Section        0  stm32f1xx_ll_usb.o(i.USB_EP0_OutStart)
    i.USB_EPClearStall                       0x0800551c   Section        0  stm32f1xx_ll_usb.o(i.USB_EPClearStall)
    i.USB_EPSetStall                         0x080055f6   Section        0  stm32f1xx_ll_usb.o(i.USB_EPSetStall)
    i.USB_EPStartXfer                        0x08005652   Section        0  stm32f1xx_ll_usb.o(i.USB_EPStartXfer)
    i.USB_EnableGlobalInt                    0x08006050   Section        0  stm32f1xx_ll_usb.o(i.USB_EnableGlobalInt)
    i.USB_LP_CAN1_RX0_IRQHandler             0x08006064   Section        0  stm32f1xx_it.o(i.USB_LP_CAN1_RX0_IRQHandler)
    i.USB_ReadInterrupts                     0x08006074   Section        0  stm32f1xx_ll_usb.o(i.USB_ReadInterrupts)
    i.USB_ReadPMA                            0x0800607c   Section        0  stm32f1xx_ll_usb.o(i.USB_ReadPMA)
    i.USB_SetCurrentMode                     0x080060c6   Section        0  stm32f1xx_ll_usb.o(i.USB_SetCurrentMode)
    i.USB_SetDevAddress                      0x080060cc   Section        0  stm32f1xx_ll_usb.o(i.USB_SetDevAddress)
    i.USB_WritePMA                           0x080060da   Section        0  stm32f1xx_ll_usb.o(i.USB_WritePMA)
    i.USER_initialize                        0x0800611c   Section        0  user_diskio.o(i.USER_initialize)
    i.USER_ioctl                             0x08006174   Section        0  user_diskio.o(i.USER_ioctl)
    i.USER_read                              0x080061b0   Section        0  user_diskio.o(i.USER_read)
    i.USER_status                            0x080061e4   Section        0  user_diskio.o(i.USER_status)
    i.USER_write                             0x080061f0   Section        0  user_diskio.o(i.USER_write)
    i.UsageFault_Handler                     0x0800622c   Section        0  stm32f1xx_it.o(i.UsageFault_Handler)
    i.__NVIC_GetPriorityGrouping             0x08006230   Section        0  stm32f1xx_hal_cortex.o(i.__NVIC_GetPriorityGrouping)
    __NVIC_GetPriorityGrouping               0x08006231   Thumb Code    10  stm32f1xx_hal_cortex.o(i.__NVIC_GetPriorityGrouping)
    i.__NVIC_SetPriority                     0x08006240   Section        0  stm32f1xx_hal_cortex.o(i.__NVIC_SetPriority)
    __NVIC_SetPriority                       0x08006241   Thumb Code    32  stm32f1xx_hal_cortex.o(i.__NVIC_SetPriority)
    i.__scatterload_copy                     0x08006268   Section       14  handlers.o(i.__scatterload_copy)
    i.__scatterload_null                     0x08006276   Section        2  handlers.o(i.__scatterload_null)
    i.__scatterload_zeroinit                 0x08006278   Section       14  handlers.o(i.__scatterload_zeroinit)
    i.bufferRead                             0x08006286   Section        0  spi_flash.o(i.bufferRead)
    bufferRead                               0x08006287   Thumb Code   130  spi_flash.o(i.bufferRead)
    i.bufferWrite                            0x08006308   Section        0  spi_flash.o(i.bufferWrite)
    bufferWrite                              0x08006309   Thumb Code   104  spi_flash.o(i.bufferWrite)
    i.bufferWriteByte                        0x08006370   Section        0  spi_flash.o(i.bufferWriteByte)
    bufferWriteByte                          0x08006371   Thumb Code   112  spi_flash.o(i.bufferWriteByte)
    i.bufferWriteReliable                    0x080063e0   Section        0  spi_flash.o(i.bufferWriteReliable)
    bufferWriteReliable                      0x080063e1   Thumb Code    56  spi_flash.o(i.bufferWriteReliable)
    i.closeFileFunction                      0x08006418   Section        0  led_file.o(i.closeFileFunction)
    closeFileFunction                        0x08006419   Thumb Code    16  led_file.o(i.closeFileFunction)
    i.compareAndCorrectBufferAndData         0x08006428   Section        0  spi_flash.o(i.compareAndCorrectBufferAndData)
    compareAndCorrectBufferAndData           0x08006429   Thumb Code   158  spi_flash.o(i.compareAndCorrectBufferAndData)
    i.compareBufferAndDataZeros              0x080064c6   Section        0  spi_flash.o(i.compareBufferAndDataZeros)
    compareBufferAndDataZeros                0x080064c7   Thumb Code   174  spi_flash.o(i.compareBufferAndDataZeros)
    i.flashDeselect                          0x08006574   Section        0  spi_flash.o(i.flashDeselect)
    flashDeselect                            0x08006575   Thumb Code    16  spi_flash.o(i.flashDeselect)
    i.flashSelect                            0x08006584   Section        0  spi_flash.o(i.flashSelect)
    flashSelect                              0x08006585   Thumb Code    16  spi_flash.o(i.flashSelect)
    i.free                                   0x08006594   Section        0  malloc.o(i.free)
    i.getChannelValueFunction                0x080065e4   Section        0  led_file.o(i.getChannelValueFunction)
    getChannelValueFunction                  0x080065e5   Thumb Code   210  led_file.o(i.getChannelValueFunction)
    i.getFlashStatus                         0x080066bc   Section        0  spi_flash.o(i.getFlashStatus)
    getFlashStatus                           0x080066bd   Thumb Code   208  spi_flash.o(i.getFlashStatus)
    i.handleAllDevices                       0x0800678c   Section        0  global_device_manager.o(i.handleAllDevices)
    i.initAllDevices                         0x08006800   Section        0  global_device_manager.o(i.initAllDevices)
    i.isLastCompareResultError               0x08006830   Section        0  spi_flash.o(i.isLastCompareResultError)
    isLastCompareResultError                 0x08006831   Thumb Code    14  spi_flash.o(i.isLastCompareResultError)
    i.isLastWriteResultError                 0x0800683e   Section        0  spi_flash.o(i.isLastWriteResultError)
    isLastWriteResultError                   0x0800683f   Thumb Code    14  spi_flash.o(i.isLastWriteResultError)
    i.ledChannelEndRecording                 0x0800684c   Section        0  led_channel_manager.o(i.ledChannelEndRecording)
    ledChannelEndRecording                   0x0800684d   Thumb Code    30  led_channel_manager.o(i.ledChannelEndRecording)
    i.ledChannelManagerInit                  0x0800686c   Section        0  led_channel_manager.o(i.ledChannelManagerInit)
    i.ledChannelStartRecording               0x08006894   Section        0  led_channel_manager.o(i.ledChannelStartRecording)
    ledChannelStartRecording                 0x08006895   Thumb Code    52  led_channel_manager.o(i.ledChannelStartRecording)
    i.ledFileDescriptorInit                  0x080068c8   Section        0  led_file.o(i.ledFileDescriptorInit)
    i.ledHardwareDeinit                      0x080068ec   Section        0  led_hardware_driver.o(i.ledHardwareDeinit)
    i.ledHardwareInit                        0x080069a4   Section        0  led_hardware_driver.o(i.ledHardwareInit)
    i.linkFile                               0x08006a44   Section        0  led_channel_manager.o(i.linkFile)
    linkFile                                 0x08006a45   Thumb Code    70  led_channel_manager.o(i.linkFile)
    i.main                                   0x08006a8c   Section        0  main.o(i.main)
    i.malloc                                 0x08006ae4   Section        0  malloc.o(i.malloc)
    i.pageToBufferTransfer                   0x08006b50   Section        0  spi_flash.o(i.pageToBufferTransfer)
    pageToBufferTransfer                     0x08006b51   Thumb Code   110  spi_flash.o(i.pageToBufferTransfer)
    i.pageWithBufferCompare                  0x08006bbe   Section        0  spi_flash.o(i.pageWithBufferCompare)
    pageWithBufferCompare                    0x08006bbf   Thumb Code   110  spi_flash.o(i.pageWithBufferCompare)
    i.readFileFunction                       0x08006c2c   Section        0  led_file.o(i.readFileFunction)
    i.readTwoPages                           0x08006d00   Section        0  spi_flash.o(i.readTwoPages)
    readTwoPages                             0x08006d01   Thumb Code    82  spi_flash.o(i.readTwoPages)
    i.setChannelPWM_Value                    0x08006d54   Section        0  led_hardware_driver.o(i.setChannelPWM_Value)
    i.setHardwarePWM_Value                   0x08006db0   Section        0  led_channel_manager.o(i.setHardwarePWM_Value)
    setHardwarePWM_Value                     0x08006db1   Thumb Code    46  led_channel_manager.o(i.setHardwarePWM_Value)
    i.setLedFile                             0x08006de0   Section        0  global_device_manager.o(i.setLedFile)
    i.setPageSize                            0x08006e08   Section        0  spi_flash.o(i.setPageSize)
    setPageSize                              0x08006e09   Thumb Code    98  spi_flash.o(i.setPageSize)
    i.setStatusLedOn                         0x08006e6c   Section        0  status_led.o(i.setStatusLedOn)
    i.startAll                               0x08006e80   Section        0  global_device_manager.o(i.startAll)
    i.waitOfFlashReady                       0x08006ebc   Section        0  spi_flash.o(i.waitOfFlashReady)
    waitOfFlashReady                         0x08006ebd   Thumb Code    20  spi_flash.o(i.waitOfFlashReady)
    i.writePageWithErasing                   0x08006ed0   Section        0  spi_flash.o(i.writePageWithErasing)
    writePageWithErasing                     0x08006ed1   Thumb Code   110  spi_flash.o(i.writePageWithErasing)
    i.writePageWithoutErasing                0x08006f3e   Section        0  spi_flash.o(i.writePageWithoutErasing)
    writePageWithoutErasing                  0x08006f3f   Thumb Code   110  spi_flash.o(i.writePageWithoutErasing)
    i.writeTwoPagesWithoutUnnecessaryErasing 0x08006fac   Section        0  spi_flash.o(i.writeTwoPagesWithoutUnnecessaryErasing)
    writeTwoPagesWithoutUnnecessaryErasing   0x08006fad   Thumb Code   326  spi_flash.o(i.writeTwoPagesWithoutUnnecessaryErasing)
    .constdata                               0x080070f2   Section       24  system_stm32f1xx.o(.constdata)
    .constdata                               0x0800710c   Section       44  led_file.o(.constdata)
    .data                                    0x20000000   Section       24  user_diskio.o(.data)
    Stat                                     0x20000000   Data           1  user_diskio.o(.data)
    .data                                    0x20000018   Section        5  fatfs.o(.data)
    .data                                    0x20000020   Section       78  usbd_desc.o(.data)
    .data                                    0x20000070   Section       56  usbd_custom_hid_if.o(.data)
    CUSTOM_HID_ReportDesc_FS                 0x20000070   Data          38  usbd_custom_hid_if.o(.data)
    .data                                    0x200000a8   Section        9  stm32f1xx_hal.o(.data)
    .data                                    0x200000b4   Section        4  system_stm32f1xx.o(.data)
    .data                                    0x200000b8   Section        1  usbd_ctlreq.o(.data)
    cfgidx                                   0x200000b8   Data           1  usbd_ctlreq.o(.data)
    .data                                    0x200000bc   Section      210  usbd_customhid.o(.data)
    USBD_CUSTOM_HID_CfgFSDesc                0x200000f4   Data          41  usbd_customhid.o(.data)
    USBD_CUSTOM_HID_CfgHSDesc                0x20000120   Data          41  usbd_customhid.o(.data)
    USBD_CUSTOM_HID_OtherSpeedCfgDesc        0x2000014c   Data          41  usbd_customhid.o(.data)
    USBD_CUSTOM_HID_Desc                     0x20000178   Data           9  usbd_customhid.o(.data)
    USBD_CUSTOM_HID_DeviceQualifierDesc      0x20000184   Data          10  usbd_customhid.o(.data)
    .data                                    0x20000190   Section        4  global_device_manager.o(.data)
    timeOfStart                              0x20000190   Data           4  global_device_manager.o(.data)
    .data                                    0x20000194   Section        4  mvars.o(.data)
    .data                                    0x20000198   Section        4  mvars.o(.data)
    .bss                                     0x2000019c   Section      368  main.o(.bss)
    .bss                                     0x2000030c   Section       24  user_diskio.o(.bss)
    .bss                                     0x20000324   Section      708  usb_device.o(.bss)
    .bss                                     0x200005e8   Section      776  usbd_conf.o(.bss)
    mem                                      0x200008d4   Data          28  usbd_conf.o(.bss)
    .bss                                     0x200008f0   Section      512  usbd_desc.o(.bss)
    .bss                                     0x20000af0   Section      168  global_device_manager.o(.bss)
    ledChannels                              0x20000af0   Data         168  global_device_manager.o(.bss)
    .bss                                     0x20000b98   Section       12  ff_gen_drv.o(.bss)
    HEAP                                     0x20000ba8   Section     4096  startup_stm32f103xb.o(HEAP)
    STACK                                    0x20001ba8   Section     1024  startup_stm32f103xb.o(STACK)

    Global Symbols

    Symbol Name                              Value     Ov Type        Size  Object(Section)

    BuildAttributes$$THM_ISAv4$P$D$K$B$S$PE$A:L22UL41UL21$X:L11$S22US41US21$IEEE1$IW$USESV6$~STKCKD$USESV7$~SHL$OTIME$ROPI$EBA8$MICROLIB$REQ8$PRES8$EABIv2 0x00000000   Number         0  anon$$obj.o ABSOLUTE
    __ARM_use_no_argv                        0x00000000   Number         0  main.o ABSOLUTE
    __cpp_initialize__aeabi_                  - Undefined Weak Reference
    __cxa_finalize                            - Undefined Weak Reference
    _clock_init                               - Undefined Weak Reference
    _microlib_exit                            - Undefined Weak Reference
    __Vectors_Size                           0x000000ec   Number         0  startup_stm32f103xb.o ABSOLUTE
    __Vectors                                0x08000000   Data           4  startup_stm32f103xb.o(RESET)
    __Vectors_End                            0x080000ec   Data           0  startup_stm32f103xb.o(RESET)
    __main                                   0x080000ed   Thumb Code     0  entry.o(.ARM.Collect$$$$00000000)
    _main_stk                                0x080000ed   Thumb Code     0  entry2.o(.ARM.Collect$$$$00000001)
    _main_scatterload                        0x080000f1   Thumb Code     0  entry5.o(.ARM.Collect$$$$00000004)
    __main_after_scatterload                 0x080000f5   Thumb Code     0  entry5.o(.ARM.Collect$$$$00000004)
    _main_clock                              0x080000f5   Thumb Code     0  entry7b.o(.ARM.Collect$$$$00000008)
    _main_cpp_init                           0x080000f5   Thumb Code     0  entry8b.o(.ARM.Collect$$$$0000000A)
    _main_init                               0x080000f5   Thumb Code     0  entry9a.o(.ARM.Collect$$$$0000000B)
    __rt_final_cpp                           0x080000fd   Thumb Code     0  entry10a.o(.ARM.Collect$$$$0000000D)
    __rt_final_exit                          0x080000fd   Thumb Code     0  entry11a.o(.ARM.Collect$$$$0000000F)
    Reset_Handler                            0x08000101   Thumb Code     8  startup_stm32f103xb.o(.text)
    ADC1_2_IRQHandler                        0x0800011b   Thumb Code     0  startup_stm32f103xb.o(.text)
    CAN1_RX1_IRQHandler                      0x0800011b   Thumb Code     0  startup_stm32f103xb.o(.text)
    CAN1_SCE_IRQHandler                      0x0800011b   Thumb Code     0  startup_stm32f103xb.o(.text)
    DMA1_Channel1_IRQHandler                 0x0800011b   Thumb Code     0  startup_stm32f103xb.o(.text)
    DMA1_Channel2_IRQHandler                 0x0800011b   Thumb Code     0  startup_stm32f103xb.o(.text)
    DMA1_Channel3_IRQHandler                 0x0800011b   Thumb Code     0  startup_stm32f103xb.o(.text)
    DMA1_Channel4_IRQHandler                 0x0800011b   Thumb Code     0  startup_stm32f103xb.o(.text)
    DMA1_Channel5_IRQHandler                 0x0800011b   Thumb Code     0  startup_stm32f103xb.o(.text)
    DMA1_Channel6_IRQHandler                 0x0800011b   Thumb Code     0  startup_stm32f103xb.o(.text)
    DMA1_Channel7_IRQHandler                 0x0800011b   Thumb Code     0  startup_stm32f103xb.o(.text)
    EXTI0_IRQHandler                         0x0800011b   Thumb Code     0  startup_stm32f103xb.o(.text)
    EXTI15_10_IRQHandler                     0x0800011b   Thumb Code     0  startup_stm32f103xb.o(.text)
    EXTI1_IRQHandler                         0x0800011b   Thumb Code     0  startup_stm32f103xb.o(.text)
    EXTI2_IRQHandler                         0x0800011b   Thumb Code     0  startup_stm32f103xb.o(.text)
    EXTI3_IRQHandler                         0x0800011b   Thumb Code     0  startup_stm32f103xb.o(.text)
    EXTI4_IRQHandler                         0x0800011b   Thumb Code     0  startup_stm32f103xb.o(.text)
    EXTI9_5_IRQHandler                       0x0800011b   Thumb Code     0  startup_stm32f103xb.o(.text)
    FLASH_IRQHandler                         0x0800011b   Thumb Code     0  startup_stm32f103xb.o(.text)
    I2C1_ER_IRQHandler                       0x0800011b   Thumb Code     0  startup_stm32f103xb.o(.text)
    I2C1_EV_IRQHandler                       0x0800011b   Thumb Code     0  startup_stm32f103xb.o(.text)
    I2C2_ER_IRQHandler                       0x0800011b   Thumb Code     0  startup_stm32f103xb.o(.text)
    I2C2_EV_IRQHandler                       0x0800011b   Thumb Code     0  startup_stm32f103xb.o(.text)
    PVD_IRQHandler                           0x0800011b   Thumb Code     0  startup_stm32f103xb.o(.text)
    RCC_IRQHandler                           0x0800011b   Thumb Code     0  startup_stm32f103xb.o(.text)
    RTC_Alarm_IRQHandler                     0x0800011b   Thumb Code     0  startup_stm32f103xb.o(.text)
    RTC_IRQHandler                           0x0800011b   Thumb Code     0  startup_stm32f103xb.o(.text)
    SPI1_IRQHandler                          0x0800011b   Thumb Code     0  startup_stm32f103xb.o(.text)
    SPI2_IRQHandler                          0x0800011b   Thumb Code     0  startup_stm32f103xb.o(.text)
    TAMPER_IRQHandler                        0x0800011b   Thumb Code     0  startup_stm32f103xb.o(.text)
    TIM1_BRK_IRQHandler                      0x0800011b   Thumb Code     0  startup_stm32f103xb.o(.text)
    TIM1_CC_IRQHandler                       0x0800011b   Thumb Code     0  startup_stm32f103xb.o(.text)
    TIM1_TRG_COM_IRQHandler                  0x0800011b   Thumb Code     0  startup_stm32f103xb.o(.text)
    TIM2_IRQHandler                          0x0800011b   Thumb Code     0  startup_stm32f103xb.o(.text)
    TIM3_IRQHandler                          0x0800011b   Thumb Code     0  startup_stm32f103xb.o(.text)
    TIM4_IRQHandler                          0x0800011b   Thumb Code     0  startup_stm32f103xb.o(.text)
    USART1_IRQHandler                        0x0800011b   Thumb Code     0  startup_stm32f103xb.o(.text)
    USART2_IRQHandler                        0x0800011b   Thumb Code     0  startup_stm32f103xb.o(.text)
    USART3_IRQHandler                        0x0800011b   Thumb Code     0  startup_stm32f103xb.o(.text)
    USBWakeUp_IRQHandler                     0x0800011b   Thumb Code     0  startup_stm32f103xb.o(.text)
    USB_HP_CAN1_TX_IRQHandler                0x0800011b   Thumb Code     0  startup_stm32f103xb.o(.text)
    WWDG_IRQHandler                          0x0800011b   Thumb Code     0  startup_stm32f103xb.o(.text)
    __aeabi_memcpy                           0x08000125   Thumb Code    36  memcpya.o(.text)
    __aeabi_memcpy4                          0x08000125   Thumb Code     0  memcpya.o(.text)
    __aeabi_memcpy8                          0x08000125   Thumb Code     0  memcpya.o(.text)
    __aeabi_memset                           0x08000149   Thumb Code    14  memseta.o(.text)
    __aeabi_memset4                          0x08000149   Thumb Code     0  memseta.o(.text)
    __aeabi_memset8                          0x08000149   Thumb Code     0  memseta.o(.text)
    __aeabi_memclr                           0x08000157   Thumb Code     4  memseta.o(.text)
    __aeabi_memclr4                          0x08000157   Thumb Code     0  memseta.o(.text)
    __aeabi_memclr8                          0x08000157   Thumb Code     0  memseta.o(.text)
    _memset$wrapper                          0x0800015b   Thumb Code    18  memseta.o(.text)
    __aeabi_fadd                             0x0800016d   Thumb Code   164  fadd.o(.text)
    __aeabi_fsub                             0x08000211   Thumb Code     6  fadd.o(.text)
    __aeabi_frsub                            0x08000217   Thumb Code     6  fadd.o(.text)
    __aeabi_fmul                             0x0800021d   Thumb Code   100  fmul.o(.text)
    __aeabi_fdiv                             0x08000281   Thumb Code   124  fdiv.o(.text)
    __aeabi_ui2f                             0x080002fd   Thumb Code    10  ffltui.o(.text)
    __aeabi_f2uiz                            0x08000307   Thumb Code    40  ffixui.o(.text)
    __aeabi_cfcmpeq                          0x08000331   Thumb Code     0  cfcmple.o(.text)
    __aeabi_cfcmple                          0x08000331   Thumb Code    20  cfcmple.o(.text)
    __aeabi_cfrcmple                         0x08000345   Thumb Code    20  cfrcmple.o(.text)
    __I$use$fp                               0x08000359   Thumb Code     0  iusefp.o(.text)
    _float_round                             0x08000359   Thumb Code    18  fepilogue.o(.text)
    _float_epilogue                          0x0800036b   Thumb Code    92  fepilogue.o(.text)
    __scatterload                            0x080003c9   Thumb Code    28  init.o(.text)
    __scatterload_rt2                        0x080003c9   Thumb Code     0  init.o(.text)
    __decompress                             0x080003ed   Thumb Code     0  __dczerorl2.o(.text)
    __decompress1                            0x080003ed   Thumb Code    86  __dczerorl2.o(.text)
    BusFault_Handler                         0x08000443   Thumb Code     4  stm32f1xx_it.o(i.BusFault_Handler)
    DebugMon_Handler                         0x08000455   Thumb Code     2  stm32f1xx_it.o(i.DebugMon_Handler)
    Error_Handler                            0x08000457   Thumb Code     2  main.o(i.Error_Handler)
    FATFS_LinkDriver                         0x08000459   Thumb Code    18  ff_gen_drv.o(i.FATFS_LinkDriver)
    FATFS_LinkDriverEx                       0x0800046d   Thumb Code    78  ff_gen_drv.o(i.FATFS_LinkDriverEx)
    HAL_Delay                                0x080004f5   Thumb Code    36  stm32f1xx_hal.o(i.HAL_Delay)
    HAL_GPIO_Init                            0x0800051d   Thumb Code   766  stm32f1xx_hal_gpio.o(i.HAL_GPIO_Init)
    HAL_GPIO_WritePin                        0x0800083d   Thumb Code    12  stm32f1xx_hal_gpio.o(i.HAL_GPIO_WritePin)
    HAL_GetTick                              0x08000849   Thumb Code     6  stm32f1xx_hal.o(i.HAL_GetTick)
    HAL_IncTick                              0x08000855   Thumb Code    16  stm32f1xx_hal.o(i.HAL_IncTick)
    HAL_Init                                 0x0800086d   Thumb Code    34  stm32f1xx_hal.o(i.HAL_Init)
    HAL_InitTick                             0x08000895   Thumb Code    64  stm32f1xx_hal.o(i.HAL_InitTick)
    HAL_MspInit                              0x080008e1   Thumb Code    76  stm32f1xx_hal_msp.o(i.HAL_MspInit)
    HAL_NVIC_EnableIRQ                       0x08000935   Thumb Code    32  stm32f1xx_hal_cortex.o(i.HAL_NVIC_EnableIRQ)
    HAL_NVIC_SetPriority                     0x08000955   Thumb Code   124  stm32f1xx_hal_cortex.o(i.HAL_NVIC_SetPriority)
    HAL_NVIC_SetPriorityGrouping             0x080009d1   Thumb Code    32  stm32f1xx_hal_cortex.o(i.HAL_NVIC_SetPriorityGrouping)
    HAL_PCDEx_PMAConfig                      0x080009f9   Thumb Code    68  stm32f1xx_hal_pcd_ex.o(i.HAL_PCDEx_PMAConfig)
    HAL_PCDEx_SetConnectionState             0x08000a3d   Thumb Code     2  usbd_conf.o(i.HAL_PCDEx_SetConnectionState)
    HAL_PCD_DataInStageCallback              0x08000a3f   Thumb Code    32  usbd_conf.o(i.HAL_PCD_DataInStageCallback)
    HAL_PCD_DataOutStageCallback             0x08000a5f   Thumb Code    32  usbd_conf.o(i.HAL_PCD_DataOutStageCallback)
    HAL_PCD_EP_Close                         0x08000a7f   Thumb Code   106  stm32f1xx_hal_pcd.o(i.HAL_PCD_EP_Close)
    HAL_PCD_EP_ClrStall                      0x08000ae9   Thumb Code   124  stm32f1xx_hal_pcd.o(i.HAL_PCD_EP_ClrStall)
    HAL_PCD_EP_Open                          0x08001033   Thumb Code   140  stm32f1xx_hal_pcd.o(i.HAL_PCD_EP_Open)
    HAL_PCD_EP_Receive                       0x080010bf   Thumb Code    76  stm32f1xx_hal_pcd.o(i.HAL_PCD_EP_Receive)
    HAL_PCD_EP_SetStall                      0x0800110b   Thumb Code   136  stm32f1xx_hal_pcd.o(i.HAL_PCD_EP_SetStall)
    HAL_PCD_EP_Transmit                      0x08001193   Thumb Code    86  stm32f1xx_hal_pcd.o(i.HAL_PCD_EP_Transmit)
    HAL_PCD_IRQHandler                       0x080011e9   Thumb Code   482  stm32f1xx_hal_pcd.o(i.HAL_PCD_IRQHandler)
    HAL_PCD_Init                             0x080013cb   Thumb Code   344  stm32f1xx_hal_pcd.o(i.HAL_PCD_Init)
    HAL_PCD_MspInit                          0x08001525   Thumb Code    58  usbd_conf.o(i.HAL_PCD_MspInit)
    HAL_PCD_ResetCallback                    0x08001569   Thumb Code    36  usbd_conf.o(i.HAL_PCD_ResetCallback)
    HAL_PCD_ResumeCallback                   0x0800158d   Thumb Code    14  usbd_conf.o(i.HAL_PCD_ResumeCallback)
    HAL_PCD_SOFCallback                      0x0800159b   Thumb Code    14  usbd_conf.o(i.HAL_PCD_SOFCallback)
    HAL_PCD_SetAddress                       0x080015a9   Thumb Code    54  stm32f1xx_hal_pcd.o(i.HAL_PCD_SetAddress)
    HAL_PCD_SetupStageCallback               0x080015df   Thumb Code    18  usbd_conf.o(i.HAL_PCD_SetupStageCallback)
    HAL_PCD_Start                            0x080015f1   Thumb Code    60  stm32f1xx_hal_pcd.o(i.HAL_PCD_Start)
    HAL_PCD_SuspendCallback                  0x0800162d   Thumb Code    30  usbd_conf.o(i.HAL_PCD_SuspendCallback)
    HAL_RCCEx_PeriphCLKConfig                0x08001651   Thumb Code   290  stm32f1xx_hal_rcc_ex.o(i.HAL_RCCEx_PeriphCLKConfig)
    HAL_RCC_ClockConfig                      0x08001781   Thumb Code   376  stm32f1xx_hal_rcc.o(i.HAL_RCC_ClockConfig)
    HAL_RCC_GetHCLKFreq                      0x0800190d   Thumb Code     6  stm32f1xx_hal_rcc.o(i.HAL_RCC_GetHCLKFreq)
    HAL_RCC_GetPCLK1Freq                     0x08001919   Thumb Code    22  stm32f1xx_hal_rcc.o(i.HAL_RCC_GetPCLK1Freq)
    HAL_RCC_GetPCLK2Freq                     0x08001939   Thumb Code    22  stm32f1xx_hal_rcc.o(i.HAL_RCC_GetPCLK2Freq)
    HAL_RCC_GetSysClockFreq                  0x08001959   Thumb Code   116  stm32f1xx_hal_rcc.o(i.HAL_RCC_GetSysClockFreq)
    HAL_RCC_OscConfig                        0x080019f1   Thumb Code  1114  stm32f1xx_hal_rcc.o(i.HAL_RCC_OscConfig)
    HAL_SPI_Init                             0x08001e55   Thumb Code   190  stm32f1xx_hal_spi.o(i.HAL_SPI_Init)
    HAL_SPI_MspInit                          0x08001f15   Thumb Code   124  stm32f1xx_hal_msp.o(i.HAL_SPI_MspInit)
    HAL_SPI_TransmitReceive                  0x08001f9d   Thumb Code   554  stm32f1xx_hal_spi.o(i.HAL_SPI_TransmitReceive)
    HAL_SYSTICK_Config                       0x080021c7   Thumb Code    52  stm32f1xx_hal_cortex.o(i.HAL_SYSTICK_Config)
    HAL_TIMEx_BreakCallback                  0x080021fb   Thumb Code     2  stm32f1xx_hal_tim_ex.o(i.HAL_TIMEx_BreakCallback)
    HAL_TIMEx_CommutCallback                 0x080021fd   Thumb Code     2  stm32f1xx_hal_tim_ex.o(i.HAL_TIMEx_CommutCallback)
    HAL_TIMEx_ConfigBreakDeadTime            0x080021ff   Thumb Code   116  stm32f1xx_hal_tim_ex.o(i.HAL_TIMEx_ConfigBreakDeadTime)
    HAL_TIMEx_MasterConfigSynchronization    0x08002275   Thumb Code   118  stm32f1xx_hal_tim_ex.o(i.HAL_TIMEx_MasterConfigSynchronization)
    HAL_TIM_Base_Init                        0x080022f9   Thumb Code   102  stm32f1xx_hal_tim.o(i.HAL_TIM_Base_Init)
    HAL_TIM_Base_MspInit                     0x08002361   Thumb Code   132  stm32f1xx_hal_msp.o(i.HAL_TIM_Base_MspInit)
    HAL_TIM_Base_Start_IT                    0x080023f5   Thumb Code   106  stm32f1xx_hal_tim.o(i.HAL_TIM_Base_Start_IT)
    HAL_TIM_Base_Stop_IT                     0x0800246d   Thumb Code    62  stm32f1xx_hal_tim.o(i.HAL_TIM_Base_Stop_IT)
    HAL_TIM_ConfigClockSource                0x080024ab   Thumb Code   264  stm32f1xx_hal_tim.o(i.HAL_TIM_ConfigClockSource)
    HAL_TIM_IC_CaptureCallback               0x080025b3   Thumb Code     2  stm32f1xx_hal_tim.o(i.HAL_TIM_IC_CaptureCallback)
    HAL_TIM_IRQHandler                       0x080025b5   Thumb Code   406  stm32f1xx_hal_tim.o(i.HAL_TIM_IRQHandler)
    HAL_TIM_MspPostInit                      0x0800274d   Thumb Code   190  stm32f1xx_hal_msp.o(i.HAL_TIM_MspPostInit)
    HAL_TIM_OC_ConfigChannel                 0x08002825   Thumb Code   104  stm32f1xx_hal_tim.o(i.HAL_TIM_OC_ConfigChannel)
    HAL_TIM_OC_DelayElapsedCallback          0x0800288d   Thumb Code     2  stm32f1xx_hal_tim.o(i.HAL_TIM_OC_DelayElapsedCallback)
    HAL_TIM_OC_Init                          0x0800288f   Thumb Code   102  stm32f1xx_hal_tim.o(i.HAL_TIM_OC_Init)
    HAL_TIM_OC_MspInit                       0x080028f5   Thumb Code     2  stm32f1xx_hal_tim.o(i.HAL_TIM_OC_MspInit)
    HAL_TIM_PWM_ConfigChannel                0x080028f7   Thumb Code   252  stm32f1xx_hal_tim.o(i.HAL_TIM_PWM_ConfigChannel)
    HAL_TIM_PWM_Init                         0x080029f3   Thumb Code   102  stm32f1xx_hal_tim.o(i.HAL_TIM_PWM_Init)
    HAL_TIM_PWM_MspInit                      0x08002a59   Thumb Code     2  stm32f1xx_hal_tim.o(i.HAL_TIM_PWM_MspInit)
    HAL_TIM_PWM_PulseFinishedCallback        0x08002a5b   Thumb Code     2  stm32f1xx_hal_tim.o(i.HAL_TIM_PWM_PulseFinishedCallback)
    HAL_TIM_PWM_Start                        0x08002a5d   Thumb Code   198  stm32f1xx_hal_tim.o(i.HAL_TIM_PWM_Start)
    HAL_TIM_PWM_Stop                         0x08002b31   Thumb Code   152  stm32f1xx_hal_tim.o(i.HAL_TIM_PWM_Stop)
    HAL_TIM_PeriodElapsedCallback            0x08002bcd   Thumb Code    24  stm32f1xx_it.o(i.HAL_TIM_PeriodElapsedCallback)
    HAL_TIM_TriggerCallback                  0x08002be9   Thumb Code     2  stm32f1xx_hal_tim.o(i.HAL_TIM_TriggerCallback)
    HAL_UART_Init                            0x08002beb   Thumb Code   114  stm32f1xx_hal_uart.o(i.HAL_UART_Init)
    HAL_UART_MspInit                         0x08002c5d   Thumb Code   122  stm32f1xx_hal_msp.o(i.HAL_UART_MspInit)
    HardFault_Handler                        0x08002ce5   Thumb Code     4  stm32f1xx_it.o(i.HardFault_Handler)
    MX_FATFS_Init                            0x08002d29   Thumb Code    16  fatfs.o(i.MX_FATFS_Init)
    MX_USB_DEVICE_Init                       0x08003141   Thumb Code    70  usb_device.o(i.MX_USB_DEVICE_Init)
    MemManage_Handler                        0x0800319d   Thumb Code     4  stm32f1xx_it.o(i.MemManage_Handler)
    NMI_Handler                              0x080031a1   Thumb Code     2  stm32f1xx_it.o(i.NMI_Handler)
    PendSV_Handler                           0x08003585   Thumb Code     2  stm32f1xx_it.o(i.PendSV_Handler)
    SPI_FlashBlockRead                       0x080035d9   Thumb Code    20  spi_flash.o(i.SPI_FlashBlockRead)
    SPI_FlashBlockWrite                      0x080035ed   Thumb Code    32  spi_flash.o(i.SPI_FlashBlockWrite)
    SPI_FlashInit                            0x0800360d   Thumb Code    72  spi_flash.o(i.SPI_FlashInit)
    SVC_Handler                              0x0800376d   Thumb Code     2  stm32f1xx_it.o(i.SVC_Handler)
    SysTick_Handler                          0x0800376f   Thumb Code     8  stm32f1xx_it.o(i.SysTick_Handler)
    SystemClock_Config                       0x08003777   Thumb Code   130  main.o(i.SystemClock_Config)
    SystemInit                               0x080037f9   Thumb Code    70  system_stm32f1xx.o(i.SystemInit)
    TIM1_UP_IRQHandler                       0x08003851   Thumb Code    10  stm32f1xx_it.o(i.TIM1_UP_IRQHandler)
    TIM_Base_SetConfig                       0x08003861   Thumb Code   104  stm32f1xx_hal_tim.o(i.TIM_Base_SetConfig)
    TIM_CCxChannelCmd                        0x080038d5   Thumb Code    34  stm32f1xx_hal_tim.o(i.TIM_CCxChannelCmd)
    TIM_ETR_SetConfig                        0x080038f7   Thumb Code    22  stm32f1xx_hal_tim.o(i.TIM_ETR_SetConfig)
    TIM_OC2_SetConfig                        0x08003981   Thumb Code   100  stm32f1xx_hal_tim.o(i.TIM_OC2_SetConfig)
    USBD_CUSTOM_HID_RegisterInterface        0x08003d19   Thumb Code    14  usbd_customhid.o(i.USBD_CUSTOM_HID_RegisterInterface)
    USBD_ClrClassConfig                      0x08003e99   Thumb Code    22  usbd_core.o(i.USBD_ClrClassConfig)
    USBD_CtlContinueRx                       0x08003eed   Thumb Code    24  usbd_ioreq.o(i.USBD_CtlContinueRx)
    USBD_CtlContinueSendData                 0x08003f05   Thumb Code    24  usbd_ioreq.o(i.USBD_CtlContinueSendData)
    USBD_CtlError                            0x08003f1d   Thumb Code    24  usbd_ctlreq.o(i.USBD_CtlError)
    USBD_CtlPrepareRx                        0x08003f35   Thumb Code    40  usbd_ioreq.o(i.USBD_CtlPrepareRx)
    USBD_CtlReceiveStatus                    0x08003f5d   Thumb Code    26  usbd_ioreq.o(i.USBD_CtlReceiveStatus)
    USBD_CtlSendData                         0x08003f77   Thumb Code    34  usbd_ioreq.o(i.USBD_CtlSendData)
    USBD_CtlSendStatus                       0x08003f99   Thumb Code    26  usbd_ioreq.o(i.USBD_CtlSendStatus)
    USBD_FS_ConfigStrDescriptor              0x08003fb5   Thumb Code    34  usbd_desc.o(i.USBD_FS_ConfigStrDescriptor)
    USBD_FS_DeviceDescriptor                 0x08003ff1   Thumb Code    10  usbd_desc.o(i.USBD_FS_DeviceDescriptor)
    USBD_FS_InterfaceStrDescriptor           0x08004001   Thumb Code    34  usbd_desc.o(i.USBD_FS_InterfaceStrDescriptor)
    USBD_FS_LangIDStrDescriptor              0x08004039   Thumb Code    10  usbd_desc.o(i.USBD_FS_LangIDStrDescriptor)
    USBD_FS_ManufacturerStrDescriptor        0x08004049   Thumb Code    20  usbd_desc.o(i.USBD_FS_ManufacturerStrDescriptor)
    USBD_FS_ProductStrDescriptor             0x08004071   Thumb Code    34  usbd_desc.o(i.USBD_FS_ProductStrDescriptor)
    USBD_FS_SerialStrDescriptor              0x080040a9   Thumb Code    18  usbd_desc.o(i.USBD_FS_SerialStrDescriptor)
    USBD_GetString                           0x08004379   Thumb Code    82  usbd_ctlreq.o(i.USBD_GetString)
    USBD_Init                                0x080043f7   Thumb Code    50  usbd_core.o(i.USBD_Init)
    USBD_LL_ClearStallEP                     0x08004429   Thumb Code    38  usbd_conf.o(i.USBD_LL_ClearStallEP)
    USBD_LL_CloseEP                          0x0800444f   Thumb Code    38  usbd_conf.o(i.USBD_LL_CloseEP)
    USBD_LL_DataInStage                      0x08004475   Thumb Code   256  usbd_core.o(i.USBD_LL_DataInStage)
    USBD_LL_DataOutStage                     0x08004575   Thumb Code   166  usbd_core.o(i.USBD_LL_DataOutStage)
    USBD_LL_Init                             0x0800461d   Thumb Code   108  usbd_conf.o(i.USBD_LL_Init)
    USBD_LL_IsStallEP                        0x08004691   Thumb Code    56  usbd_conf.o(i.USBD_LL_IsStallEP)
    USBD_LL_OpenEP                           0x080046c9   Thumb Code    48  usbd_conf.o(i.USBD_LL_OpenEP)
    USBD_LL_PrepareReceive                   0x080046f9   Thumb Code    48  usbd_conf.o(i.USBD_LL_PrepareReceive)
    USBD_LL_Reset                            0x08004729   Thumb Code    92  usbd_core.o(i.USBD_LL_Reset)
    USBD_LL_Resume                           0x08004785   Thumb Code    22  usbd_core.o(i.USBD_LL_Resume)
    USBD_LL_SOF                              0x0800479b   Thumb Code    34  usbd_core.o(i.USBD_LL_SOF)
    USBD_LL_SetSpeed                         0x080047bd   Thumb Code     8  usbd_core.o(i.USBD_LL_SetSpeed)
    USBD_LL_SetUSBAddress                    0x080047c5   Thumb Code    38  usbd_conf.o(i.USBD_LL_SetUSBAddress)
    USBD_LL_SetupStage                       0x080047eb   Thumb Code   110  usbd_core.o(i.USBD_LL_SetupStage)
    USBD_LL_StallEP                          0x08004859   Thumb Code    38  usbd_conf.o(i.USBD_LL_StallEP)
    USBD_LL_Start                            0x0800487f   Thumb Code    30  usbd_conf.o(i.USBD_LL_Start)
    USBD_LL_Suspend                          0x0800489d   Thumb Code    20  usbd_core.o(i.USBD_LL_Suspend)
    USBD_LL_Transmit                         0x080048b1   Thumb Code    48  usbd_conf.o(i.USBD_LL_Transmit)
    USBD_ParseSetupRequest                   0x080048e1   Thumb Code    40  usbd_ctlreq.o(i.USBD_ParseSetupRequest)
    USBD_RegisterClass                       0x08004909   Thumb Code    16  usbd_core.o(i.USBD_RegisterClass)
    USBD_RunTestMode                         0x08004919   Thumb Code     6  usbd_core.o(i.USBD_RunTestMode)
    USBD_SetClassConfig                      0x08004979   Thumb Code    34  usbd_core.o(i.USBD_SetClassConfig)
    USBD_Start                               0x08004a9d   Thumb Code    14  usbd_core.o(i.USBD_Start)
    USBD_StdDevReq                           0x08004aab   Thumb Code   162  usbd_ctlreq.o(i.USBD_StdDevReq)
    USBD_StdEPReq                            0x08004b4d   Thumb Code   568  usbd_ctlreq.o(i.USBD_StdEPReq)
    USBD_StdItfReq                           0x08004d85   Thumb Code   126  usbd_ctlreq.o(i.USBD_StdItfReq)
    USBD_static_free                         0x08004e03   Thumb Code     2  usbd_conf.o(i.USBD_static_free)
    USBD_static_malloc                       0x08004e05   Thumb Code     6  usbd_conf.o(i.USBD_static_malloc)
    USB_ActivateEndpoint                     0x08004e11   Thumb Code  1100  stm32f1xx_ll_usb.o(i.USB_ActivateEndpoint)
    USB_CoreInit                             0x0800525d   Thumb Code     8  stm32f1xx_ll_usb.o(i.USB_CoreInit)
    USB_DeactivateEndpoint                   0x08005265   Thumb Code   636  stm32f1xx_ll_usb.o(i.USB_DeactivateEndpoint)
    USB_DevConnect                           0x080054e1   Thumb Code     6  stm32f1xx_ll_usb.o(i.USB_DevConnect)
    USB_DevDisconnect                        0x080054e7   Thumb Code     6  stm32f1xx_ll_usb.o(i.USB_DevDisconnect)
    USB_DevInit                              0x080054ed   Thumb Code    22  stm32f1xx_ll_usb.o(i.USB_DevInit)
    USB_DisableGlobalInt                     0x08005503   Thumb Code    20  stm32f1xx_ll_usb.o(i.USB_DisableGlobalInt)
    USB_EP0_OutStart                         0x08005517   Thumb Code     6  stm32f1xx_ll_usb.o(i.USB_EP0_OutStart)
    USB_EPClearStall                         0x0800551d   Thumb Code   218  stm32f1xx_ll_usb.o(i.USB_EPClearStall)
    USB_EPSetStall                           0x080055f7   Thumb Code    92  stm32f1xx_ll_usb.o(i.USB_EPSetStall)
    USB_EPStartXfer                          0x08005653   Thumb Code  2558  stm32f1xx_ll_usb.o(i.USB_EPStartXfer)
    USB_EnableGlobalInt                      0x08006051   Thumb Code    18  stm32f1xx_ll_usb.o(i.USB_EnableGlobalInt)
    USB_LP_CAN1_RX0_IRQHandler               0x08006065   Thumb Code    10  stm32f1xx_it.o(i.USB_LP_CAN1_RX0_IRQHandler)
    USB_ReadInterrupts                       0x08006075   Thumb Code     8  stm32f1xx_ll_usb.o(i.USB_ReadInterrupts)
    USB_ReadPMA                              0x0800607d   Thumb Code    74  stm32f1xx_ll_usb.o(i.USB_ReadPMA)
    USB_SetCurrentMode                       0x080060c7   Thumb Code     6  stm32f1xx_ll_usb.o(i.USB_SetCurrentMode)
    USB_SetDevAddress                        0x080060cd   Thumb Code    14  stm32f1xx_ll_usb.o(i.USB_SetDevAddress)
    USB_WritePMA                             0x080060db   Thumb Code    66  stm32f1xx_ll_usb.o(i.USB_WritePMA)
    USER_initialize                          0x0800611d   Thumb Code    72  user_diskio.o(i.USER_initialize)
    USER_ioctl                               0x08006175   Thumb Code    56  user_diskio.o(i.USER_ioctl)
    USER_read                                0x080061b1   Thumb Code    46  user_diskio.o(i.USER_read)
    USER_status                              0x080061e5   Thumb Code     8  user_diskio.o(i.USER_status)
    USER_write                               0x080061f1   Thumb Code    54  user_diskio.o(i.USER_write)
    UsageFault_Handler                       0x0800622d   Thumb Code     4  stm32f1xx_it.o(i.UsageFault_Handler)
    __scatterload_copy                       0x08006269   Thumb Code    14  handlers.o(i.__scatterload_copy)
    __scatterload_null                       0x08006277   Thumb Code     2  handlers.o(i.__scatterload_null)
    __scatterload_zeroinit                   0x08006279   Thumb Code    14  handlers.o(i.__scatterload_zeroinit)
    free                                     0x08006595   Thumb Code    76  malloc.o(i.free)
    handleAllDevices                         0x0800678d   Thumb Code   100  global_device_manager.o(i.handleAllDevices)
    initAllDevices                           0x08006801   Thumb Code    42  global_device_manager.o(i.initAllDevices)
    ledChannelManagerInit                    0x0800686d   Thumb Code    24  led_channel_manager.o(i.ledChannelManagerInit)
    ledFileDescriptorInit                    0x080068c9   Thumb Code    24  led_file.o(i.ledFileDescriptorInit)
    ledHardwareDeinit                        0x080068ed   Thumb Code   162  led_hardware_driver.o(i.ledHardwareDeinit)
    ledHardwareInit                          0x080069a5   Thumb Code   136  led_hardware_driver.o(i.ledHardwareInit)
    main                                     0x08006a8d   Thumb Code    74  main.o(i.main)
    malloc                                   0x08006ae5   Thumb Code    92  malloc.o(i.malloc)
    readFileFunction                         0x08006c2d   Thumb Code   208  led_file.o(i.readFileFunction)
    setChannelPWM_Value                      0x08006d55   Thumb Code    78  led_hardware_driver.o(i.setChannelPWM_Value)
    setLedFile                               0x08006de1   Thumb Code    34  global_device_manager.o(i.setLedFile)
    setStatusLedOn                           0x08006e6d   Thumb Code    14  status_led.o(i.setStatusLedOn)
    startAll                                 0x08006e81   Thumb Code    48  global_device_manager.o(i.startAll)
    AHBPrescTable                            0x080070f2   Data          16  system_stm32f1xx.o(.constdata)
    APBPrescTable                            0x08007102   Data           8  system_stm32f1xx.o(.constdata)
    Region$$Table$$Base                      0x08007138   Number         0  anon$$obj.o(Region$$Table)
    Region$$Table$$Limit                     0x08007158   Number         0  anon$$obj.o(Region$$Table)
    USER_Driver                              0x20000004   Data          20  user_diskio.o(.data)
    retUSER                                  0x20000018   Data           1  fatfs.o(.data)
    USERPath                                 0x20000019   Data           4  fatfs.o(.data)
    FS_Desc                                  0x20000020   Data          28  usbd_desc.o(.data)
    USBD_FS_DeviceDesc                       0x2000003c   Data          18  usbd_desc.o(.data)
    USBD_LangIDDesc                          0x20000050   Data           4  usbd_desc.o(.data)
    USBD_StringSerial                        0x20000054   Data          26  usbd_desc.o(.data)
    USBD_CustomHID_fops_FS                   0x20000098   Data          16  usbd_custom_hid_if.o(.data)
    uwTick                                   0x200000a8   Data           4  stm32f1xx_hal.o(.data)
    uwTickPrio                               0x200000ac   Data           4  stm32f1xx_hal.o(.data)
    uwTickFreq                               0x200000b0   Data           1  stm32f1xx_hal.o(.data)
    SystemCoreClock                          0x200000b4   Data           4  system_stm32f1xx.o(.data)
    USBD_CUSTOM_HID                          0x200000bc   Data          56  usbd_customhid.o(.data)
    __microlib_freelist                      0x20000194   Data           4  mvars.o(.data)
    __microlib_freelist_initialised          0x20000198   Data           4  mvars.o(.data)
    hspi2                                    0x2000019c   Data          88  main.o(.bss)
    htim1                                    0x200001f4   Data          72  main.o(.bss)
    htim3                                    0x2000023c   Data          72  main.o(.bss)
    htim4                                    0x20000284   Data          72  main.o(.bss)
    huart3                                   0x200002cc   Data          64  main.o(.bss)
    flash                                    0x2000030c   Data          24  user_diskio.o(.bss)
    hUsbDeviceFS                             0x20000324   Data         708  usb_device.o(.bss)
    hpcd_USB_FS                              0x200005e8   Data         748  usbd_conf.o(.bss)
    USBD_StrDesc                             0x200008f0   Data         512  usbd_desc.o(.bss)
    disk                                     0x20000b98   Data          12  ff_gen_drv.o(.bss)
    __heap_base                              0x20000ba8   Data           0  startup_stm32f103xb.o(HEAP)
    __heap_limit                             0x20001ba8   Data           0  startup_stm32f103xb.o(HEAP)
    __initial_sp                             0x20001fa8   Data           0  startup_stm32f103xb.o(STACK)



==============================================================================

Memory Map of the image

  Image Entry point : 0x080000ed

  Load Region LR_IROM1 (Base: 0x08000000, Size: 0x000072f4, Max: 0x00010000, ABSOLUTE, COMPRESSED[0x0000722c])

    Execution Region ER_IROM1 (Base: 0x08000000, Size: 0x00007158, Max: 0x00010000, ABSOLUTE)

    Base Addr    Size         Type   Attr      Idx    E Section Name        Object

    0x08000000   0x000000ec   Data   RO            3    RESET               startup_stm32f103xb.o
    0x080000ec   0x00000000   Code   RO         5354  * .ARM.Collect$$$$00000000  mc_w.l(entry.o)
    0x080000ec   0x00000004   Code   RO         5407    .ARM.Collect$$$$00000001  mc_w.l(entry2.o)
    0x080000f0   0x00000004   Code   RO         5410    .ARM.Collect$$$$00000004  mc_w.l(entry5.o)
    0x080000f4   0x00000000   Code   RO         5412    .ARM.Collect$$$$00000008  mc_w.l(entry7b.o)
    0x080000f4   0x00000000   Code   RO         5414    .ARM.Collect$$$$0000000A  mc_w.l(entry8b.o)
    0x080000f4   0x00000008   Code   RO         5415    .ARM.Collect$$$$0000000B  mc_w.l(entry9a.o)
    0x080000fc   0x00000000   Code   RO         5417    .ARM.Collect$$$$0000000D  mc_w.l(entry10a.o)
    0x080000fc   0x00000000   Code   RO         5419    .ARM.Collect$$$$0000000F  mc_w.l(entry11a.o)
    0x080000fc   0x00000004   Code   RO         5408    .ARM.Collect$$$$00002712  mc_w.l(entry2.o)
    0x08000100   0x00000024   Code   RO            4    .text               startup_stm32f103xb.o
    0x08000124   0x00000024   Code   RO         5359    .text               mc_w.l(memcpya.o)
    0x08000148   0x00000024   Code   RO         5361    .text               mc_w.l(memseta.o)
    0x0800016c   0x000000b0   Code   RO         5393    .text               mf_w.l(fadd.o)
    0x0800021c   0x00000064   Code   RO         5395    .text               mf_w.l(fmul.o)
    0x08000280   0x0000007c   Code   RO         5397    .text               mf_w.l(fdiv.o)
    0x080002fc   0x0000000a   Code   RO         5399    .text               mf_w.l(ffltui.o)
    0x08000306   0x00000028   Code   RO         5401    .text               mf_w.l(ffixui.o)
    0x0800032e   0x00000002   PAD
    0x08000330   0x00000014   Code   RO         5403    .text               mf_w.l(cfcmple.o)
    0x08000344   0x00000014   Code   RO         5405    .text               mf_w.l(cfrcmple.o)
    0x08000358   0x00000000   Code   RO         5423    .text               mc_w.l(iusefp.o)
    0x08000358   0x0000006e   Code   RO         5424    .text               mf_w.l(fepilogue.o)
    0x080003c6   0x00000002   PAD
    0x080003c8   0x00000024   Code   RO         5426    .text               mc_w.l(init.o)
    0x080003ec   0x00000056   Code   RO         5436    .text               mc_w.l(__dczerorl2.o)
    0x08000442   0x00000004   Code   RO          731    i.BusFault_Handler  stm32f1xx_it.o
    0x08000446   0x00000004   Code   RO          691    i.CUSTOM_HID_DeInit_FS  usbd_custom_hid_if.o
    0x0800044a   0x00000004   Code   RO          692    i.CUSTOM_HID_Init_FS  usbd_custom_hid_if.o
    0x0800044e   0x00000006   Code   RO          693    i.CUSTOM_HID_OutEvent_FS  usbd_custom_hid_if.o
    0x08000454   0x00000002   Code   RO          732    i.DebugMon_Handler  stm32f1xx_it.o
    0x08000456   0x00000002   Code   RO           13    i.Error_Handler     main.o
    0x08000458   0x00000012   Code   RO         5280    i.FATFS_LinkDriver  ff_gen_drv.o
    0x0800046a   0x00000002   PAD
    0x0800046c   0x00000054   Code   RO         5281    i.FATFS_LinkDriverEx  ff_gen_drv.o
    0x080004c0   0x00000034   Code   RO          601    i.Get_SerialNum     usbd_desc.o
    0x080004f4   0x00000028   Code   RO         1387    i.HAL_Delay         stm32f1xx_hal.o
    0x0800051c   0x00000320   Code   RO         1700    i.HAL_GPIO_Init     stm32f1xx_hal_gpio.o
    0x0800083c   0x0000000c   Code   RO         1704    i.HAL_GPIO_WritePin  stm32f1xx_hal_gpio.o
    0x08000848   0x0000000c   Code   RO         1391    i.HAL_GetTick       stm32f1xx_hal.o
    0x08000854   0x00000018   Code   RO         1397    i.HAL_IncTick       stm32f1xx_hal.o
    0x0800086c   0x00000028   Code   RO         1398    i.HAL_Init          stm32f1xx_hal.o
    0x08000894   0x0000004c   Code   RO         1399    i.HAL_InitTick      stm32f1xx_hal.o
    0x080008e0   0x00000054   Code   RO          825    i.HAL_MspInit       stm32f1xx_hal_msp.o
    0x08000934   0x00000020   Code   RO         1860    i.HAL_NVIC_EnableIRQ  stm32f1xx_hal_cortex.o
    0x08000954   0x0000007c   Code   RO         1866    i.HAL_NVIC_SetPriority  stm32f1xx_hal_cortex.o
    0x080009d0   0x00000028   Code   RO         1867    i.HAL_NVIC_SetPriorityGrouping  stm32f1xx_hal_cortex.o
    0x080009f8   0x00000044   Code   RO         1160    i.HAL_PCDEx_PMAConfig  stm32f1xx_hal_pcd_ex.o
    0x08000a3c   0x00000002   Code   RO          389    i.HAL_PCDEx_SetConnectionState  usbd_conf.o
    0x08000a3e   0x00000020   Code   RO          391    i.HAL_PCD_DataInStageCallback  usbd_conf.o
    0x08000a5e   0x00000020   Code   RO          392    i.HAL_PCD_DataOutStageCallback  usbd_conf.o
    0x08000a7e   0x0000006a   Code   RO          936    i.HAL_PCD_EP_Close  stm32f1xx_hal_pcd.o
    0x08000ae8   0x0000007c   Code   RO          937    i.HAL_PCD_EP_ClrStall  stm32f1xx_hal_pcd.o
    0x08000b64   0x00000158   Code   RO          938    i.HAL_PCD_EP_DB_Receive  stm32f1xx_hal_pcd.o
    0x08000cbc   0x00000376   Code   RO          939    i.HAL_PCD_EP_DB_Transmit  stm32f1xx_hal_pcd.o
    0x08001032   0x0000008c   Code   RO          942    i.HAL_PCD_EP_Open   stm32f1xx_hal_pcd.o
    0x080010be   0x0000004c   Code   RO          943    i.HAL_PCD_EP_Receive  stm32f1xx_hal_pcd.o
    0x0800110a   0x00000088   Code   RO          944    i.HAL_PCD_EP_SetStall  stm32f1xx_hal_pcd.o
    0x08001192   0x00000056   Code   RO          945    i.HAL_PCD_EP_Transmit  stm32f1xx_hal_pcd.o
    0x080011e8   0x000001e2   Code   RO          947    i.HAL_PCD_IRQHandler  stm32f1xx_hal_pcd.o
    0x080013ca   0x00000158   Code   RO          950    i.HAL_PCD_Init      stm32f1xx_hal_pcd.o
    0x08001522   0x00000002   PAD
    0x08001524   0x00000044   Code   RO          397    i.HAL_PCD_MspInit   usbd_conf.o
    0x08001568   0x00000024   Code   RO          398    i.HAL_PCD_ResetCallback  usbd_conf.o
    0x0800158c   0x0000000e   Code   RO          399    i.HAL_PCD_ResumeCallback  usbd_conf.o
    0x0800159a   0x0000000e   Code   RO          400    i.HAL_PCD_SOFCallback  usbd_conf.o
    0x080015a8   0x00000036   Code   RO          956    i.HAL_PCD_SetAddress  stm32f1xx_hal_pcd.o
    0x080015de   0x00000012   Code   RO          401    i.HAL_PCD_SetupStageCallback  usbd_conf.o
    0x080015f0   0x0000003c   Code   RO          958    i.HAL_PCD_Start     stm32f1xx_hal_pcd.o
    0x0800162c   0x00000024   Code   RO          402    i.HAL_PCD_SuspendCallback  usbd_conf.o
    0x08001650   0x00000130   Code   RO         1663    i.HAL_RCCEx_PeriphCLKConfig  stm32f1xx_hal_rcc_ex.o
    0x08001780   0x0000018c   Code   RO         1555    i.HAL_RCC_ClockConfig  stm32f1xx_hal_rcc.o
    0x0800190c   0x0000000c   Code   RO         1560    i.HAL_RCC_GetHCLKFreq  stm32f1xx_hal_rcc.o
    0x08001918   0x00000020   Code   RO         1562    i.HAL_RCC_GetPCLK1Freq  stm32f1xx_hal_rcc.o
    0x08001938   0x00000020   Code   RO         1563    i.HAL_RCC_GetPCLK2Freq  stm32f1xx_hal_rcc.o
    0x08001958   0x00000098   Code   RO         1564    i.HAL_RCC_GetSysClockFreq  stm32f1xx_hal_rcc.o
    0x080019f0   0x00000464   Code   RO         1567    i.HAL_RCC_OscConfig  stm32f1xx_hal_rcc.o
    0x08001e54   0x000000be   Code   RO         2397    i.HAL_SPI_Init      stm32f1xx_hal_spi.o
    0x08001f12   0x00000002   PAD
    0x08001f14   0x00000088   Code   RO          827    i.HAL_SPI_MspInit   stm32f1xx_hal_msp.o
    0x08001f9c   0x0000022a   Code   RO         2406    i.HAL_SPI_TransmitReceive  stm32f1xx_hal_spi.o
    0x080021c6   0x00000034   Code   RO         1871    i.HAL_SYSTICK_Config  stm32f1xx_hal_cortex.o
    0x080021fa   0x00000002   Code   RO         3425    i.HAL_TIMEx_BreakCallback  stm32f1xx_hal_tim_ex.o
    0x080021fc   0x00000002   Code   RO         3426    i.HAL_TIMEx_CommutCallback  stm32f1xx_hal_tim_ex.o
    0x080021fe   0x00000074   Code   RO         3428    i.HAL_TIMEx_ConfigBreakDeadTime  stm32f1xx_hal_tim_ex.o
    0x08002272   0x00000002   PAD
    0x08002274   0x00000084   Code   RO         3444    i.HAL_TIMEx_MasterConfigSynchronization  stm32f1xx_hal_tim_ex.o
    0x080022f8   0x00000066   Code   RO         2710    i.HAL_TIM_Base_Init  stm32f1xx_hal_tim.o
    0x0800235e   0x00000002   PAD
    0x08002360   0x00000094   Code   RO          829    i.HAL_TIM_Base_MspInit  stm32f1xx_hal_msp.o
    0x080023f4   0x00000078   Code   RO         2715    i.HAL_TIM_Base_Start_IT  stm32f1xx_hal_tim.o
    0x0800246c   0x0000003e   Code   RO         2718    i.HAL_TIM_Base_Stop_IT  stm32f1xx_hal_tim.o
    0x080024aa   0x00000108   Code   RO         2719    i.HAL_TIM_ConfigClockSource  stm32f1xx_hal_tim.o
    0x080025b2   0x00000002   Code   RO         2744    i.HAL_TIM_IC_CaptureCallback  stm32f1xx_hal_tim.o
    0x080025b4   0x00000196   Code   RO         2758    i.HAL_TIM_IRQHandler  stm32f1xx_hal_tim.o
    0x0800274a   0x00000002   PAD
    0x0800274c   0x000000d8   Code   RO          830    i.HAL_TIM_MspPostInit  stm32f1xx_hal_msp.o
    0x08002824   0x00000068   Code   RO         2759    i.HAL_TIM_OC_ConfigChannel  stm32f1xx_hal_tim.o
    0x0800288c   0x00000002   Code   RO         2761    i.HAL_TIM_OC_DelayElapsedCallback  stm32f1xx_hal_tim.o
    0x0800288e   0x00000066   Code   RO         2763    i.HAL_TIM_OC_Init   stm32f1xx_hal_tim.o
    0x080028f4   0x00000002   Code   RO         2765    i.HAL_TIM_OC_MspInit  stm32f1xx_hal_tim.o
    0x080028f6   0x000000fc   Code   RO         2782    i.HAL_TIM_PWM_ConfigChannel  stm32f1xx_hal_tim.o
    0x080029f2   0x00000066   Code   RO         2785    i.HAL_TIM_PWM_Init  stm32f1xx_hal_tim.o
    0x08002a58   0x00000002   Code   RO         2787    i.HAL_TIM_PWM_MspInit  stm32f1xx_hal_tim.o
    0x08002a5a   0x00000002   Code   RO         2788    i.HAL_TIM_PWM_PulseFinishedCallback  stm32f1xx_hal_tim.o
    0x08002a5c   0x000000d4   Code   RO         2790    i.HAL_TIM_PWM_Start  stm32f1xx_hal_tim.o
    0x08002b30   0x0000009c   Code   RO         2793    i.HAL_TIM_PWM_Stop  stm32f1xx_hal_tim.o
    0x08002bcc   0x0000001c   Code   RO          733    i.HAL_TIM_PeriodElapsedCallback  stm32f1xx_it.o
    0x08002be8   0x00000002   Code   RO         2801    i.HAL_TIM_TriggerCallback  stm32f1xx_hal_tim.o
    0x08002bea   0x00000072   Code   RO         3717    i.HAL_UART_Init     stm32f1xx_hal_uart.o
    0x08002c5c   0x00000088   Code   RO          832    i.HAL_UART_MspInit  stm32f1xx_hal_msp.o
    0x08002ce4   0x00000004   Code   RO          734    i.HardFault_Handler  stm32f1xx_it.o
    0x08002ce8   0x0000003e   Code   RO          602    i.IntToUnicode      usbd_desc.o
    0x08002d26   0x00000002   PAD
    0x08002d28   0x0000001c   Code   RO          304    i.MX_FATFS_Init     fatfs.o
    0x08002d44   0x00000110   Code   RO           14    i.MX_GPIO_Init      main.o
    0x08002e54   0x00000044   Code   RO           15    i.MX_SPI2_Init      main.o
    0x08002e98   0x00000108   Code   RO           16    i.MX_TIM1_Init      main.o
    0x08002fa0   0x000000b4   Code   RO           17    i.MX_TIM3_Init      main.o
    0x08003054   0x000000b4   Code   RO           18    i.MX_TIM4_Init      main.o
    0x08003108   0x00000038   Code   RO           19    i.MX_USART3_UART_Init  main.o
    0x08003140   0x0000005c   Code   RO          341    i.MX_USB_DEVICE_Init  usb_device.o
    0x0800319c   0x00000004   Code   RO          735    i.MemManage_Handler  stm32f1xx_it.o
    0x080031a0   0x00000002   Code   RO          736    i.NMI_Handler       stm32f1xx_it.o
    0x080031a2   0x000003e2   Code   RO          962    i.PCD_EP_ISR_Handler  stm32f1xx_hal_pcd.o
    0x08003584   0x00000002   Code   RO          737    i.PendSV_Handler    stm32f1xx_it.o
    0x08003586   0x00000002   PAD
    0x08003588   0x00000028   Code   RO         1568    i.RCC_Delay         stm32f1xx_hal_rcc.o
    0x080035b0   0x00000028   Code   RO         2435    i.SPI_EndRxTxTransaction  stm32f1xx_hal_spi.o
    0x080035d8   0x00000014   Code   RO         4737    i.SPI_FlashBlockRead  spi_flash.o
    0x080035ec   0x00000020   Code   RO         4738    i.SPI_FlashBlockWrite  spi_flash.o
    0x0800360c   0x00000048   Code   RO         4739    i.SPI_FlashInit     spi_flash.o
    0x08003654   0x0000000e   Code   RO         4740    i.SPI_Receive       spi_flash.o
    0x08003662   0x00000020   Code   RO         4741    i.SPI_Transfer      spi_flash.o
    0x08003682   0x00000010   Code   RO         4742    i.SPI_Transmit      spi_flash.o
    0x08003692   0x00000002   PAD
    0x08003694   0x000000d8   Code   RO         2440    i.SPI_WaitFlagStateUntilTimeout  stm32f1xx_hal_spi.o
    0x0800376c   0x00000002   Code   RO          738    i.SVC_Handler       stm32f1xx_it.o
    0x0800376e   0x00000008   Code   RO          739    i.SysTick_Handler   stm32f1xx_it.o
    0x08003776   0x00000082   Code   RO           20    i.SystemClock_Config  main.o
    0x080037f8   0x00000058   Code   RO         4024    i.SystemInit        system_stm32f1xx.o
    0x08003850   0x00000010   Code   RO          740    i.TIM1_UP_IRQHandler  stm32f1xx_it.o
    0x08003860   0x00000074   Code   RO         2803    i.TIM_Base_SetConfig  stm32f1xx_hal_tim.o
    0x080038d4   0x00000022   Code   RO         2804    i.TIM_CCxChannelCmd  stm32f1xx_hal_tim.o
    0x080038f6   0x00000016   Code   RO         2814    i.TIM_ETR_SetConfig  stm32f1xx_hal_tim.o
    0x0800390c   0x00000012   Code   RO         2815    i.TIM_ITRx_SetConfig  stm32f1xx_hal_tim.o
    0x0800391e   0x00000002   PAD
    0x08003920   0x00000060   Code   RO         2816    i.TIM_OC1_SetConfig  stm32f1xx_hal_tim.o
    0x08003980   0x00000068   Code   RO         2817    i.TIM_OC2_SetConfig  stm32f1xx_hal_tim.o
    0x080039e8   0x00000068   Code   RO         2818    i.TIM_OC3_SetConfig  stm32f1xx_hal_tim.o
    0x08003a50   0x00000048   Code   RO         2819    i.TIM_OC4_SetConfig  stm32f1xx_hal_tim.o
    0x08003a98   0x00000026   Code   RO         2821    i.TIM_TI1_ConfigInputStage  stm32f1xx_hal_tim.o
    0x08003abe   0x00000028   Code   RO         2823    i.TIM_TI2_ConfigInputStage  stm32f1xx_hal_tim.o
    0x08003ae6   0x00000002   PAD
    0x08003ae8   0x000000fc   Code   RO         3744    i.UART_SetConfig    stm32f1xx_hal_uart.o
    0x08003be4   0x0000000c   Code   RO         4353    i.USBD_CUSTOM_HID_DataIn  usbd_customhid.o
    0x08003bf0   0x00000026   Code   RO         4354    i.USBD_CUSTOM_HID_DataOut  usbd_customhid.o
    0x08003c16   0x00000040   Code   RO         4355    i.USBD_CUSTOM_HID_DeInit  usbd_customhid.o
    0x08003c56   0x00000022   Code   RO         4356    i.USBD_CUSTOM_HID_EP0_RxReady  usbd_customhid.o
    0x08003c78   0x00000010   Code   RO         4357    i.USBD_CUSTOM_HID_GetDeviceQualifierDesc  usbd_customhid.o
    0x08003c88   0x00000010   Code   RO         4358    i.USBD_CUSTOM_HID_GetFSCfgDesc  usbd_customhid.o
    0x08003c98   0x00000010   Code   RO         4359    i.USBD_CUSTOM_HID_GetHSCfgDesc  usbd_customhid.o
    0x08003ca8   0x00000010   Code   RO         4360    i.USBD_CUSTOM_HID_GetOtherSpeedCfgDesc  usbd_customhid.o
    0x08003cb8   0x00000060   Code   RO         4361    i.USBD_CUSTOM_HID_Init  usbd_customhid.o
    0x08003d18   0x0000000e   Code   RO         4362    i.USBD_CUSTOM_HID_RegisterInterface  usbd_customhid.o
    0x08003d26   0x00000002   PAD
    0x08003d28   0x00000170   Code   RO         4364    i.USBD_CUSTOM_HID_Setup  usbd_customhid.o
    0x08003e98   0x00000016   Code   RO         4060    i.USBD_ClrClassConfig  usbd_core.o
    0x08003eae   0x0000003e   Code   RO         4198    i.USBD_ClrFeature   usbd_ctlreq.o
    0x08003eec   0x00000018   Code   RO         4293    i.USBD_CtlContinueRx  usbd_ioreq.o
    0x08003f04   0x00000018   Code   RO         4294    i.USBD_CtlContinueSendData  usbd_ioreq.o
    0x08003f1c   0x00000018   Code   RO         4199    i.USBD_CtlError     usbd_ctlreq.o
    0x08003f34   0x00000028   Code   RO         4295    i.USBD_CtlPrepareRx  usbd_ioreq.o
    0x08003f5c   0x0000001a   Code   RO         4296    i.USBD_CtlReceiveStatus  usbd_ioreq.o
    0x08003f76   0x00000022   Code   RO         4297    i.USBD_CtlSendData  usbd_ioreq.o
    0x08003f98   0x0000001a   Code   RO         4298    i.USBD_CtlSendStatus  usbd_ioreq.o
    0x08003fb2   0x00000002   PAD
    0x08003fb4   0x0000003c   Code   RO          603    i.USBD_FS_ConfigStrDescriptor  usbd_desc.o
    0x08003ff0   0x00000010   Code   RO          604    i.USBD_FS_DeviceDescriptor  usbd_desc.o
    0x08004000   0x00000038   Code   RO          605    i.USBD_FS_InterfaceStrDescriptor  usbd_desc.o
    0x08004038   0x00000010   Code   RO          606    i.USBD_FS_LangIDStrDescriptor  usbd_desc.o
    0x08004048   0x00000028   Code   RO          607    i.USBD_FS_ManufacturerStrDescriptor  usbd_desc.o
    0x08004070   0x00000038   Code   RO          608    i.USBD_FS_ProductStrDescriptor  usbd_desc.o
    0x080040a8   0x00000018   Code   RO          609    i.USBD_FS_SerialStrDescriptor  usbd_desc.o
    0x080040c0   0x00000056   Code   RO         4200    i.USBD_GetConfig    usbd_ctlreq.o
    0x08004116   0x000001f4   Code   RO         4201    i.USBD_GetDescriptor  usbd_ctlreq.o
    0x0800430a   0x00000014   Code   RO         4202    i.USBD_GetLen       usbd_ctlreq.o
    0x0800431e   0x0000005a   Code   RO         4203    i.USBD_GetStatus    usbd_ctlreq.o
    0x08004378   0x00000052   Code   RO         4204    i.USBD_GetString    usbd_ctlreq.o
    0x080043ca   0x0000002c   Code   RO          403    i.USBD_Get_USB_Status  usbd_conf.o
    0x080043f6   0x00000032   Code   RO         4062    i.USBD_Init         usbd_core.o
    0x08004428   0x00000026   Code   RO          404    i.USBD_LL_ClearStallEP  usbd_conf.o
    0x0800444e   0x00000026   Code   RO          405    i.USBD_LL_CloseEP   usbd_conf.o
    0x08004474   0x00000100   Code   RO         4063    i.USBD_LL_DataInStage  usbd_core.o
    0x08004574   0x000000a6   Code   RO         4064    i.USBD_LL_DataOutStage  usbd_core.o
    0x0800461a   0x00000002   PAD
    0x0800461c   0x00000074   Code   RO          410    i.USBD_LL_Init      usbd_conf.o
    0x08004690   0x00000038   Code   RO          411    i.USBD_LL_IsStallEP  usbd_conf.o
    0x080046c8   0x00000030   Code   RO          412    i.USBD_LL_OpenEP    usbd_conf.o
    0x080046f8   0x00000030   Code   RO          413    i.USBD_LL_PrepareReceive  usbd_conf.o
    0x08004728   0x0000005c   Code   RO         4069    i.USBD_LL_Reset     usbd_core.o
    0x08004784   0x00000016   Code   RO         4070    i.USBD_LL_Resume    usbd_core.o
    0x0800479a   0x00000022   Code   RO         4071    i.USBD_LL_SOF       usbd_core.o
    0x080047bc   0x00000008   Code   RO         4072    i.USBD_LL_SetSpeed  usbd_core.o
    0x080047c4   0x00000026   Code   RO          414    i.USBD_LL_SetUSBAddress  usbd_conf.o
    0x080047ea   0x0000006e   Code   RO         4073    i.USBD_LL_SetupStage  usbd_core.o
    0x08004858   0x00000026   Code   RO          415    i.USBD_LL_StallEP   usbd_conf.o
    0x0800487e   0x0000001e   Code   RO          416    i.USBD_LL_Start     usbd_conf.o
    0x0800489c   0x00000014   Code   RO         4074    i.USBD_LL_Suspend   usbd_core.o
    0x080048b0   0x00000030   Code   RO          418    i.USBD_LL_Transmit  usbd_conf.o
    0x080048e0   0x00000028   Code   RO         4205    i.USBD_ParseSetupRequest  usbd_ctlreq.o
    0x08004908   0x00000010   Code   RO         4075    i.USBD_RegisterClass  usbd_core.o
    0x08004918   0x00000006   Code   RO         4076    i.USBD_RunTestMode  usbd_core.o
    0x0800491e   0x0000005a   Code   RO         4206    i.USBD_SetAddress   usbd_ctlreq.o
    0x08004978   0x00000022   Code   RO         4077    i.USBD_SetClassConfig  usbd_core.o
    0x0800499a   0x00000002   PAD
    0x0800499c   0x000000e8   Code   RO         4207    i.USBD_SetConfig    usbd_ctlreq.o
    0x08004a84   0x00000018   Code   RO         4208    i.USBD_SetFeature   usbd_ctlreq.o
    0x08004a9c   0x0000000e   Code   RO         4078    i.USBD_Start        usbd_core.o
    0x08004aaa   0x000000a2   Code   RO         4209    i.USBD_StdDevReq    usbd_ctlreq.o
    0x08004b4c   0x00000238   Code   RO         4210    i.USBD_StdEPReq     usbd_ctlreq.o
    0x08004d84   0x0000007e   Code   RO         4211    i.USBD_StdItfReq    usbd_ctlreq.o
    0x08004e02   0x00000002   Code   RO          419    i.USBD_static_free  usbd_conf.o
    0x08004e04   0x0000000c   Code   RO          420    i.USBD_static_malloc  usbd_conf.o
    0x08004e10   0x0000044c   Code   RO         1200    i.USB_ActivateEndpoint  stm32f1xx_ll_usb.o
    0x0800525c   0x00000008   Code   RO         1203    i.USB_CoreInit      stm32f1xx_ll_usb.o
    0x08005264   0x0000027c   Code   RO         1205    i.USB_DeactivateEndpoint  stm32f1xx_ll_usb.o
    0x080054e0   0x00000006   Code   RO         1206    i.USB_DevConnect    stm32f1xx_ll_usb.o
    0x080054e6   0x00000006   Code   RO         1207    i.USB_DevDisconnect  stm32f1xx_ll_usb.o
    0x080054ec   0x00000016   Code   RO         1208    i.USB_DevInit       stm32f1xx_ll_usb.o
    0x08005502   0x00000014   Code   RO         1209    i.USB_DisableGlobalInt  stm32f1xx_ll_usb.o
    0x08005516   0x00000006   Code   RO         1210    i.USB_EP0_OutStart  stm32f1xx_ll_usb.o
    0x0800551c   0x000000da   Code   RO         1211    i.USB_EPClearStall  stm32f1xx_ll_usb.o
    0x080055f6   0x0000005c   Code   RO         1212    i.USB_EPSetStall    stm32f1xx_ll_usb.o
    0x08005652   0x000009fe   Code   RO         1213    i.USB_EPStartXfer   stm32f1xx_ll_usb.o
    0x08006050   0x00000012   Code   RO         1214    i.USB_EnableGlobalInt  stm32f1xx_ll_usb.o
    0x08006062   0x00000002   PAD
    0x08006064   0x00000010   Code   RO          741    i.USB_LP_CAN1_RX0_IRQHandler  stm32f1xx_it.o
    0x08006074   0x00000008   Code   RO         1221    i.USB_ReadInterrupts  stm32f1xx_ll_usb.o
    0x0800607c   0x0000004a   Code   RO         1222    i.USB_ReadPMA       stm32f1xx_ll_usb.o
    0x080060c6   0x00000006   Code   RO         1223    i.USB_SetCurrentMode  stm32f1xx_ll_usb.o
    0x080060cc   0x0000000e   Code   RO         1224    i.USB_SetDevAddress  stm32f1xx_ll_usb.o
    0x080060da   0x00000042   Code   RO         1226    i.USB_WritePMA      stm32f1xx_ll_usb.o
    0x0800611c   0x00000058   Code   RO          239    i.USER_initialize   user_diskio.o
    0x08006174   0x0000003c   Code   RO          240    i.USER_ioctl        user_diskio.o
    0x080061b0   0x00000034   Code   RO          241    i.USER_read         user_diskio.o
    0x080061e4   0x0000000c   Code   RO          242    i.USER_status       user_diskio.o
    0x080061f0   0x0000003c   Code   RO          243    i.USER_write        user_diskio.o
    0x0800622c   0x00000004   Code   RO          742    i.UsageFault_Handler  stm32f1xx_it.o
    0x08006230   0x00000010   Code   RO         1873    i.__NVIC_GetPriorityGrouping  stm32f1xx_hal_cortex.o
    0x08006240   0x00000028   Code   RO         1874    i.__NVIC_SetPriority  stm32f1xx_hal_cortex.o
    0x08006268   0x0000000e   Code   RO         5430    i.__scatterload_copy  mc_w.l(handlers.o)
    0x08006276   0x00000002   Code   RO         5431    i.__scatterload_null  mc_w.l(handlers.o)
    0x08006278   0x0000000e   Code   RO         5432    i.__scatterload_zeroinit  mc_w.l(handlers.o)
    0x08006286   0x00000082   Code   RO         4743    i.bufferRead        spi_flash.o
    0x08006308   0x00000068   Code   RO         4744    i.bufferWrite       spi_flash.o
    0x08006370   0x00000070   Code   RO         4745    i.bufferWriteByte   spi_flash.o
    0x080063e0   0x00000038   Code   RO         4746    i.bufferWriteReliable  spi_flash.o
    0x08006418   0x00000010   Code   RO         4549    i.closeFileFunction  led_file.o
    0x08006428   0x0000009e   Code   RO         4747    i.compareAndCorrectBufferAndData  spi_flash.o
    0x080064c6   0x000000ae   Code   RO         4748    i.compareBufferAndDataZeros  spi_flash.o
    0x08006574   0x00000010   Code   RO         4749    i.flashDeselect     spi_flash.o
    0x08006584   0x00000010   Code   RO         4750    i.flashSelect       spi_flash.o
    0x08006594   0x00000050   Code   RO         5365    i.free              mc_w.l(malloc.o)
    0x080065e4   0x000000d8   Code   RO         4550    i.getChannelValueFunction  led_file.o
    0x080066bc   0x000000d0   Code   RO         4751    i.getFlashStatus    spi_flash.o
    0x0800678c   0x00000074   Code   RO         4689    i.handleAllDevices  global_device_manager.o
    0x08006800   0x00000030   Code   RO         4690    i.initAllDevices    global_device_manager.o
    0x08006830   0x0000000e   Code   RO         4752    i.isLastCompareResultError  spi_flash.o
    0x0800683e   0x0000000e   Code   RO         4753    i.isLastWriteResultError  spi_flash.o
    0x0800684c   0x0000001e   Code   RO         4597    i.ledChannelEndRecording  led_channel_manager.o
    0x0800686a   0x00000002   PAD
    0x0800686c   0x00000028   Code   RO         4598    i.ledChannelManagerInit  led_channel_manager.o
    0x08006894   0x00000034   Code   RO         4599    i.ledChannelStartRecording  led_channel_manager.o
    0x080068c8   0x00000024   Code   RO         4551    i.ledFileDescriptorInit  led_file.o
    0x080068ec   0x000000b8   Code   RO         4439    i.ledHardwareDeinit  led_hardware_driver.o
    0x080069a4   0x000000a0   Code   RO         4440    i.ledHardwareInit   led_hardware_driver.o
    0x08006a44   0x00000046   Code   RO         4600    i.linkFile          led_channel_manager.o
    0x08006a8a   0x00000002   PAD
    0x08006a8c   0x00000058   Code   RO           21    i.main              main.o
    0x08006ae4   0x0000006c   Code   RO         5366    i.malloc            mc_w.l(malloc.o)
    0x08006b50   0x0000006e   Code   RO         4754    i.pageToBufferTransfer  spi_flash.o
    0x08006bbe   0x0000006e   Code   RO         4755    i.pageWithBufferCompare  spi_flash.o
    0x08006c2c   0x000000d4   Code   RO         4552    i.readFileFunction  led_file.o
    0x08006d00   0x00000052   Code   RO         4756    i.readTwoPages      spi_flash.o
    0x08006d52   0x00000002   PAD
    0x08006d54   0x0000005c   Code   RO         4441    i.setChannelPWM_Value  led_hardware_driver.o
    0x08006db0   0x0000002e   Code   RO         4601    i.setHardwarePWM_Value  led_channel_manager.o
    0x08006dde   0x00000002   PAD
    0x08006de0   0x00000028   Code   RO         4691    i.setLedFile        global_device_manager.o
    0x08006e08   0x00000062   Code   RO         4757    i.setPageSize       spi_flash.o
    0x08006e6a   0x00000002   PAD
    0x08006e6c   0x00000014   Code   RO         4480    i.setStatusLedOn    status_led.o
    0x08006e80   0x0000003c   Code   RO         4692    i.startAll          global_device_manager.o
    0x08006ebc   0x00000014   Code   RO         4758    i.waitOfFlashReady  spi_flash.o
    0x08006ed0   0x0000006e   Code   RO         4759    i.writePageWithErasing  spi_flash.o
    0x08006f3e   0x0000006e   Code   RO         4760    i.writePageWithoutErasing  spi_flash.o
    0x08006fac   0x00000146   Code   RO         4761    i.writeTwoPagesWithoutUnnecessaryErasing  spi_flash.o
    0x080070f2   0x00000018   Data   RO         4025    .constdata          system_stm32f1xx.o
    0x0800710a   0x00000002   PAD
    0x0800710c   0x0000002c   Data   RO         4553    .constdata          led_file.o
    0x08007138   0x00000020   Data   RO         5428    Region$$Table       anon$$obj.o


    Execution Region RW_IRAM1 (Base: 0x20000000, Size: 0x00001fa8, Max: 0x00005000, ABSOLUTE, COMPRESSED[0x000000d4])

    Base Addr    Size         Type   Attr      Idx    E Section Name        Object

    0x20000000   0x00000018   Data   RW          245    .data               user_diskio.o
    0x20000018   0x00000005   Data   RW          307    .data               fatfs.o
    0x2000001d   0x00000003   PAD
    0x20000020   0x0000004e   Data   RW          611    .data               usbd_desc.o
    0x2000006e   0x00000002   PAD
    0x20000070   0x00000038   Data   RW          694    .data               usbd_custom_hid_if.o
    0x200000a8   0x00000009   Data   RW         1405    .data               stm32f1xx_hal.o
    0x200000b1   0x00000003   PAD
    0x200000b4   0x00000004   Data   RW         4026    .data               system_stm32f1xx.o
    0x200000b8   0x00000001   Data   RW         4212    .data               usbd_ctlreq.o
    0x200000b9   0x00000003   PAD
    0x200000bc   0x000000d2   Data   RW         4365    .data               usbd_customhid.o
    0x2000018e   0x00000002   PAD
    0x20000190   0x00000004   Data   RW         4695    .data               global_device_manager.o
    0x20000194   0x00000004   Data   RW         5421    .data               mc_w.l(mvars.o)
    0x20000198   0x00000004   Data   RW         5422    .data               mc_w.l(mvars.o)
    0x2000019c   0x00000170   Zero   RW           22    .bss                main.o
    0x2000030c   0x00000018   Zero   RW          244    .bss                user_diskio.o
    0x20000324   0x000002c4   Zero   RW          342    .bss                usb_device.o
    0x200005e8   0x00000308   Zero   RW          421    .bss                usbd_conf.o
    0x200008f0   0x00000200   Zero   RW          610    .bss                usbd_desc.o
    0x20000af0   0x000000a8   Zero   RW         4693    .bss                global_device_manager.o
    0x20000b98   0x0000000c   Zero   RW         5284    .bss                ff_gen_drv.o
    0x20000ba4   0x00000004   PAD
    0x20000ba8   0x00001000   Zero   RW            2    HEAP                startup_stm32f103xb.o
    0x20001ba8   0x00000400   Zero   RW            1    STACK               startup_stm32f103xb.o


==============================================================================

Image component sizes


      Code (inc. data)   RO Data    RW Data    ZI Data      Debug   Object Name

        28         12          0          5          0       1046   fatfs.o
       102          6          0          0         12       1643   ff_gen_drv.o
       264         40          0          4        168       3442   global_device_manager.o
       238         16          0          0          0       3368   led_channel_manager.o
       480         22         44          0          0       4175   led_file.o
       436         78          0          0          0       2072   led_hardware_driver.o
      1240         78          0          0        368     461113   main.o
      2154          0          0          0          0      18395   spi_flash.o
        36          8        236          0       5120        808   startup_stm32f103xb.o
        20          6          0          0          0        481   status_led.o
       192         36          0          9          0       5929   stm32f1xx_hal.o
       304         22          0          0          0      29459   stm32f1xx_hal_cortex.o
       812         34          0          0          0       2692   stm32f1xx_hal_gpio.o
       720         76          0          0          0       3724   stm32f1xx_hal_msp.o
      3832          0          0          0          0      13089   stm32f1xx_hal_pcd.o
        68          0          0          0          0       1190   stm32f1xx_hal_pcd_ex.o
      1788        114          0          0          0       6052   stm32f1xx_hal_rcc.o
       304         14          0          0          0       1408   stm32f1xx_hal_rcc_ex.o
      1000          6          0          0          0       4485   stm32f1xx_hal_spi.o
      2538         64          0          0          0      19004   stm32f1xx_hal_tim.o
       252         14          0          0          0       3221   stm32f1xx_hal_tim_ex.o
       366          4          0          0          0       1744   stm32f1xx_hal_uart.o
        92         16          0          0          0       5846   stm32f1xx_it.o
      4858          0          0          0          0      19063   stm32f1xx_ll_usb.o
        88         18         24          4          0       1175   system_stm32f1xx.o
        92         22          0          0        708       2214   usb_device.o
       808         30          0          0        776      13717   usbd_conf.o
       850          0          0          0          0      10019   usbd_core.o
      2106         28          0          1          0      10768   usbd_ctlreq.o
        14          0          0         56          0       2060   usbd_custom_hid_if.o
       690         38          0        210          0      10070   usbd_customhid.o
       382        118          0         78        512       6389   usbd_desc.o
       174          0          0          0          0       4576   usbd_ioreq.o
       272         36          0         24         24       5074   user_diskio.o

    ----------------------------------------------------------------------
     27642        956        338        404       7692     679511   Object Totals
         0          0         32          0          0          0   (incl. Generated)
        42          0          2         13          4          0   (incl. Padding)

    ----------------------------------------------------------------------

      Code (inc. data)   RO Data    RW Data    ZI Data      Debug   Library Member Name

        86          0          0          0          0          0   __dczerorl2.o
         0          0          0          0          0          0   entry.o
         0          0          0          0          0          0   entry10a.o
         0          0          0          0          0          0   entry11a.o
         8          4          0          0          0          0   entry2.o
         4          0          0          0          0          0   entry5.o
         0          0          0          0          0          0   entry7b.o
         0          0          0          0          0          0   entry8b.o
         8          4          0          0          0          0   entry9a.o
        30          0          0          0          0          0   handlers.o
        36          8          0          0          0         68   init.o
         0          0          0          0          0          0   iusefp.o
       188         20          0          0          0        160   malloc.o
        36          0          0          0          0         68   memcpya.o
        36          0          0          0          0        108   memseta.o
         0          0          0          8          0          0   mvars.o
        20          0          0          0          0         68   cfcmple.o
        20          0          0          0          0         68   cfrcmple.o
       176          0          0          0          0        140   fadd.o
       124          0          0          0          0         88   fdiv.o
       110          0          0          0          0        168   fepilogue.o
        40          0          0          0          0         68   ffixui.o
        10          0          0          0          0         68   ffltui.o
       100          0          0          0          0         76   fmul.o

    ----------------------------------------------------------------------
      1036         36          0          8          0       1148   Library Totals
         4          0          0          0          0          0   (incl. Padding)

    ----------------------------------------------------------------------

      Code (inc. data)   RO Data    RW Data    ZI Data      Debug   Library Name

       432         36          0          8          0        404   mc_w.l
       600          0          0          0          0        744   mf_w.l

    ----------------------------------------------------------------------
      1036         36          0          8          0       1148   Library Totals

    ----------------------------------------------------------------------

==============================================================================


      Code (inc. data)   RO Data    RW Data    ZI Data      Debug   

     28678        992        338        412       7692     667839   Grand Totals
     28678        992        338        212       7692     667839   ELF Image Totals (compressed)
     28678        992        338        212          0          0   ROM Totals

==============================================================================

    Total RO  Size (Code + RO Data)                29016 (  28.34kB)
    Total RW  Size (RW Data + ZI Data)              8104 (   7.91kB)
    Total ROM Size (Code + RO Data + RW Data)      29228 (  28.54kB)

==============================================================================

